[0618/153846.017:INFO:CONSOLE:119] "框架和 SDK 输出的日志默认不展示，可在框架配置文件中设置开启，详见 https://doc.weixin.qq.com/doc/w3_AWkASAb9APAr8IdJI5VS0OyqetUE6?scode=ANAAyQcbAAgB8qKjm9AWkASAb9APA", source: https://fe-static.xhscdn.com/formula-static/ugc/public/resource/js/8103.ec1b381a.js (119)
[0618/153846.088:INFO:CONSOLE:3] "Error", source:  (3)
[0618/153849.784:INFO:CONSOLE:119] "[apm] anti_spam_ds_fail", source: https://fe-static.xhscdn.com/formula-static/ugc/public/resource/js/8103.ec1b381a.js (119)
[0618/153849.784:INFO:CONSOLE:119] "console.groupEnd", source: https://fe-static.xhscdn.com/formula-static/ugc/public/resource/js/8103.ec1b381a.js (119)
[0618/153849.784:INFO:CONSOLE:119] "[apm] webmns_error", source: https://fe-static.xhscdn.com/formula-static/ugc/public/resource/js/8103.ec1b381a.js (119)
[0618/153849.784:INFO:CONSOLE:119] "console.groupEnd", source: https://fe-static.xhscdn.com/formula-static/ugc/public/resource/js/8103.ec1b381a.js (119)
[0618/153849.784:INFO:CONSOLE:119] "[apm] infraBrowserResourceTiming", source: https://fe-static.xhscdn.com/formula-static/ugc/public/resource/js/8103.ec1b381a.js (119)
[0618/153849.784:INFO:CONSOLE:119] "console.groupEnd", source: https://fe-static.xhscdn.com/formula-static/ugc/public/resource/js/8103.ec1b381a.js (119)
[0618/153849.784:INFO:CONSOLE:119] "[apm] infraBrowserResourceTiming", source: https://fe-static.xhscdn.com/formula-static/ugc/public/resource/js/8103.ec1b381a.js (119)
[0618/153849.784:INFO:CONSOLE:119] "console.groupEnd", source: https://fe-static.xhscdn.com/formula-static/ugc/public/resource/js/8103.ec1b381a.js (119)
[0618/153849.784:INFO:CONSOLE:119] "[apm] infraBrowserResourceTiming", source: https://fe-static.xhscdn.com/formula-static/ugc/public/resource/js/8103.ec1b381a.js (119)
[0618/153849.784:INFO:CONSOLE:119] "console.groupEnd", source: https://fe-static.xhscdn.com/formula-static/ugc/public/resource/js/8103.ec1b381a.js (119)
[0618/153849.784:INFO:CONSOLE:119] "[apm] infraBrowserResourceTiming", source: https://fe-static.xhscdn.com/formula-static/ugc/public/resource/js/8103.ec1b381a.js (119)
[0618/153849.784:INFO:CONSOLE:119] "console.groupEnd", source: https://fe-static.xhscdn.com/formula-static/ugc/public/resource/js/8103.ec1b381a.js (119)
[0618/153849.784:INFO:CONSOLE:119] "[apm] infraBrowserResourceTiming", source: https://fe-static.xhscdn.com/formula-static/ugc/public/resource/js/8103.ec1b381a.js (119)
[0618/153849.784:INFO:CONSOLE:119] "console.groupEnd", source: https://fe-static.xhscdn.com/formula-static/ugc/public/resource/js/8103.ec1b381a.js (119)
[0618/153849.784:INFO:CONSOLE:119] "[apm] infraBrowserResourceTiming", source: https://fe-static.xhscdn.com/formula-static/ugc/public/resource/js/8103.ec1b381a.js (119)
[0618/153849.784:INFO:CONSOLE:119] "console.groupEnd", source: https://fe-static.xhscdn.com/formula-static/ugc/public/resource/js/8103.ec1b381a.js (119)
[0618/153849.784:INFO:CONSOLE:119] "[apm] infraBrowserResourceTiming", source: https://fe-static.xhscdn.com/formula-static/ugc/public/resource/js/8103.ec1b381a.js (119)
[0618/153849.784:INFO:CONSOLE:119] "console.groupEnd", source: https://fe-static.xhscdn.com/formula-static/ugc/public/resource/js/8103.ec1b381a.js (119)
[0618/153849.784:INFO:CONSOLE:119] "[apm] infraBrowserResourceTiming", source: https://fe-static.xhscdn.com/formula-static/ugc/public/resource/js/8103.ec1b381a.js (119)
[0618/153849.784:INFO:CONSOLE:119] "console.groupEnd", source: https://fe-static.xhscdn.com/formula-static/ugc/public/resource/js/8103.ec1b381a.js (119)
[0618/153849.815:INFO:CONSOLE:119] "[apm] infraBrowserResourceTiming", source: https://fe-static.xhscdn.com/formula-static/ugc/public/resource/js/8103.ec1b381a.js (119)
[0618/153849.815:INFO:CONSOLE:119] "console.groupEnd", source: https://fe-static.xhscdn.com/formula-static/ugc/public/resource/js/8103.ec1b381a.js (119)
[0618/153849.815:INFO:CONSOLE:119] "[apm] infraBrowserResourceTiming", source: https://fe-static.xhscdn.com/formula-static/ugc/public/resource/js/8103.ec1b381a.js (119)
[0618/153849.815:INFO:CONSOLE:119] "console.groupEnd", source: https://fe-static.xhscdn.com/formula-static/ugc/public/resource/js/8103.ec1b381a.js (119)
[0618/153849.815:INFO:CONSOLE:119] "[apm] infraBrowserResourceTiming", source: https://fe-static.xhscdn.com/formula-static/ugc/public/resource/js/8103.ec1b381a.js (119)
[0618/153849.816:INFO:CONSOLE:119] "console.groupEnd", source: https://fe-static.xhscdn.com/formula-static/ugc/public/resource/js/8103.ec1b381a.js (119)
[0618/153849.816:INFO:CONSOLE:119] "[apm] infraBrowserResourceTiming", source: https://fe-static.xhscdn.com/formula-static/ugc/public/resource/js/8103.ec1b381a.js (119)
[0618/153849.816:INFO:CONSOLE:119] "console.groupEnd", source: https://fe-static.xhscdn.com/formula-static/ugc/public/resource/js/8103.ec1b381a.js (119)
[0618/153849.816:INFO:CONSOLE:119] "[apm] infraBrowserResourceTiming", source: https://fe-static.xhscdn.com/formula-static/ugc/public/resource/js/8103.ec1b381a.js (119)
[0618/153849.816:INFO:CONSOLE:119] "console.groupEnd", source: https://fe-static.xhscdn.com/formula-static/ugc/public/resource/js/8103.ec1b381a.js (119)
[0618/153849.816:INFO:CONSOLE:119] "[apm] infraBrowserResourceTiming", source: https://fe-static.xhscdn.com/formula-static/ugc/public/resource/js/8103.ec1b381a.js (119)
[0618/153849.816:INFO:CONSOLE:119] "console.groupEnd", source: https://fe-static.xhscdn.com/formula-static/ugc/public/resource/js/8103.ec1b381a.js (119)
[0618/153849.816:INFO:CONSOLE:119] "[apm] infraBrowserResourceTiming", source: https://fe-static.xhscdn.com/formula-static/ugc/public/resource/js/8103.ec1b381a.js (119)
[0618/153849.816:INFO:CONSOLE:119] "console.groupEnd", source: https://fe-static.xhscdn.com/formula-static/ugc/public/resource/js/8103.ec1b381a.js (119)
[0618/153849.816:INFO:CONSOLE:119] "[apm] infraBrowserResourceTiming", source: https://fe-static.xhscdn.com/formula-static/ugc/public/resource/js/8103.ec1b381a.js (119)
[0618/153849.816:INFO:CONSOLE:119] "console.groupEnd", source: https://fe-static.xhscdn.com/formula-static/ugc/public/resource/js/8103.ec1b381a.js (119)
[0618/153849.816:INFO:CONSOLE:119] "[apm] infraBrowserResourceTiming", source: https://fe-static.xhscdn.com/formula-static/ugc/public/resource/js/8103.ec1b381a.js (119)
[0618/153849.816:INFO:CONSOLE:119] "console.groupEnd", source: https://fe-static.xhscdn.com/formula-static/ugc/public/resource/js/8103.ec1b381a.js (119)
[0618/153849.816:INFO:CONSOLE:119] "[apm] infraBrowserResourceTiming", source: https://fe-static.xhscdn.com/formula-static/ugc/public/resource/js/8103.ec1b381a.js (119)
[0618/153849.816:INFO:CONSOLE:119] "console.groupEnd", source: https://fe-static.xhscdn.com/formula-static/ugc/public/resource/js/8103.ec1b381a.js (119)
[0618/153849.816:INFO:CONSOLE:119] "[apm] infraBrowserResourceTiming", source: https://fe-static.xhscdn.com/formula-static/ugc/public/resource/js/8103.ec1b381a.js (119)
[0618/153849.816:INFO:CONSOLE:119] "console.groupEnd", source: https://fe-static.xhscdn.com/formula-static/ugc/public/resource/js/8103.ec1b381a.js (119)
[0618/153849.816:INFO:CONSOLE:119] "[apm] infraBrowserResourceTiming", source: https://fe-static.xhscdn.com/formula-static/ugc/public/resource/js/8103.ec1b381a.js (119)
[0618/153849.816:INFO:CONSOLE:119] "console.groupEnd", source: https://fe-static.xhscdn.com/formula-static/ugc/public/resource/js/8103.ec1b381a.js (119)
[0618/153849.816:INFO:CONSOLE:119] "[apm] infraBrowserResourceTiming", source: https://fe-static.xhscdn.com/formula-static/ugc/public/resource/js/8103.ec1b381a.js (119)
[0618/153849.816:INFO:CONSOLE:119] "console.groupEnd", source: https://fe-static.xhscdn.com/formula-static/ugc/public/resource/js/8103.ec1b381a.js (119)
[0618/153849.816:INFO:CONSOLE:119] "[apm] infraBrowserResourceTiming", source: https://fe-static.xhscdn.com/formula-static/ugc/public/resource/js/8103.ec1b381a.js (119)
[0618/153849.816:INFO:CONSOLE:119] "console.groupEnd", source: https://fe-static.xhscdn.com/formula-static/ugc/public/resource/js/8103.ec1b381a.js (119)
[0618/153849.816:INFO:CONSOLE:119] "[apm] infraBrowserResourceTiming", source: https://fe-static.xhscdn.com/formula-static/ugc/public/resource/js/8103.ec1b381a.js (119)
[0618/153849.816:INFO:CONSOLE:119] "console.groupEnd", source: https://fe-static.xhscdn.com/formula-static/ugc/public/resource/js/8103.ec1b381a.js (119)
[0618/153849.816:INFO:CONSOLE:119] "[apm] infraBrowserResourceTiming", source: https://fe-static.xhscdn.com/formula-static/ugc/public/resource/js/8103.ec1b381a.js (119)
[0618/153849.816:INFO:CONSOLE:119] "console.groupEnd", source: https://fe-static.xhscdn.com/formula-static/ugc/public/resource/js/8103.ec1b381a.js (119)
[0618/153849.816:INFO:CONSOLE:119] "[apm] infraBrowserResourceTiming", source: https://fe-static.xhscdn.com/formula-static/ugc/public/resource/js/8103.ec1b381a.js (119)
[0618/153849.816:INFO:CONSOLE:119] "console.groupEnd", source: https://fe-static.xhscdn.com/formula-static/ugc/public/resource/js/8103.ec1b381a.js (119)
[0618/153849.816:INFO:CONSOLE:119] "[apm] infraBrowserResourceTiming", source: https://fe-static.xhscdn.com/formula-static/ugc/public/resource/js/8103.ec1b381a.js (119)
[0618/153849.816:INFO:CONSOLE:119] "console.groupEnd", source: https://fe-static.xhscdn.com/formula-static/ugc/public/resource/js/8103.ec1b381a.js (119)
[0618/153849.816:INFO:CONSOLE:119] "[apm] infraBrowserResourceTiming", source: https://fe-static.xhscdn.com/formula-static/ugc/public/resource/js/8103.ec1b381a.js (119)
[0618/153849.816:INFO:CONSOLE:119] "console.groupEnd", source: https://fe-static.xhscdn.com/formula-static/ugc/public/resource/js/8103.ec1b381a.js (119)
[0618/153849.816:INFO:CONSOLE:119] "[apm] infraBrowserResourceTiming", source: https://fe-static.xhscdn.com/formula-static/ugc/public/resource/js/8103.ec1b381a.js (119)
[0618/153849.816:INFO:CONSOLE:119] "console.groupEnd", source: https://fe-static.xhscdn.com/formula-static/ugc/public/resource/js/8103.ec1b381a.js (119)
[0618/153849.816:INFO:CONSOLE:119] "[apm] infraBrowserResourceTiming", source: https://fe-static.xhscdn.com/formula-static/ugc/public/resource/js/8103.ec1b381a.js (119)
[0618/153849.816:INFO:CONSOLE:119] "console.groupEnd", source: https://fe-static.xhscdn.com/formula-static/ugc/public/resource/js/8103.ec1b381a.js (119)
[0618/153849.816:INFO:CONSOLE:119] "[apm] infraBrowserResourceTiming", source: https://fe-static.xhscdn.com/formula-static/ugc/public/resource/js/8103.ec1b381a.js (119)
[0618/153849.816:INFO:CONSOLE:119] "console.groupEnd", source: https://fe-static.xhscdn.com/formula-static/ugc/public/resource/js/8103.ec1b381a.js (119)
[0618/153849.816:INFO:CONSOLE:119] "[apm] infraBrowserResourceTiming", source: https://fe-static.xhscdn.com/formula-static/ugc/public/resource/js/8103.ec1b381a.js (119)
[0618/153849.816:INFO:CONSOLE:119] "console.groupEnd", source: https://fe-static.xhscdn.com/formula-static/ugc/public/resource/js/8103.ec1b381a.js (119)
[0618/153849.816:INFO:CONSOLE:119] "[apm] infraBrowserResourceTiming", source: https://fe-static.xhscdn.com/formula-static/ugc/public/resource/js/8103.ec1b381a.js (119)
[0618/153849.816:INFO:CONSOLE:119] "console.groupEnd", source: https://fe-static.xhscdn.com/formula-static/ugc/public/resource/js/8103.ec1b381a.js (119)
[0618/153849.816:INFO:CONSOLE:119] "[apm] infraBrowserResourceTiming", source: https://fe-static.xhscdn.com/formula-static/ugc/public/resource/js/8103.ec1b381a.js (119)
[0618/153849.816:INFO:CONSOLE:119] "console.groupEnd", source: https://fe-static.xhscdn.com/formula-static/ugc/public/resource/js/8103.ec1b381a.js (119)
[0618/153849.889:INFO:CONSOLE:3] "Error", source:  (3)
[0618/153849.931:INFO:CONSOLE:3] "Error", source:  (3)
[0618/153849.940:INFO:CONSOLE:119] "[apm] infraBrowserResourceTiming", source: https://fe-static.xhscdn.com/formula-static/ugc/public/resource/js/8103.ec1b381a.js (119)
[0618/153849.940:INFO:CONSOLE:119] "console.groupEnd", source: https://fe-static.xhscdn.com/formula-static/ugc/public/resource/js/8103.ec1b381a.js (119)
[0618/153849.940:INFO:CONSOLE:119] "[apm] infraBrowserResourceTiming", source: https://fe-static.xhscdn.com/formula-static/ugc/public/resource/js/8103.ec1b381a.js (119)
[0618/153849.940:INFO:CONSOLE:119] "console.groupEnd", source: https://fe-static.xhscdn.com/formula-static/ugc/public/resource/js/8103.ec1b381a.js (119)
[0618/153849.940:INFO:CONSOLE:119] "[apm] infraBrowserResourceTiming", source: https://fe-static.xhscdn.com/formula-static/ugc/public/resource/js/8103.ec1b381a.js (119)
[0618/153849.940:INFO:CONSOLE:119] "console.groupEnd", source: https://fe-static.xhscdn.com/formula-static/ugc/public/resource/js/8103.ec1b381a.js (119)
[0618/153849.940:INFO:CONSOLE:119] "[apm] infraBrowserResourceTiming", source: https://fe-static.xhscdn.com/formula-static/ugc/public/resource/js/8103.ec1b381a.js (119)
[0618/153849.940:INFO:CONSOLE:119] "console.groupEnd", source: https://fe-static.xhscdn.com/formula-static/ugc/public/resource/js/8103.ec1b381a.js (119)
[0618/153849.940:INFO:CONSOLE:119] "[apm] infraBrowserResourceTiming", source: https://fe-static.xhscdn.com/formula-static/ugc/public/resource/js/8103.ec1b381a.js (119)
[0618/153849.940:INFO:CONSOLE:119] "console.groupEnd", source: https://fe-static.xhscdn.com/formula-static/ugc/public/resource/js/8103.ec1b381a.js (119)
[0618/153850.015:INFO:CONSOLE:119] "[apm] infraBrowserResourceTiming", source: https://fe-static.xhscdn.com/formula-static/ugc/public/resource/js/8103.ec1b381a.js (119)
[0618/153850.015:INFO:CONSOLE:119] "console.groupEnd", source: https://fe-static.xhscdn.com/formula-static/ugc/public/resource/js/8103.ec1b381a.js (119)
[0618/153850.015:INFO:CONSOLE:119] "[apm] httpRequestTiming", source: https://fe-static.xhscdn.com/formula-static/ugc/public/resource/js/8103.ec1b381a.js (119)
[0618/153850.015:INFO:CONSOLE:119] "console.groupEnd", source: https://fe-static.xhscdn.com/formula-static/ugc/public/resource/js/8103.ec1b381a.js (119)
[0618/153850.015:INFO:CONSOLE:119] "[apm] infra_sec_web_api_walify", source: https://fe-static.xhscdn.com/formula-static/ugc/public/resource/js/8103.ec1b381a.js (119)
[0618/153850.015:INFO:CONSOLE:119] "console.groupEnd", source: https://fe-static.xhscdn.com/formula-static/ugc/public/resource/js/8103.ec1b381a.js (119)
[0618/153850.015:INFO:CONSOLE:119] "[apm] infra_sec_web_api_walify", source: https://fe-static.xhscdn.com/formula-static/ugc/public/resource/js/8103.ec1b381a.js (119)
[0618/153850.015:INFO:CONSOLE:119] "console.groupEnd", source: https://fe-static.xhscdn.com/formula-static/ugc/public/resource/js/8103.ec1b381a.js (119)
[0618/153850.015:INFO:CONSOLE:119] "[apm] httpRequestTiming", source: https://fe-static.xhscdn.com/formula-static/ugc/public/resource/js/8103.ec1b381a.js (119)
[0618/153850.015:INFO:CONSOLE:119] "console.groupEnd", source: https://fe-static.xhscdn.com/formula-static/ugc/public/resource/js/8103.ec1b381a.js (119)
[0618/153850.217:INFO:CONSOLE:3] "Error", source:  (3)
[0618/153850.417:INFO:CONSOLE:119] "[apm] httpRequestTiming", source: https://fe-static.xhscdn.com/formula-static/ugc/public/resource/js/8103.ec1b381a.js (119)
[0618/153850.417:INFO:CONSOLE:119] "console.groupEnd", source: https://fe-static.xhscdn.com/formula-static/ugc/public/resource/js/8103.ec1b381a.js (119)
[0618/153850.417:INFO:CONSOLE:119] "[apm] httpRequestTiming", source: https://fe-static.xhscdn.com/formula-static/ugc/public/resource/js/8103.ec1b381a.js (119)
[0618/153850.417:INFO:CONSOLE:119] "console.groupEnd", source: https://fe-static.xhscdn.com/formula-static/ugc/public/resource/js/8103.ec1b381a.js (119)
[0618/153850.417:INFO:CONSOLE:119] "[apm] infra_sec_web_api_walify", source: https://fe-static.xhscdn.com/formula-static/ugc/public/resource/js/8103.ec1b381a.js (119)
[0618/153850.417:INFO:CONSOLE:119] "console.groupEnd", source: https://fe-static.xhscdn.com/formula-static/ugc/public/resource/js/8103.ec1b381a.js (119)
[0618/153850.417:INFO:CONSOLE:119] "[apm] httpRequestTiming", source: https://fe-static.xhscdn.com/formula-static/ugc/public/resource/js/8103.ec1b381a.js (119)
[0618/153850.417:INFO:CONSOLE:119] "console.groupEnd", source: https://fe-static.xhscdn.com/formula-static/ugc/public/resource/js/8103.ec1b381a.js (119)
[0618/153850.417:INFO:CONSOLE:119] "[apm] infra_sec_web_api_walify", source: https://fe-static.xhscdn.com/formula-static/ugc/public/resource/js/8103.ec1b381a.js (119)
[0618/153850.417:INFO:CONSOLE:119] "console.groupEnd", source: https://fe-static.xhscdn.com/formula-static/ugc/public/resource/js/8103.ec1b381a.js (119)
[0618/153851.313:INFO:CONSOLE:3] "Error", source:  (3)
[0618/153851.322:INFO:CONSOLE:3] "Error", source:  (3)
[0618/153851.345:INFO:CONSOLE:3] "Error", source:  (3)
[0618/153851.362:INFO:CONSOLE:3] "Error", source:  (3)
[0618/153851.371:INFO:CONSOLE:3] "Error", source:  (3)
[0618/153851.395:INFO:CONSOLE:3] "Error", source:  (3)
[0618/153851.402:INFO:CONSOLE:3] "Error", source:  (3)
[0618/153851.607:INFO:CONSOLE:1] "Fetch API cannot load chrome-extension://dhjaibcmgocbpegmejfphjhhpaphmkpp/is.js. URL scheme "chrome-extension" is not supported.", source: https://fe-static.xhscdn.com/formula-static/ugc/public/resource/js/async/9936.c458759f.js (1)
[0618/153851.609:INFO:CONSOLE:1] "Fetch API cannot load chrome-extension://beeaddblkeeialcohiolkkoiifhgjooj/manifest.json. URL scheme "chrome-extension" is not supported.", source: https://fe-static.xhscdn.com/formula-static/ugc/public/resource/js/async/9936.c458759f.js (1)
[0618/153851.609:INFO:CONSOLE:1] "Fetch API cannot load chrome-extension://ddgooekaaihgnbfbgalfiooiicdnmnia/js/js-index.ts.js. URL scheme "chrome-extension" is not supported.", source: https://fe-static.xhscdn.com/formula-static/ugc/public/resource/js/async/9936.c458759f.js (1)
[0618/153851.609:INFO:CONSOLE:1] "Fetch API cannot load chrome-extension://keeelahekhhgkpaipdodgjnmgkfcdpde/inject.6070000c.js. URL scheme "chrome-extension" is not supported.", source: https://fe-static.xhscdn.com/formula-static/ugc/public/resource/js/async/9936.c458759f.js (1)
[0618/153851.609:INFO:CONSOLE:1] "Fetch API cannot load chrome-extension://dbichmdlbjdeplpkhcejgkakobjbjalc/content-scripts/xiaohongshu.css. URL scheme "chrome-extension" is not supported.", source: https://fe-static.xhscdn.com/formula-static/ugc/public/resource/js/async/9936.c458759f.js (1)
[0618/153851.609:INFO:CONSOLE:1] "Fetch API cannot load chrome-extension://piejlhcmefdepbgalcongckfomfobokb/worker.js. URL scheme "chrome-extension" is not supported.", source: https://fe-static.xhscdn.com/formula-static/ugc/public/resource/js/async/9936.c458759f.js (1)
[0618/153851.609:INFO:CONSOLE:1] "Fetch API cannot load chrome-extension://lenndnnbdichpjlfmfadcjpaenmiflan/inject.bundle.js. URL scheme "chrome-extension" is not supported.", source: https://fe-static.xhscdn.com/formula-static/ugc/public/resource/js/async/9936.c458759f.js (1)
[0618/153851.609:INFO:CONSOLE:1] "Fetch API cannot load chrome-extension://hmeohemhimcjlegdjloglnkfablbneif/inject.bundle.js. URL scheme "chrome-extension" is not supported.", source: https://fe-static.xhscdn.com/formula-static/ugc/public/resource/js/async/9936.c458759f.js (1)
[0618/153852.170:INFO:CONSOLE:0] "Mixed Content: The page at 'https://creator.xiaohongshu.com/new/home' was loaded over HTTPS, but requested an insecure element 'http://ci.xiaohongshu.com/spectrum/1040g0k031hgh4s8g38005n251e51f4uojrj2d3o?imageView2/2/w/1080/format/jpg'. This request was automatically upgraded to HTTPS, For more information see https://blog.chromium.org/2019/10/no-more-mixed-messages-about-https.html", source: https://creator.xiaohongshu.com/new/home (0)
[0618/153852.170:INFO:CONSOLE:0] "Mixed Content: The page at 'https://creator.xiaohongshu.com/new/home' was loaded over HTTPS, but requested an insecure element 'http://ci.xiaohongshu.com/spectrum/1040g34o31hhr9ouvk22g5n251e51f4uoq88kbh8?imageView2/2/w/1080/format/jpg'. This request was automatically upgraded to HTTPS, For more information see https://blog.chromium.org/2019/10/no-more-mixed-messages-about-https.html", source: https://creator.xiaohongshu.com/new/home (0)
[0618/153852.170:INFO:CONSOLE:0] "Mixed Content: The page at 'https://creator.xiaohongshu.com/new/home' was loaded over HTTPS, but requested an insecure element 'http://ci.xiaohongshu.com/spectrum/1040g0k031hhfvke238005n251e51f4uont3lh30?imageView2/2/w/1080/format/jpg'. This request was automatically upgraded to HTTPS, For more information see https://blog.chromium.org/2019/10/no-more-mixed-messages-about-https.html", source: https://creator.xiaohongshu.com/new/home (0)
[0618/153852.171:INFO:CONSOLE:0] "Mixed Content: The page at 'https://creator.xiaohongshu.com/new/home' was loaded over HTTPS, but requested an insecure element 'http://ci.xiaohongshu.com/spectrum/1040g0k031e5io2s4h2005n251e51f4uov9jiue8?imageView2/2/w/1080/format/jpg'. This request was automatically upgraded to HTTPS, For more information see https://blog.chromium.org/2019/10/no-more-mixed-messages-about-https.html", source: https://creator.xiaohongshu.com/new/home (0)
[0618/153852.619:INFO:CONSOLE:119] "[apm] infra_sec_web_api_walify", source: https://fe-static.xhscdn.com/formula-static/ugc/public/resource/js/8103.ec1b381a.js (119)
[0618/153852.619:INFO:CONSOLE:119] "console.groupEnd", source: https://fe-static.xhscdn.com/formula-static/ugc/public/resource/js/8103.ec1b381a.js (119)
[0618/153852.619:INFO:CONSOLE:119] "[apm] httpRequestTiming", source: https://fe-static.xhscdn.com/formula-static/ugc/public/resource/js/8103.ec1b381a.js (119)
[0618/153852.619:INFO:CONSOLE:119] "console.groupEnd", source: https://fe-static.xhscdn.com/formula-static/ugc/public/resource/js/8103.ec1b381a.js (119)
[0618/153852.619:INFO:CONSOLE:119] "[apm] httpRequestTiming", source: https://fe-static.xhscdn.com/formula-static/ugc/public/resource/js/8103.ec1b381a.js (119)
[0618/153852.619:INFO:CONSOLE:119] "console.groupEnd", source: https://fe-static.xhscdn.com/formula-static/ugc/public/resource/js/8103.ec1b381a.js (119)
[0618/153852.619:INFO:CONSOLE:119] "[apm] sns_web_publish_sw", source: https://fe-static.xhscdn.com/formula-static/ugc/public/resource/js/8103.ec1b381a.js (119)
[0618/153852.619:INFO:CONSOLE:119] "console.groupEnd", source: https://fe-static.xhscdn.com/formula-static/ugc/public/resource/js/8103.ec1b381a.js (119)
[0618/153852.619:INFO:CONSOLE:119] "[apm] httpRequestTiming", source: https://fe-static.xhscdn.com/formula-static/ugc/public/resource/js/8103.ec1b381a.js (119)
[0618/153852.619:INFO:CONSOLE:119] "console.groupEnd", source: https://fe-static.xhscdn.com/formula-static/ugc/public/resource/js/8103.ec1b381a.js (119)
[0618/153852.930:INFO:CONSOLE:119] "[apm] httpRequestTiming", source: https://fe-static.xhscdn.com/formula-static/ugc/public/resource/js/8103.ec1b381a.js (119)
[0618/153852.930:INFO:CONSOLE:119] "console.groupEnd", source: https://fe-static.xhscdn.com/formula-static/ugc/public/resource/js/8103.ec1b381a.js (119)
[0618/153852.930:INFO:CONSOLE:119] "[apm] httpRequestTiming", source: https://fe-static.xhscdn.com/formula-static/ugc/public/resource/js/8103.ec1b381a.js (119)
[0618/153852.930:INFO:CONSOLE:119] "console.groupEnd", source: https://fe-static.xhscdn.com/formula-static/ugc/public/resource/js/8103.ec1b381a.js (119)
[0618/153852.930:INFO:CONSOLE:119] "[apm] httpRequestTiming", source: https://fe-static.xhscdn.com/formula-static/ugc/public/resource/js/8103.ec1b381a.js (119)
[0618/153852.930:INFO:CONSOLE:119] "console.groupEnd", source: https://fe-static.xhscdn.com/formula-static/ugc/public/resource/js/8103.ec1b381a.js (119)
[0618/153852.930:INFO:CONSOLE:119] "[apm] httpRequestTiming", source: https://fe-static.xhscdn.com/formula-static/ugc/public/resource/js/8103.ec1b381a.js (119)
[0618/153852.930:INFO:CONSOLE:119] "console.groupEnd", source: https://fe-static.xhscdn.com/formula-static/ugc/public/resource/js/8103.ec1b381a.js (119)
[0618/153852.930:INFO:CONSOLE:119] "[apm] httpRequestTiming", source: https://fe-static.xhscdn.com/formula-static/ugc/public/resource/js/8103.ec1b381a.js (119)
[0618/153852.930:INFO:CONSOLE:119] "console.groupEnd", source: https://fe-static.xhscdn.com/formula-static/ugc/public/resource/js/8103.ec1b381a.js (119)
[0618/153853.415:INFO:CONSOLE:119] "[apm] httpRequestTiming", source: https://fe-static.xhscdn.com/formula-static/ugc/public/resource/js/8103.ec1b381a.js (119)
[0618/153853.415:INFO:CONSOLE:119] "console.groupEnd", source: https://fe-static.xhscdn.com/formula-static/ugc/public/resource/js/8103.ec1b381a.js (119)
[0618/153853.415:INFO:CONSOLE:119] "[apm] httpRequestTiming", source: https://fe-static.xhscdn.com/formula-static/ugc/public/resource/js/8103.ec1b381a.js (119)
[0618/153853.415:INFO:CONSOLE:119] "console.groupEnd", source: https://fe-static.xhscdn.com/formula-static/ugc/public/resource/js/8103.ec1b381a.js (119)
[0618/153853.415:INFO:CONSOLE:119] "[apm] httpRequestTiming", source: https://fe-static.xhscdn.com/formula-static/ugc/public/resource/js/8103.ec1b381a.js (119)
[0618/153853.415:INFO:CONSOLE:119] "console.groupEnd", source: https://fe-static.xhscdn.com/formula-static/ugc/public/resource/js/8103.ec1b381a.js (119)
[0618/153853.415:INFO:CONSOLE:119] "[apm] httpRequestTiming", source: https://fe-static.xhscdn.com/formula-static/ugc/public/resource/js/8103.ec1b381a.js (119)
[0618/153853.415:INFO:CONSOLE:119] "console.groupEnd", source: https://fe-static.xhscdn.com/formula-static/ugc/public/resource/js/8103.ec1b381a.js (119)
[0618/153853.415:INFO:CONSOLE:119] "[apm] httpRequestTiming", source: https://fe-static.xhscdn.com/formula-static/ugc/public/resource/js/8103.ec1b381a.js (119)
[0618/153853.415:INFO:CONSOLE:119] "console.groupEnd", source: https://fe-static.xhscdn.com/formula-static/ugc/public/resource/js/8103.ec1b381a.js (119)
[0618/153853.513:INFO:CONSOLE:3] "Error", source:  (3)
[0618/153853.856:INFO:CONSOLE:119] "[apm performance metric] paintTiming", source: https://fe-static.xhscdn.com/formula-static/ugc/public/resource/js/8103.ec1b381a.js (119)
[0618/153853.856:INFO:CONSOLE:119] "console.groupEnd", source: https://fe-static.xhscdn.com/formula-static/ugc/public/resource/js/8103.ec1b381a.js (119)
[0618/153854.920:INFO:CONSOLE:3] "Error", source:  (3)
[0618/153855.013:INFO:CONSOLE:119] "[apm] httpRequestTiming", source: https://fe-static.xhscdn.com/formula-static/ugc/public/resource/js/8103.ec1b381a.js (119)
[0618/153855.013:INFO:CONSOLE:119] "console.groupEnd", source: https://fe-static.xhscdn.com/formula-static/ugc/public/resource/js/8103.ec1b381a.js (119)
[0618/153855.013:INFO:CONSOLE:119] "[apm] sns_web_publish_new_bootstrap", source: https://fe-static.xhscdn.com/formula-static/ugc/public/resource/js/8103.ec1b381a.js (119)
[0618/153855.013:INFO:CONSOLE:119] "console.groupEnd", source: https://fe-static.xhscdn.com/formula-static/ugc/public/resource/js/8103.ec1b381a.js (119)
[0618/153855.013:INFO:CONSOLE:119] "[apm] httpRequestTiming", source: https://fe-static.xhscdn.com/formula-static/ugc/public/resource/js/8103.ec1b381a.js (119)
[0618/153855.013:INFO:CONSOLE:119] "console.groupEnd", source: https://fe-static.xhscdn.com/formula-static/ugc/public/resource/js/8103.ec1b381a.js (119)
[0618/153855.013:INFO:CONSOLE:119] "[apm] httpRequestTiming", source: https://fe-static.xhscdn.com/formula-static/ugc/public/resource/js/8103.ec1b381a.js (119)
[0618/153855.013:INFO:CONSOLE:119] "console.groupEnd", source: https://fe-static.xhscdn.com/formula-static/ugc/public/resource/js/8103.ec1b381a.js (119)
[0618/153855.013:INFO:CONSOLE:119] "[apm] httpRequestTiming", source: https://fe-static.xhscdn.com/formula-static/ugc/public/resource/js/8103.ec1b381a.js (119)
[0618/153855.014:INFO:CONSOLE:119] "console.groupEnd", source: https://fe-static.xhscdn.com/formula-static/ugc/public/resource/js/8103.ec1b381a.js (119)
[0618/153855.343:INFO:CONSOLE:119] "[apm] sns_web_publish_upload_image", source: https://fe-static.xhscdn.com/formula-static/ugc/public/resource/js/8103.ec1b381a.js (119)
[0618/153855.343:INFO:CONSOLE:119] "console.groupEnd", source: https://fe-static.xhscdn.com/formula-static/ugc/public/resource/js/8103.ec1b381a.js (119)
[0618/153855.343:INFO:CONSOLE:119] "[apm] sns_web_publish_upload_image", source: https://fe-static.xhscdn.com/formula-static/ugc/public/resource/js/8103.ec1b381a.js (119)
[0618/153855.343:INFO:CONSOLE:119] "console.groupEnd", source: https://fe-static.xhscdn.com/formula-static/ugc/public/resource/js/8103.ec1b381a.js (119)
[0618/153855.343:INFO:CONSOLE:119] "[apm] sns_web_draft_point", source: https://fe-static.xhscdn.com/formula-static/ugc/public/resource/js/8103.ec1b381a.js (119)
[0618/153855.343:INFO:CONSOLE:119] "console.groupEnd", source: https://fe-static.xhscdn.com/formula-static/ugc/public/resource/js/8103.ec1b381a.js (119)
[0618/153855.343:INFO:CONSOLE:119] "[apm] httpRequestTiming", source: https://fe-static.xhscdn.com/formula-static/ugc/public/resource/js/8103.ec1b381a.js (119)
[0618/153855.343:INFO:CONSOLE:119] "console.groupEnd", source: https://fe-static.xhscdn.com/formula-static/ugc/public/resource/js/8103.ec1b381a.js (119)
[0618/153855.343:INFO:CONSOLE:119] "[apm] sns_web_publish_perf", source: https://fe-static.xhscdn.com/formula-static/ugc/public/resource/js/8103.ec1b381a.js (119)
[0618/153855.343:INFO:CONSOLE:119] "console.groupEnd", source: https://fe-static.xhscdn.com/formula-static/ugc/public/resource/js/8103.ec1b381a.js (119)
[0618/153902.516:INFO:CONSOLE:119] "[apm] httpRequestTiming", source: https://fe-static.xhscdn.com/formula-static/ugc/public/resource/js/8103.ec1b381a.js (119)
[0618/153902.516:INFO:CONSOLE:119] "console.groupEnd", source: https://fe-static.xhscdn.com/formula-static/ugc/public/resource/js/8103.ec1b381a.js (119)
[0618/153902.516:INFO:CONSOLE:119] "[apm] httpRequestTiming", source: https://fe-static.xhscdn.com/formula-static/ugc/public/resource/js/8103.ec1b381a.js (119)
[0618/153902.516:INFO:CONSOLE:119] "console.groupEnd", source: https://fe-static.xhscdn.com/formula-static/ugc/public/resource/js/8103.ec1b381a.js (119)
[0618/153902.516:INFO:CONSOLE:119] "[apm] sns_web_publish_upload_image", source: https://fe-static.xhscdn.com/formula-static/ugc/public/resource/js/8103.ec1b381a.js (119)
[0618/153902.516:INFO:CONSOLE:119] "console.groupEnd", source: https://fe-static.xhscdn.com/formula-static/ugc/public/resource/js/8103.ec1b381a.js (119)
[0618/153904.898:INFO:CONSOLE:1] "实时竞速: 10047.010986328125 ms", source: https://fe-static.xhscdn.com/formula-static/ugc/public/resource/js/index.51912041.js (1)
[0618/153904.900:INFO:CONSOLE:3] "Error", source:  (3)
[0618/153910.211:INFO:CONSOLE:119] "[apm] sns_web_publish_upload_image", source: https://fe-static.xhscdn.com/formula-static/ugc/public/resource/js/8103.ec1b381a.js (119)
[0618/153910.213:INFO:CONSOLE:119] "console.groupEnd", source: https://fe-static.xhscdn.com/formula-static/ugc/public/resource/js/8103.ec1b381a.js (119)
[0618/153910.213:INFO:CONSOLE:119] "[apm] httpRequestTiming", source: https://fe-static.xhscdn.com/formula-static/ugc/public/resource/js/8103.ec1b381a.js (119)
[0618/153910.213:INFO:CONSOLE:119] "console.groupEnd", source: https://fe-static.xhscdn.com/formula-static/ugc/public/resource/js/8103.ec1b381a.js (119)
[0618/153912.218:INFO:CONSOLE:3] "Error", source:  (3)
[0618/153912.812:INFO:CONSOLE:119] "[apm] sns_web_publish_upload_image", source: https://fe-static.xhscdn.com/formula-static/ugc/public/resource/js/8103.ec1b381a.js (119)
[0618/153912.813:INFO:CONSOLE:119] "console.groupEnd", source: https://fe-static.xhscdn.com/formula-static/ugc/public/resource/js/8103.ec1b381a.js (119)
[0618/153912.813:INFO:CONSOLE:119] "[apm] sns_web_publish_upload_image", source: https://fe-static.xhscdn.com/formula-static/ugc/public/resource/js/8103.ec1b381a.js (119)
[0618/153912.813:INFO:CONSOLE:119] "console.groupEnd", source: https://fe-static.xhscdn.com/formula-static/ugc/public/resource/js/8103.ec1b381a.js (119)
[0618/153912.813:INFO:CONSOLE:119] "[apm] sns_web_publish_upload_image", source: https://fe-static.xhscdn.com/formula-static/ugc/public/resource/js/8103.ec1b381a.js (119)
[0618/153912.813:INFO:CONSOLE:119] "console.groupEnd", source: https://fe-static.xhscdn.com/formula-static/ugc/public/resource/js/8103.ec1b381a.js (119)
[0618/153912.813:INFO:CONSOLE:119] "[apm] sns_web_publish_upload_image", source: https://fe-static.xhscdn.com/formula-static/ugc/public/resource/js/8103.ec1b381a.js (119)
[0618/153912.813:INFO:CONSOLE:119] "console.groupEnd", source: https://fe-static.xhscdn.com/formula-static/ugc/public/resource/js/8103.ec1b381a.js (119)
[0618/153912.813:INFO:CONSOLE:119] "[apm] sns_web_publish_upload_image", source: https://fe-static.xhscdn.com/formula-static/ugc/public/resource/js/8103.ec1b381a.js (119)
[0618/153912.813:INFO:CONSOLE:119] "console.groupEnd", source: https://fe-static.xhscdn.com/formula-static/ugc/public/resource/js/8103.ec1b381a.js (119)
[0618/153913.415:INFO:CONSOLE:3] "Error", source:  (3)
[0618/153913.435:INFO:CONSOLE:1] "Error", source: https://fe-static.xhscdn.com/formula-static/ugc/public/resource/js/async/9936.c458759f.js (1)
[0618/153913.494:INFO:CONSOLE:1] "[object GeolocationPositionError]", source: https://fe-static.xhscdn.com/formula-static/ugc/public/resource/js/project-publish-vue.1428a0fb.js (1)
[0618/153913.541:INFO:CONSOLE:119] "[apm] sns_web_publish_upload_image", source: https://fe-static.xhscdn.com/formula-static/ugc/public/resource/js/8103.ec1b381a.js (119)
[0618/153913.541:INFO:CONSOLE:119] "console.groupEnd", source: https://fe-static.xhscdn.com/formula-static/ugc/public/resource/js/8103.ec1b381a.js (119)
[0618/153913.541:INFO:CONSOLE:119] "[apm] httpRequestTiming", source: https://fe-static.xhscdn.com/formula-static/ugc/public/resource/js/8103.ec1b381a.js (119)
[0618/153913.541:INFO:CONSOLE:119] "console.groupEnd", source: https://fe-static.xhscdn.com/formula-static/ugc/public/resource/js/8103.ec1b381a.js (119)
[0618/153913.541:INFO:CONSOLE:119] "[apm] sns_web_publish_publish", source: https://fe-static.xhscdn.com/formula-static/ugc/public/resource/js/8103.ec1b381a.js (119)
[0618/153913.541:INFO:CONSOLE:119] "console.groupEnd", source: https://fe-static.xhscdn.com/formula-static/ugc/public/resource/js/8103.ec1b381a.js (119)
[0618/153913.541:INFO:CONSOLE:119] "[apm] sns_web_publish_upload_image", source: https://fe-static.xhscdn.com/formula-static/ugc/public/resource/js/8103.ec1b381a.js (119)
[0618/153913.541:INFO:CONSOLE:119] "console.groupEnd", source: https://fe-static.xhscdn.com/formula-static/ugc/public/resource/js/8103.ec1b381a.js (119)
[0618/153913.541:INFO:CONSOLE:119] "[apm] httpRequestTiming", source: https://fe-static.xhscdn.com/formula-static/ugc/public/resource/js/8103.ec1b381a.js (119)
[0618/153913.541:INFO:CONSOLE:119] "console.groupEnd", source: https://fe-static.xhscdn.com/formula-static/ugc/public/resource/js/8103.ec1b381a.js (119)
[0618/153914.915:INFO:CONSOLE:119] "[apm] httpRequestTiming", source: https://fe-static.xhscdn.com/formula-static/ugc/public/resource/js/8103.ec1b381a.js (119)
[0618/153914.915:INFO:CONSOLE:119] "console.groupEnd", source: https://fe-static.xhscdn.com/formula-static/ugc/public/resource/js/8103.ec1b381a.js (119)
[0618/153914.915:INFO:CONSOLE:119] "[apm] httpRequestTiming", source: https://fe-static.xhscdn.com/formula-static/ugc/public/resource/js/8103.ec1b381a.js (119)
[0618/153914.915:INFO:CONSOLE:119] "console.groupEnd", source: https://fe-static.xhscdn.com/formula-static/ugc/public/resource/js/8103.ec1b381a.js (119)
[0618/153914.915:INFO:CONSOLE:119] "[apm] httpRequestTiming", source: https://fe-static.xhscdn.com/formula-static/ugc/public/resource/js/8103.ec1b381a.js (119)
[0618/153914.915:INFO:CONSOLE:119] "console.groupEnd", source: https://fe-static.xhscdn.com/formula-static/ugc/public/resource/js/8103.ec1b381a.js (119)
[0618/153914.915:INFO:CONSOLE:119] "[apm] httpRequestTiming", source: https://fe-static.xhscdn.com/formula-static/ugc/public/resource/js/8103.ec1b381a.js (119)
[0618/153914.915:INFO:CONSOLE:119] "console.groupEnd", source: https://fe-static.xhscdn.com/formula-static/ugc/public/resource/js/8103.ec1b381a.js (119)
[0618/153914.915:INFO:CONSOLE:119] "[apm] httpRequestTiming", source: https://fe-static.xhscdn.com/formula-static/ugc/public/resource/js/8103.ec1b381a.js (119)
[0618/153914.915:INFO:CONSOLE:119] "console.groupEnd", source: https://fe-static.xhscdn.com/formula-static/ugc/public/resource/js/8103.ec1b381a.js (119)
[0618/153920.122:INFO:CONSOLE:119] "[apm] sns_web_draft_point", source: https://fe-static.xhscdn.com/formula-static/ugc/public/resource/js/8103.ec1b381a.js (119)
[0618/153920.122:INFO:CONSOLE:119] "console.groupEnd", source: https://fe-static.xhscdn.com/formula-static/ugc/public/resource/js/8103.ec1b381a.js (119)
[0618/153920.122:INFO:CONSOLE:119] "[apm] sns_web_publish_lcp", source: https://fe-static.xhscdn.com/formula-static/ugc/public/resource/js/8103.ec1b381a.js (119)
[0618/153920.122:INFO:CONSOLE:119] "console.groupEnd", source: https://fe-static.xhscdn.com/formula-static/ugc/public/resource/js/8103.ec1b381a.js (119)
[0618/153920.122:INFO:CONSOLE:119] "[apm] sns_web_publish_upload_image", source: https://fe-static.xhscdn.com/formula-static/ugc/public/resource/js/8103.ec1b381a.js (119)
[0618/153920.122:INFO:CONSOLE:119] "console.groupEnd", source: https://fe-static.xhscdn.com/formula-static/ugc/public/resource/js/8103.ec1b381a.js (119)
[0618/153920.122:INFO:CONSOLE:119] "[apm] sns_web_publish_upload_speed", source: https://fe-static.xhscdn.com/formula-static/ugc/public/resource/js/8103.ec1b381a.js (119)
[0618/153920.122:INFO:CONSOLE:119] "console.groupEnd", source: https://fe-static.xhscdn.com/formula-static/ugc/public/resource/js/8103.ec1b381a.js (119)
[0618/153928.415:INFO:CONSOLE:119] "[apm] sns_web_publish_upload_image", source: https://fe-static.xhscdn.com/formula-static/ugc/public/resource/js/8103.ec1b381a.js (119)
[0618/153928.415:INFO:CONSOLE:119] "console.groupEnd", source: https://fe-static.xhscdn.com/formula-static/ugc/public/resource/js/8103.ec1b381a.js (119)
[0618/153928.415:INFO:CONSOLE:119] "[apm] sns_web_publish_upload_speed", source: https://fe-static.xhscdn.com/formula-static/ugc/public/resource/js/8103.ec1b381a.js (119)
[0618/153928.415:INFO:CONSOLE:119] "console.groupEnd", source: https://fe-static.xhscdn.com/formula-static/ugc/public/resource/js/8103.ec1b381a.js (119)
