[0618/154310.297:INFO:CONSOLE:119] "框架和 SDK 输出的日志默认不展示，可在框架配置文件中设置开启，详见 https://doc.weixin.qq.com/doc/w3_AWkASAb9APAr8IdJI5VS0OyqetUE6?scode=ANAAyQcbAAgB8qKjm9AWkASAb9APA", source: https://fe-static.xhscdn.com/formula-static/ugc/public/resource/js/8103.ec1b381a.js (119)
[0618/154310.370:INFO:CONSOLE:3] "Error", source:  (3)
[0618/154310.560:INFO:CONSOLE:3] "Error", source:  (3)
[0618/154311.531:INFO:CONSOLE:3] "Error", source:  (3)
[0618/154311.555:INFO:CONSOLE:3] "Error", source:  (3)
[0618/154311.716:INFO:CONSOLE:119] "[apm] infraBrowserResourceTiming", source: https://fe-static.xhscdn.com/formula-static/ugc/public/resource/js/8103.ec1b381a.js (119)
[0618/154311.716:INFO:CONSOLE:119] "console.groupEnd", source: https://fe-static.xhscdn.com/formula-static/ugc/public/resource/js/8103.ec1b381a.js (119)
[0618/154311.716:INFO:CONSOLE:119] "[apm] infraBrowserResourceTiming", source: https://fe-static.xhscdn.com/formula-static/ugc/public/resource/js/8103.ec1b381a.js (119)
[0618/154311.716:INFO:CONSOLE:119] "console.groupEnd", source: https://fe-static.xhscdn.com/formula-static/ugc/public/resource/js/8103.ec1b381a.js (119)
[0618/154311.716:INFO:CONSOLE:119] "[apm] infraBrowserResourceTiming", source: https://fe-static.xhscdn.com/formula-static/ugc/public/resource/js/8103.ec1b381a.js (119)
[0618/154311.716:INFO:CONSOLE:119] "console.groupEnd", source: https://fe-static.xhscdn.com/formula-static/ugc/public/resource/js/8103.ec1b381a.js (119)
[0618/154311.716:INFO:CONSOLE:119] "[apm] infraBrowserResourceTiming", source: https://fe-static.xhscdn.com/formula-static/ugc/public/resource/js/8103.ec1b381a.js (119)
[0618/154311.716:INFO:CONSOLE:119] "console.groupEnd", source: https://fe-static.xhscdn.com/formula-static/ugc/public/resource/js/8103.ec1b381a.js (119)
[0618/154311.716:INFO:CONSOLE:119] "[apm] infraBrowserResourceTiming", source: https://fe-static.xhscdn.com/formula-static/ugc/public/resource/js/8103.ec1b381a.js (119)
[0618/154311.716:INFO:CONSOLE:119] "console.groupEnd", source: https://fe-static.xhscdn.com/formula-static/ugc/public/resource/js/8103.ec1b381a.js (119)
[0618/154311.717:INFO:CONSOLE:119] "[apm] anti_spam_ds_fail", source: https://fe-static.xhscdn.com/formula-static/ugc/public/resource/js/8103.ec1b381a.js (119)
[0618/154311.717:INFO:CONSOLE:119] "console.groupEnd", source: https://fe-static.xhscdn.com/formula-static/ugc/public/resource/js/8103.ec1b381a.js (119)
[0618/154311.717:INFO:CONSOLE:119] "[apm] webmns_error", source: https://fe-static.xhscdn.com/formula-static/ugc/public/resource/js/8103.ec1b381a.js (119)
[0618/154311.717:INFO:CONSOLE:119] "console.groupEnd", source: https://fe-static.xhscdn.com/formula-static/ugc/public/resource/js/8103.ec1b381a.js (119)
[0618/154311.717:INFO:CONSOLE:119] "[apm] infraBrowserResourceTiming", source: https://fe-static.xhscdn.com/formula-static/ugc/public/resource/js/8103.ec1b381a.js (119)
[0618/154311.717:INFO:CONSOLE:119] "console.groupEnd", source: https://fe-static.xhscdn.com/formula-static/ugc/public/resource/js/8103.ec1b381a.js (119)
[0618/154311.717:INFO:CONSOLE:119] "[apm] infraBrowserResourceTiming", source: https://fe-static.xhscdn.com/formula-static/ugc/public/resource/js/8103.ec1b381a.js (119)
[0618/154311.717:INFO:CONSOLE:119] "console.groupEnd", source: https://fe-static.xhscdn.com/formula-static/ugc/public/resource/js/8103.ec1b381a.js (119)
[0618/154311.717:INFO:CONSOLE:119] "[apm] infraBrowserResourceTiming", source: https://fe-static.xhscdn.com/formula-static/ugc/public/resource/js/8103.ec1b381a.js (119)
[0618/154311.717:INFO:CONSOLE:119] "console.groupEnd", source: https://fe-static.xhscdn.com/formula-static/ugc/public/resource/js/8103.ec1b381a.js (119)
[0618/154311.839:INFO:CONSOLE:119] "[apm] infraBrowserResourceTiming", source: https://fe-static.xhscdn.com/formula-static/ugc/public/resource/js/8103.ec1b381a.js (119)
[0618/154311.839:INFO:CONSOLE:119] "console.groupEnd", source: https://fe-static.xhscdn.com/formula-static/ugc/public/resource/js/8103.ec1b381a.js (119)
[0618/154311.839:INFO:CONSOLE:119] "[apm] infraBrowserResourceTiming", source: https://fe-static.xhscdn.com/formula-static/ugc/public/resource/js/8103.ec1b381a.js (119)
[0618/154311.839:INFO:CONSOLE:119] "console.groupEnd", source: https://fe-static.xhscdn.com/formula-static/ugc/public/resource/js/8103.ec1b381a.js (119)
[0618/154311.839:INFO:CONSOLE:119] "[apm] infraBrowserResourceTiming", source: https://fe-static.xhscdn.com/formula-static/ugc/public/resource/js/8103.ec1b381a.js (119)
[0618/154311.839:INFO:CONSOLE:119] "console.groupEnd", source: https://fe-static.xhscdn.com/formula-static/ugc/public/resource/js/8103.ec1b381a.js (119)
[0618/154311.839:INFO:CONSOLE:119] "[apm] infraBrowserResourceTiming", source: https://fe-static.xhscdn.com/formula-static/ugc/public/resource/js/8103.ec1b381a.js (119)
[0618/154311.839:INFO:CONSOLE:119] "console.groupEnd", source: https://fe-static.xhscdn.com/formula-static/ugc/public/resource/js/8103.ec1b381a.js (119)
[0618/154311.839:INFO:CONSOLE:119] "[apm] infraBrowserResourceTiming", source: https://fe-static.xhscdn.com/formula-static/ugc/public/resource/js/8103.ec1b381a.js (119)
[0618/154311.840:INFO:CONSOLE:119] "console.groupEnd", source: https://fe-static.xhscdn.com/formula-static/ugc/public/resource/js/8103.ec1b381a.js (119)
[0618/154311.840:INFO:CONSOLE:119] "[apm] infraBrowserResourceTiming", source: https://fe-static.xhscdn.com/formula-static/ugc/public/resource/js/8103.ec1b381a.js (119)
[0618/154311.840:INFO:CONSOLE:119] "console.groupEnd", source: https://fe-static.xhscdn.com/formula-static/ugc/public/resource/js/8103.ec1b381a.js (119)
[0618/154311.840:INFO:CONSOLE:119] "[apm] infraBrowserResourceTiming", source: https://fe-static.xhscdn.com/formula-static/ugc/public/resource/js/8103.ec1b381a.js (119)
[0618/154311.840:INFO:CONSOLE:119] "console.groupEnd", source: https://fe-static.xhscdn.com/formula-static/ugc/public/resource/js/8103.ec1b381a.js (119)
[0618/154311.840:INFO:CONSOLE:119] "[apm] infraBrowserResourceTiming", source: https://fe-static.xhscdn.com/formula-static/ugc/public/resource/js/8103.ec1b381a.js (119)
[0618/154311.840:INFO:CONSOLE:119] "console.groupEnd", source: https://fe-static.xhscdn.com/formula-static/ugc/public/resource/js/8103.ec1b381a.js (119)
[0618/154311.840:INFO:CONSOLE:119] "[apm] infraBrowserResourceTiming", source: https://fe-static.xhscdn.com/formula-static/ugc/public/resource/js/8103.ec1b381a.js (119)
[0618/154311.840:INFO:CONSOLE:119] "console.groupEnd", source: https://fe-static.xhscdn.com/formula-static/ugc/public/resource/js/8103.ec1b381a.js (119)
[0618/154311.840:INFO:CONSOLE:119] "[apm] infraBrowserResourceTiming", source: https://fe-static.xhscdn.com/formula-static/ugc/public/resource/js/8103.ec1b381a.js (119)
[0618/154311.841:INFO:CONSOLE:119] "console.groupEnd", source: https://fe-static.xhscdn.com/formula-static/ugc/public/resource/js/8103.ec1b381a.js (119)
[0618/154311.873:INFO:CONSOLE:119] "[apm] infraBrowserResourceTiming", source: https://fe-static.xhscdn.com/formula-static/ugc/public/resource/js/8103.ec1b381a.js (119)
[0618/154311.873:INFO:CONSOLE:119] "console.groupEnd", source: https://fe-static.xhscdn.com/formula-static/ugc/public/resource/js/8103.ec1b381a.js (119)
[0618/154311.873:INFO:CONSOLE:119] "[apm] httpRequestTiming", source: https://fe-static.xhscdn.com/formula-static/ugc/public/resource/js/8103.ec1b381a.js (119)
[0618/154311.873:INFO:CONSOLE:119] "console.groupEnd", source: https://fe-static.xhscdn.com/formula-static/ugc/public/resource/js/8103.ec1b381a.js (119)
[0618/154311.873:INFO:CONSOLE:119] "[apm] httpRequestTiming", source: https://fe-static.xhscdn.com/formula-static/ugc/public/resource/js/8103.ec1b381a.js (119)
[0618/154311.873:INFO:CONSOLE:119] "console.groupEnd", source: https://fe-static.xhscdn.com/formula-static/ugc/public/resource/js/8103.ec1b381a.js (119)
[0618/154311.873:INFO:CONSOLE:119] "[apm] infra_sec_web_api_walify", source: https://fe-static.xhscdn.com/formula-static/ugc/public/resource/js/8103.ec1b381a.js (119)
[0618/154311.873:INFO:CONSOLE:119] "console.groupEnd", source: https://fe-static.xhscdn.com/formula-static/ugc/public/resource/js/8103.ec1b381a.js (119)
[0618/154311.873:INFO:CONSOLE:119] "[apm] infra_sec_web_api_walify", source: https://fe-static.xhscdn.com/formula-static/ugc/public/resource/js/8103.ec1b381a.js (119)
[0618/154311.873:INFO:CONSOLE:119] "console.groupEnd", source: https://fe-static.xhscdn.com/formula-static/ugc/public/resource/js/8103.ec1b381a.js (119)
[0618/154311.873:INFO:CONSOLE:119] "[apm] infraBrowserResourceTiming", source: https://fe-static.xhscdn.com/formula-static/ugc/public/resource/js/8103.ec1b381a.js (119)
[0618/154311.873:INFO:CONSOLE:119] "console.groupEnd", source: https://fe-static.xhscdn.com/formula-static/ugc/public/resource/js/8103.ec1b381a.js (119)
[0618/154311.873:INFO:CONSOLE:119] "[apm] infraBrowserResourceTiming", source: https://fe-static.xhscdn.com/formula-static/ugc/public/resource/js/8103.ec1b381a.js (119)
[0618/154311.873:INFO:CONSOLE:119] "console.groupEnd", source: https://fe-static.xhscdn.com/formula-static/ugc/public/resource/js/8103.ec1b381a.js (119)
[0618/154311.873:INFO:CONSOLE:119] "[apm] infraBrowserResourceTiming", source: https://fe-static.xhscdn.com/formula-static/ugc/public/resource/js/8103.ec1b381a.js (119)
[0618/154311.873:INFO:CONSOLE:119] "console.groupEnd", source: https://fe-static.xhscdn.com/formula-static/ugc/public/resource/js/8103.ec1b381a.js (119)
[0618/154311.873:INFO:CONSOLE:119] "[apm] infraBrowserResourceTiming", source: https://fe-static.xhscdn.com/formula-static/ugc/public/resource/js/8103.ec1b381a.js (119)
[0618/154311.873:INFO:CONSOLE:119] "console.groupEnd", source: https://fe-static.xhscdn.com/formula-static/ugc/public/resource/js/8103.ec1b381a.js (119)
[0618/154311.873:INFO:CONSOLE:119] "[apm] infraBrowserResourceTiming", source: https://fe-static.xhscdn.com/formula-static/ugc/public/resource/js/8103.ec1b381a.js (119)
[0618/154311.873:INFO:CONSOLE:119] "console.groupEnd", source: https://fe-static.xhscdn.com/formula-static/ugc/public/resource/js/8103.ec1b381a.js (119)
[0618/154311.873:INFO:CONSOLE:119] "[apm] infraBrowserResourceTiming", source: https://fe-static.xhscdn.com/formula-static/ugc/public/resource/js/8103.ec1b381a.js (119)
[0618/154311.873:INFO:CONSOLE:119] "console.groupEnd", source: https://fe-static.xhscdn.com/formula-static/ugc/public/resource/js/8103.ec1b381a.js (119)
[0618/154311.873:INFO:CONSOLE:119] "[apm] infraBrowserResourceTiming", source: https://fe-static.xhscdn.com/formula-static/ugc/public/resource/js/8103.ec1b381a.js (119)
[0618/154311.873:INFO:CONSOLE:119] "console.groupEnd", source: https://fe-static.xhscdn.com/formula-static/ugc/public/resource/js/8103.ec1b381a.js (119)
[0618/154311.873:INFO:CONSOLE:119] "[apm] infraBrowserResourceTiming", source: https://fe-static.xhscdn.com/formula-static/ugc/public/resource/js/8103.ec1b381a.js (119)
[0618/154311.873:INFO:CONSOLE:119] "console.groupEnd", source: https://fe-static.xhscdn.com/formula-static/ugc/public/resource/js/8103.ec1b381a.js (119)
[0618/154311.873:INFO:CONSOLE:119] "[apm] infraBrowserResourceTiming", source: https://fe-static.xhscdn.com/formula-static/ugc/public/resource/js/8103.ec1b381a.js (119)
[0618/154311.873:INFO:CONSOLE:119] "console.groupEnd", source: https://fe-static.xhscdn.com/formula-static/ugc/public/resource/js/8103.ec1b381a.js (119)
[0618/154311.873:INFO:CONSOLE:119] "[apm] infraBrowserResourceTiming", source: https://fe-static.xhscdn.com/formula-static/ugc/public/resource/js/8103.ec1b381a.js (119)
[0618/154311.874:INFO:CONSOLE:119] "console.groupEnd", source: https://fe-static.xhscdn.com/formula-static/ugc/public/resource/js/8103.ec1b381a.js (119)
[0618/154311.937:INFO:CONSOLE:119] "[apm] infraBrowserResourceTiming", source: https://fe-static.xhscdn.com/formula-static/ugc/public/resource/js/8103.ec1b381a.js (119)
[0618/154311.938:INFO:CONSOLE:119] "console.groupEnd", source: https://fe-static.xhscdn.com/formula-static/ugc/public/resource/js/8103.ec1b381a.js (119)
[0618/154311.938:INFO:CONSOLE:119] "[apm] infraBrowserResourceTiming", source: https://fe-static.xhscdn.com/formula-static/ugc/public/resource/js/8103.ec1b381a.js (119)
[0618/154311.938:INFO:CONSOLE:119] "console.groupEnd", source: https://fe-static.xhscdn.com/formula-static/ugc/public/resource/js/8103.ec1b381a.js (119)
[0618/154311.938:INFO:CONSOLE:119] "[apm] infraBrowserResourceTiming", source: https://fe-static.xhscdn.com/formula-static/ugc/public/resource/js/8103.ec1b381a.js (119)
[0618/154311.938:INFO:CONSOLE:119] "console.groupEnd", source: https://fe-static.xhscdn.com/formula-static/ugc/public/resource/js/8103.ec1b381a.js (119)
[0618/154311.938:INFO:CONSOLE:119] "[apm] infraBrowserResourceTiming", source: https://fe-static.xhscdn.com/formula-static/ugc/public/resource/js/8103.ec1b381a.js (119)
[0618/154311.938:INFO:CONSOLE:119] "console.groupEnd", source: https://fe-static.xhscdn.com/formula-static/ugc/public/resource/js/8103.ec1b381a.js (119)
[0618/154311.938:INFO:CONSOLE:119] "[apm] infraBrowserResourceTiming", source: https://fe-static.xhscdn.com/formula-static/ugc/public/resource/js/8103.ec1b381a.js (119)
[0618/154311.938:INFO:CONSOLE:119] "console.groupEnd", source: https://fe-static.xhscdn.com/formula-static/ugc/public/resource/js/8103.ec1b381a.js (119)
[0618/154311.938:INFO:CONSOLE:119] "[apm] infraBrowserResourceTiming", source: https://fe-static.xhscdn.com/formula-static/ugc/public/resource/js/8103.ec1b381a.js (119)
[0618/154311.938:INFO:CONSOLE:119] "console.groupEnd", source: https://fe-static.xhscdn.com/formula-static/ugc/public/resource/js/8103.ec1b381a.js (119)
[0618/154311.938:INFO:CONSOLE:119] "[apm] infraBrowserResourceTiming", source: https://fe-static.xhscdn.com/formula-static/ugc/public/resource/js/8103.ec1b381a.js (119)
[0618/154311.938:INFO:CONSOLE:119] "console.groupEnd", source: https://fe-static.xhscdn.com/formula-static/ugc/public/resource/js/8103.ec1b381a.js (119)
[0618/154311.938:INFO:CONSOLE:119] "[apm] infraBrowserResourceTiming", source: https://fe-static.xhscdn.com/formula-static/ugc/public/resource/js/8103.ec1b381a.js (119)
[0618/154311.938:INFO:CONSOLE:119] "console.groupEnd", source: https://fe-static.xhscdn.com/formula-static/ugc/public/resource/js/8103.ec1b381a.js (119)
[0618/154311.938:INFO:CONSOLE:119] "[apm] infraBrowserResourceTiming", source: https://fe-static.xhscdn.com/formula-static/ugc/public/resource/js/8103.ec1b381a.js (119)
[0618/154311.938:INFO:CONSOLE:119] "console.groupEnd", source: https://fe-static.xhscdn.com/formula-static/ugc/public/resource/js/8103.ec1b381a.js (119)
[0618/154311.938:INFO:CONSOLE:119] "[apm] infraBrowserResourceTiming", source: https://fe-static.xhscdn.com/formula-static/ugc/public/resource/js/8103.ec1b381a.js (119)
[0618/154311.938:INFO:CONSOLE:119] "console.groupEnd", source: https://fe-static.xhscdn.com/formula-static/ugc/public/resource/js/8103.ec1b381a.js (119)
[0618/154311.942:INFO:CONSOLE:3] "Error", source:  (3)
[0618/154312.366:INFO:CONSOLE:119] "[apm] httpRequestTiming", source: https://fe-static.xhscdn.com/formula-static/ugc/public/resource/js/8103.ec1b381a.js (119)
[0618/154312.368:INFO:CONSOLE:119] "console.groupEnd", source: https://fe-static.xhscdn.com/formula-static/ugc/public/resource/js/8103.ec1b381a.js (119)
[0618/154312.368:INFO:CONSOLE:119] "[apm] httpRequestTiming", source: https://fe-static.xhscdn.com/formula-static/ugc/public/resource/js/8103.ec1b381a.js (119)
[0618/154312.368:INFO:CONSOLE:119] "console.groupEnd", source: https://fe-static.xhscdn.com/formula-static/ugc/public/resource/js/8103.ec1b381a.js (119)
[0618/154312.368:INFO:CONSOLE:119] "[apm] infra_sec_web_api_walify", source: https://fe-static.xhscdn.com/formula-static/ugc/public/resource/js/8103.ec1b381a.js (119)
[0618/154312.368:INFO:CONSOLE:119] "console.groupEnd", source: https://fe-static.xhscdn.com/formula-static/ugc/public/resource/js/8103.ec1b381a.js (119)
[0618/154312.368:INFO:CONSOLE:119] "[apm] httpRequestTiming", source: https://fe-static.xhscdn.com/formula-static/ugc/public/resource/js/8103.ec1b381a.js (119)
[0618/154312.369:INFO:CONSOLE:119] "console.groupEnd", source: https://fe-static.xhscdn.com/formula-static/ugc/public/resource/js/8103.ec1b381a.js (119)
[0618/154312.369:INFO:CONSOLE:119] "[apm] infra_sec_web_api_walify", source: https://fe-static.xhscdn.com/formula-static/ugc/public/resource/js/8103.ec1b381a.js (119)
[0618/154312.369:INFO:CONSOLE:119] "console.groupEnd", source: https://fe-static.xhscdn.com/formula-static/ugc/public/resource/js/8103.ec1b381a.js (119)
[0618/154312.771:INFO:CONSOLE:3] "Error", source:  (3)
[0618/154312.979:INFO:CONSOLE:0] "Mixed Content: The page at 'https://creator.xiaohongshu.com/new/note-manager' was loaded over HTTPS, but requested an insecure element 'http://sns-na-i6.xhscdn.com/spectrum/1040g0k0321h9dcboms005q9l4qsskusbaq5c320?imageView2/2/w/1080/format/jpg&origin=0'. This request was automatically upgraded to HTTPS, For more information see https://blog.chromium.org/2019/10/no-more-mixed-messages-about-https.html", source: https://creator.xiaohongshu.com/new/note-manager (0)
[0618/154312.984:INFO:CONSOLE:0] "Mixed Content: The page at 'https://creator.xiaohongshu.com/new/note-manager' was loaded over HTTPS, but requested an insecure element 'http://sns-na-i6.xhscdn.com/spectrum/1040g0k0321h9dcboms005q9l4qsskusbaq5c320?imageView2/2/w/1080/format/jpg&origin=0'. This request was automatically upgraded to HTTPS, For more information see https://blog.chromium.org/2019/10/no-more-mixed-messages-about-https.html", source: https://creator.xiaohongshu.com/new/note-manager (0)
[0618/154313.033:INFO:CONSOLE:119] "[apm] infra_sec_web_api_walify", source: https://fe-static.xhscdn.com/formula-static/ugc/public/resource/js/8103.ec1b381a.js (119)
[0618/154313.033:INFO:CONSOLE:119] "console.groupEnd", source: https://fe-static.xhscdn.com/formula-static/ugc/public/resource/js/8103.ec1b381a.js (119)
[0618/154313.033:INFO:CONSOLE:119] "[apm] httpRequestTiming", source: https://fe-static.xhscdn.com/formula-static/ugc/public/resource/js/8103.ec1b381a.js (119)
[0618/154313.033:INFO:CONSOLE:119] "console.groupEnd", source: https://fe-static.xhscdn.com/formula-static/ugc/public/resource/js/8103.ec1b381a.js (119)
[0618/154313.033:INFO:CONSOLE:119] "[apm] httpRequestTiming", source: https://fe-static.xhscdn.com/formula-static/ugc/public/resource/js/8103.ec1b381a.js (119)
[0618/154313.033:INFO:CONSOLE:119] "console.groupEnd", source: https://fe-static.xhscdn.com/formula-static/ugc/public/resource/js/8103.ec1b381a.js (119)
[0618/154313.033:INFO:CONSOLE:119] "[apm] sns_web_publish_sw", source: https://fe-static.xhscdn.com/formula-static/ugc/public/resource/js/8103.ec1b381a.js (119)
[0618/154313.033:INFO:CONSOLE:119] "console.groupEnd", source: https://fe-static.xhscdn.com/formula-static/ugc/public/resource/js/8103.ec1b381a.js (119)
[0618/154313.033:INFO:CONSOLE:119] "[apm] httpRequestTiming", source: https://fe-static.xhscdn.com/formula-static/ugc/public/resource/js/8103.ec1b381a.js (119)
[0618/154313.033:INFO:CONSOLE:119] "console.groupEnd", source: https://fe-static.xhscdn.com/formula-static/ugc/public/resource/js/8103.ec1b381a.js (119)
[0618/154313.282:INFO:CONSOLE:1] "Fetch API cannot load chrome-extension://dhjaibcmgocbpegmejfphjhhpaphmkpp/is.js. URL scheme "chrome-extension" is not supported.", source: https://fe-static.xhscdn.com/formula-static/ugc/public/resource/js/async/9936.c458759f.js (1)
[0618/154313.283:INFO:CONSOLE:1] "Fetch API cannot load chrome-extension://beeaddblkeeialcohiolkkoiifhgjooj/manifest.json. URL scheme "chrome-extension" is not supported.", source: https://fe-static.xhscdn.com/formula-static/ugc/public/resource/js/async/9936.c458759f.js (1)
[0618/154313.283:INFO:CONSOLE:1] "Fetch API cannot load chrome-extension://ddgooekaaihgnbfbgalfiooiicdnmnia/js/js-index.ts.js. URL scheme "chrome-extension" is not supported.", source: https://fe-static.xhscdn.com/formula-static/ugc/public/resource/js/async/9936.c458759f.js (1)
[0618/154313.283:INFO:CONSOLE:1] "Fetch API cannot load chrome-extension://keeelahekhhgkpaipdodgjnmgkfcdpde/inject.6070000c.js. URL scheme "chrome-extension" is not supported.", source: https://fe-static.xhscdn.com/formula-static/ugc/public/resource/js/async/9936.c458759f.js (1)
[0618/154313.283:INFO:CONSOLE:1] "Fetch API cannot load chrome-extension://dbichmdlbjdeplpkhcejgkakobjbjalc/content-scripts/xiaohongshu.css. URL scheme "chrome-extension" is not supported.", source: https://fe-static.xhscdn.com/formula-static/ugc/public/resource/js/async/9936.c458759f.js (1)
[0618/154313.283:INFO:CONSOLE:1] "Fetch API cannot load chrome-extension://piejlhcmefdepbgalcongckfomfobokb/worker.js. URL scheme "chrome-extension" is not supported.", source: https://fe-static.xhscdn.com/formula-static/ugc/public/resource/js/async/9936.c458759f.js (1)
[0618/154313.283:INFO:CONSOLE:1] "Fetch API cannot load chrome-extension://lenndnnbdichpjlfmfadcjpaenmiflan/inject.bundle.js. URL scheme "chrome-extension" is not supported.", source: https://fe-static.xhscdn.com/formula-static/ugc/public/resource/js/async/9936.c458759f.js (1)
[0618/154313.283:INFO:CONSOLE:1] "Fetch API cannot load chrome-extension://hmeohemhimcjlegdjloglnkfablbneif/inject.bundle.js. URL scheme "chrome-extension" is not supported.", source: https://fe-static.xhscdn.com/formula-static/ugc/public/resource/js/async/9936.c458759f.js (1)
