[0618/154224.638:INFO:CONSOLE:119] "框架和 SDK 输出的日志默认不展示，可在框架配置文件中设置开启，详见 https://doc.weixin.qq.com/doc/w3_AWkASAb9APAr8IdJI5VS0OyqetUE6?scode=ANAAyQcbAAgB8qKjm9AWkASAb9APA", source: https://fe-static.xhscdn.com/formula-static/ugc/public/resource/js/8103.ec1b381a.js (119)
[0618/154224.713:INFO:CONSOLE:3] "Error", source:  (3)
[0618/154226.229:INFO:CONSOLE:3] "Error", source:  (3)
[0618/154226.545:INFO:CONSOLE:119] "[apm] anti_spam_ds_fail", source: https://fe-static.xhscdn.com/formula-static/ugc/public/resource/js/8103.ec1b381a.js (119)
[0618/154226.545:INFO:CONSOLE:119] "console.groupEnd", source: https://fe-static.xhscdn.com/formula-static/ugc/public/resource/js/8103.ec1b381a.js (119)
[0618/154226.545:INFO:CONSOLE:119] "[apm] webmns_error", source: https://fe-static.xhscdn.com/formula-static/ugc/public/resource/js/8103.ec1b381a.js (119)
[0618/154226.545:INFO:CONSOLE:119] "console.groupEnd", source: https://fe-static.xhscdn.com/formula-static/ugc/public/resource/js/8103.ec1b381a.js (119)
[0618/154226.545:INFO:CONSOLE:119] "[apm] infraBrowserResourceTiming", source: https://fe-static.xhscdn.com/formula-static/ugc/public/resource/js/8103.ec1b381a.js (119)
[0618/154226.545:INFO:CONSOLE:119] "console.groupEnd", source: https://fe-static.xhscdn.com/formula-static/ugc/public/resource/js/8103.ec1b381a.js (119)
[0618/154226.545:INFO:CONSOLE:119] "[apm] infraBrowserResourceTiming", source: https://fe-static.xhscdn.com/formula-static/ugc/public/resource/js/8103.ec1b381a.js (119)
[0618/154226.545:INFO:CONSOLE:119] "console.groupEnd", source: https://fe-static.xhscdn.com/formula-static/ugc/public/resource/js/8103.ec1b381a.js (119)
[0618/154226.545:INFO:CONSOLE:119] "[apm] infraBrowserResourceTiming", source: https://fe-static.xhscdn.com/formula-static/ugc/public/resource/js/8103.ec1b381a.js (119)
[0618/154226.545:INFO:CONSOLE:119] "console.groupEnd", source: https://fe-static.xhscdn.com/formula-static/ugc/public/resource/js/8103.ec1b381a.js (119)
[0618/154226.550:INFO:CONSOLE:3] "Error", source:  (3)
[0618/154226.702:INFO:CONSOLE:119] "[apm] infraBrowserResourceTiming", source: https://fe-static.xhscdn.com/formula-static/ugc/public/resource/js/8103.ec1b381a.js (119)
[0618/154226.704:INFO:CONSOLE:119] "console.groupEnd", source: https://fe-static.xhscdn.com/formula-static/ugc/public/resource/js/8103.ec1b381a.js (119)
[0618/154226.704:INFO:CONSOLE:119] "[apm] infraBrowserResourceTiming", source: https://fe-static.xhscdn.com/formula-static/ugc/public/resource/js/8103.ec1b381a.js (119)
[0618/154226.704:INFO:CONSOLE:119] "console.groupEnd", source: https://fe-static.xhscdn.com/formula-static/ugc/public/resource/js/8103.ec1b381a.js (119)
[0618/154226.704:INFO:CONSOLE:119] "[apm] infraBrowserResourceTiming", source: https://fe-static.xhscdn.com/formula-static/ugc/public/resource/js/8103.ec1b381a.js (119)
[0618/154226.704:INFO:CONSOLE:119] "console.groupEnd", source: https://fe-static.xhscdn.com/formula-static/ugc/public/resource/js/8103.ec1b381a.js (119)
[0618/154226.704:INFO:CONSOLE:119] "[apm] infraBrowserResourceTiming", source: https://fe-static.xhscdn.com/formula-static/ugc/public/resource/js/8103.ec1b381a.js (119)
[0618/154226.704:INFO:CONSOLE:119] "console.groupEnd", source: https://fe-static.xhscdn.com/formula-static/ugc/public/resource/js/8103.ec1b381a.js (119)
[0618/154226.704:INFO:CONSOLE:119] "[apm] infraBrowserResourceTiming", source: https://fe-static.xhscdn.com/formula-static/ugc/public/resource/js/8103.ec1b381a.js (119)
[0618/154226.704:INFO:CONSOLE:119] "console.groupEnd", source: https://fe-static.xhscdn.com/formula-static/ugc/public/resource/js/8103.ec1b381a.js (119)
[0618/154226.802:INFO:CONSOLE:119] "[apm] infraBrowserResourceTiming", source: https://fe-static.xhscdn.com/formula-static/ugc/public/resource/js/8103.ec1b381a.js (119)
[0618/154226.802:INFO:CONSOLE:119] "console.groupEnd", source: https://fe-static.xhscdn.com/formula-static/ugc/public/resource/js/8103.ec1b381a.js (119)
[0618/154226.802:INFO:CONSOLE:119] "[apm] infraBrowserResourceTiming", source: https://fe-static.xhscdn.com/formula-static/ugc/public/resource/js/8103.ec1b381a.js (119)
[0618/154226.803:INFO:CONSOLE:119] "console.groupEnd", source: https://fe-static.xhscdn.com/formula-static/ugc/public/resource/js/8103.ec1b381a.js (119)
[0618/154226.803:INFO:CONSOLE:119] "[apm] infraBrowserResourceTiming", source: https://fe-static.xhscdn.com/formula-static/ugc/public/resource/js/8103.ec1b381a.js (119)
[0618/154226.803:INFO:CONSOLE:119] "console.groupEnd", source: https://fe-static.xhscdn.com/formula-static/ugc/public/resource/js/8103.ec1b381a.js (119)
[0618/154226.803:INFO:CONSOLE:119] "[apm] infraBrowserResourceTiming", source: https://fe-static.xhscdn.com/formula-static/ugc/public/resource/js/8103.ec1b381a.js (119)
[0618/154226.803:INFO:CONSOLE:119] "console.groupEnd", source: https://fe-static.xhscdn.com/formula-static/ugc/public/resource/js/8103.ec1b381a.js (119)
[0618/154226.803:INFO:CONSOLE:119] "[apm] infraBrowserResourceTiming", source: https://fe-static.xhscdn.com/formula-static/ugc/public/resource/js/8103.ec1b381a.js (119)
[0618/154226.803:INFO:CONSOLE:119] "console.groupEnd", source: https://fe-static.xhscdn.com/formula-static/ugc/public/resource/js/8103.ec1b381a.js (119)
[0618/154226.803:INFO:CONSOLE:119] "[apm] infraBrowserResourceTiming", source: https://fe-static.xhscdn.com/formula-static/ugc/public/resource/js/8103.ec1b381a.js (119)
[0618/154226.803:INFO:CONSOLE:119] "console.groupEnd", source: https://fe-static.xhscdn.com/formula-static/ugc/public/resource/js/8103.ec1b381a.js (119)
[0618/154226.803:INFO:CONSOLE:119] "[apm] infraBrowserResourceTiming", source: https://fe-static.xhscdn.com/formula-static/ugc/public/resource/js/8103.ec1b381a.js (119)
[0618/154226.803:INFO:CONSOLE:119] "console.groupEnd", source: https://fe-static.xhscdn.com/formula-static/ugc/public/resource/js/8103.ec1b381a.js (119)
[0618/154226.804:INFO:CONSOLE:119] "[apm] infraBrowserResourceTiming", source: https://fe-static.xhscdn.com/formula-static/ugc/public/resource/js/8103.ec1b381a.js (119)
[0618/154226.804:INFO:CONSOLE:119] "console.groupEnd", source: https://fe-static.xhscdn.com/formula-static/ugc/public/resource/js/8103.ec1b381a.js (119)
[0618/154226.804:INFO:CONSOLE:119] "[apm] infraBrowserResourceTiming", source: https://fe-static.xhscdn.com/formula-static/ugc/public/resource/js/8103.ec1b381a.js (119)
[0618/154226.804:INFO:CONSOLE:119] "console.groupEnd", source: https://fe-static.xhscdn.com/formula-static/ugc/public/resource/js/8103.ec1b381a.js (119)
[0618/154226.804:INFO:CONSOLE:119] "[apm] infraBrowserResourceTiming", source: https://fe-static.xhscdn.com/formula-static/ugc/public/resource/js/8103.ec1b381a.js (119)
[0618/154226.804:INFO:CONSOLE:119] "console.groupEnd", source: https://fe-static.xhscdn.com/formula-static/ugc/public/resource/js/8103.ec1b381a.js (119)
[0618/154226.805:INFO:CONSOLE:119] "[apm] infraBrowserResourceTiming", source: https://fe-static.xhscdn.com/formula-static/ugc/public/resource/js/8103.ec1b381a.js (119)
[0618/154226.805:INFO:CONSOLE:119] "console.groupEnd", source: https://fe-static.xhscdn.com/formula-static/ugc/public/resource/js/8103.ec1b381a.js (119)
[0618/154226.805:INFO:CONSOLE:119] "[apm] infraBrowserResourceTiming", source: https://fe-static.xhscdn.com/formula-static/ugc/public/resource/js/8103.ec1b381a.js (119)
[0618/154226.805:INFO:CONSOLE:119] "console.groupEnd", source: https://fe-static.xhscdn.com/formula-static/ugc/public/resource/js/8103.ec1b381a.js (119)
[0618/154226.805:INFO:CONSOLE:119] "[apm] infraBrowserResourceTiming", source: https://fe-static.xhscdn.com/formula-static/ugc/public/resource/js/8103.ec1b381a.js (119)
[0618/154226.805:INFO:CONSOLE:119] "console.groupEnd", source: https://fe-static.xhscdn.com/formula-static/ugc/public/resource/js/8103.ec1b381a.js (119)
[0618/154226.805:INFO:CONSOLE:119] "[apm] infraBrowserResourceTiming", source: https://fe-static.xhscdn.com/formula-static/ugc/public/resource/js/8103.ec1b381a.js (119)
[0618/154226.806:INFO:CONSOLE:119] "console.groupEnd", source: https://fe-static.xhscdn.com/formula-static/ugc/public/resource/js/8103.ec1b381a.js (119)
[0618/154226.806:INFO:CONSOLE:119] "[apm] infraBrowserResourceTiming", source: https://fe-static.xhscdn.com/formula-static/ugc/public/resource/js/8103.ec1b381a.js (119)
[0618/154226.806:INFO:CONSOLE:119] "console.groupEnd", source: https://fe-static.xhscdn.com/formula-static/ugc/public/resource/js/8103.ec1b381a.js (119)
[0618/154226.806:INFO:CONSOLE:119] "[apm] infraBrowserResourceTiming", source: https://fe-static.xhscdn.com/formula-static/ugc/public/resource/js/8103.ec1b381a.js (119)
[0618/154226.806:INFO:CONSOLE:119] "console.groupEnd", source: https://fe-static.xhscdn.com/formula-static/ugc/public/resource/js/8103.ec1b381a.js (119)
[0618/154226.806:INFO:CONSOLE:119] "[apm] infraBrowserResourceTiming", source: https://fe-static.xhscdn.com/formula-static/ugc/public/resource/js/8103.ec1b381a.js (119)
[0618/154226.806:INFO:CONSOLE:119] "console.groupEnd", source: https://fe-static.xhscdn.com/formula-static/ugc/public/resource/js/8103.ec1b381a.js (119)
[0618/154226.806:INFO:CONSOLE:119] "[apm] infraBrowserResourceTiming", source: https://fe-static.xhscdn.com/formula-static/ugc/public/resource/js/8103.ec1b381a.js (119)
[0618/154226.806:INFO:CONSOLE:119] "console.groupEnd", source: https://fe-static.xhscdn.com/formula-static/ugc/public/resource/js/8103.ec1b381a.js (119)
[0618/154226.806:INFO:CONSOLE:119] "[apm] infraBrowserResourceTiming", source: https://fe-static.xhscdn.com/formula-static/ugc/public/resource/js/8103.ec1b381a.js (119)
[0618/154226.806:INFO:CONSOLE:119] "console.groupEnd", source: https://fe-static.xhscdn.com/formula-static/ugc/public/resource/js/8103.ec1b381a.js (119)
[0618/154226.807:INFO:CONSOLE:119] "[apm] infraBrowserResourceTiming", source: https://fe-static.xhscdn.com/formula-static/ugc/public/resource/js/8103.ec1b381a.js (119)
[0618/154226.807:INFO:CONSOLE:119] "console.groupEnd", source: https://fe-static.xhscdn.com/formula-static/ugc/public/resource/js/8103.ec1b381a.js (119)
[0618/154226.807:INFO:CONSOLE:119] "[apm] infraBrowserResourceTiming", source: https://fe-static.xhscdn.com/formula-static/ugc/public/resource/js/8103.ec1b381a.js (119)
[0618/154226.807:INFO:CONSOLE:119] "console.groupEnd", source: https://fe-static.xhscdn.com/formula-static/ugc/public/resource/js/8103.ec1b381a.js (119)
[0618/154226.807:INFO:CONSOLE:119] "[apm] infraBrowserResourceTiming", source: https://fe-static.xhscdn.com/formula-static/ugc/public/resource/js/8103.ec1b381a.js (119)
[0618/154226.807:INFO:CONSOLE:119] "console.groupEnd", source: https://fe-static.xhscdn.com/formula-static/ugc/public/resource/js/8103.ec1b381a.js (119)
[0618/154226.807:INFO:CONSOLE:119] "[apm] infraBrowserResourceTiming", source: https://fe-static.xhscdn.com/formula-static/ugc/public/resource/js/8103.ec1b381a.js (119)
[0618/154226.807:INFO:CONSOLE:119] "console.groupEnd", source: https://fe-static.xhscdn.com/formula-static/ugc/public/resource/js/8103.ec1b381a.js (119)
[0618/154226.807:INFO:CONSOLE:119] "[apm] infraBrowserResourceTiming", source: https://fe-static.xhscdn.com/formula-static/ugc/public/resource/js/8103.ec1b381a.js (119)
[0618/154226.807:INFO:CONSOLE:119] "console.groupEnd", source: https://fe-static.xhscdn.com/formula-static/ugc/public/resource/js/8103.ec1b381a.js (119)
[0618/154226.807:INFO:CONSOLE:119] "[apm] infraBrowserResourceTiming", source: https://fe-static.xhscdn.com/formula-static/ugc/public/resource/js/8103.ec1b381a.js (119)
[0618/154226.807:INFO:CONSOLE:119] "console.groupEnd", source: https://fe-static.xhscdn.com/formula-static/ugc/public/resource/js/8103.ec1b381a.js (119)
[0618/154226.993:INFO:CONSOLE:3] "Error", source:  (3)
[0618/154227.290:INFO:CONSOLE:119] "[apm] infraBrowserResourceTiming", source: https://fe-static.xhscdn.com/formula-static/ugc/public/resource/js/8103.ec1b381a.js (119)
[0618/154227.291:INFO:CONSOLE:119] "console.groupEnd", source: https://fe-static.xhscdn.com/formula-static/ugc/public/resource/js/8103.ec1b381a.js (119)
[0618/154227.291:INFO:CONSOLE:119] "[apm] infraBrowserResourceTiming", source: https://fe-static.xhscdn.com/formula-static/ugc/public/resource/js/8103.ec1b381a.js (119)
[0618/154227.291:INFO:CONSOLE:119] "console.groupEnd", source: https://fe-static.xhscdn.com/formula-static/ugc/public/resource/js/8103.ec1b381a.js (119)
[0618/154227.291:INFO:CONSOLE:119] "[apm] infraBrowserResourceTiming", source: https://fe-static.xhscdn.com/formula-static/ugc/public/resource/js/8103.ec1b381a.js (119)
[0618/154227.291:INFO:CONSOLE:119] "console.groupEnd", source: https://fe-static.xhscdn.com/formula-static/ugc/public/resource/js/8103.ec1b381a.js (119)
[0618/154227.291:INFO:CONSOLE:119] "[apm] infraBrowserResourceTiming", source: https://fe-static.xhscdn.com/formula-static/ugc/public/resource/js/8103.ec1b381a.js (119)
[0618/154227.291:INFO:CONSOLE:119] "console.groupEnd", source: https://fe-static.xhscdn.com/formula-static/ugc/public/resource/js/8103.ec1b381a.js (119)
[0618/154227.291:INFO:CONSOLE:119] "[apm] infraBrowserResourceTiming", source: https://fe-static.xhscdn.com/formula-static/ugc/public/resource/js/8103.ec1b381a.js (119)
[0618/154227.291:INFO:CONSOLE:119] "console.groupEnd", source: https://fe-static.xhscdn.com/formula-static/ugc/public/resource/js/8103.ec1b381a.js (119)
[0618/154227.291:INFO:CONSOLE:119] "[apm] infraBrowserResourceTiming", source: https://fe-static.xhscdn.com/formula-static/ugc/public/resource/js/8103.ec1b381a.js (119)
[0618/154227.291:INFO:CONSOLE:119] "console.groupEnd", source: https://fe-static.xhscdn.com/formula-static/ugc/public/resource/js/8103.ec1b381a.js (119)
[0618/154227.291:INFO:CONSOLE:119] "[apm] httpRequestTiming", source: https://fe-static.xhscdn.com/formula-static/ugc/public/resource/js/8103.ec1b381a.js (119)
[0618/154227.291:INFO:CONSOLE:119] "console.groupEnd", source: https://fe-static.xhscdn.com/formula-static/ugc/public/resource/js/8103.ec1b381a.js (119)
[0618/154227.291:INFO:CONSOLE:119] "[apm] infra_sec_web_api_walify", source: https://fe-static.xhscdn.com/formula-static/ugc/public/resource/js/8103.ec1b381a.js (119)
[0618/154227.291:INFO:CONSOLE:119] "console.groupEnd", source: https://fe-static.xhscdn.com/formula-static/ugc/public/resource/js/8103.ec1b381a.js (119)
[0618/154227.291:INFO:CONSOLE:119] "[apm] infra_sec_web_api_walify", source: https://fe-static.xhscdn.com/formula-static/ugc/public/resource/js/8103.ec1b381a.js (119)
[0618/154227.291:INFO:CONSOLE:119] "console.groupEnd", source: https://fe-static.xhscdn.com/formula-static/ugc/public/resource/js/8103.ec1b381a.js (119)
[0618/154227.291:INFO:CONSOLE:119] "[apm] httpRequestTiming", source: https://fe-static.xhscdn.com/formula-static/ugc/public/resource/js/8103.ec1b381a.js (119)
[0618/154227.291:INFO:CONSOLE:119] "console.groupEnd", source: https://fe-static.xhscdn.com/formula-static/ugc/public/resource/js/8103.ec1b381a.js (119)
[0618/154227.307:INFO:CONSOLE:119] "[apm] httpRequestTiming", source: https://fe-static.xhscdn.com/formula-static/ugc/public/resource/js/8103.ec1b381a.js (119)
[0618/154227.307:INFO:CONSOLE:119] "console.groupEnd", source: https://fe-static.xhscdn.com/formula-static/ugc/public/resource/js/8103.ec1b381a.js (119)
[0618/154227.307:INFO:CONSOLE:119] "[apm] httpRequestTiming", source: https://fe-static.xhscdn.com/formula-static/ugc/public/resource/js/8103.ec1b381a.js (119)
[0618/154227.307:INFO:CONSOLE:119] "console.groupEnd", source: https://fe-static.xhscdn.com/formula-static/ugc/public/resource/js/8103.ec1b381a.js (119)
[0618/154227.307:INFO:CONSOLE:119] "[apm] infra_sec_web_api_walify", source: https://fe-static.xhscdn.com/formula-static/ugc/public/resource/js/8103.ec1b381a.js (119)
[0618/154227.307:INFO:CONSOLE:119] "console.groupEnd", source: https://fe-static.xhscdn.com/formula-static/ugc/public/resource/js/8103.ec1b381a.js (119)
[0618/154227.307:INFO:CONSOLE:119] "[apm] httpRequestTiming", source: https://fe-static.xhscdn.com/formula-static/ugc/public/resource/js/8103.ec1b381a.js (119)
[0618/154227.307:INFO:CONSOLE:119] "console.groupEnd", source: https://fe-static.xhscdn.com/formula-static/ugc/public/resource/js/8103.ec1b381a.js (119)
[0618/154227.307:INFO:CONSOLE:119] "[apm] infra_sec_web_api_walify", source: https://fe-static.xhscdn.com/formula-static/ugc/public/resource/js/8103.ec1b381a.js (119)
[0618/154227.307:INFO:CONSOLE:119] "console.groupEnd", source: https://fe-static.xhscdn.com/formula-static/ugc/public/resource/js/8103.ec1b381a.js (119)
[0618/154227.894:INFO:CONSOLE:3] "Error", source:  (3)
[0618/154227.900:INFO:CONSOLE:3] "Error", source:  (3)
[0618/154227.908:INFO:CONSOLE:3] "Error", source:  (3)
[0618/154227.934:INFO:CONSOLE:3] "Error", source:  (3)
[0618/154227.952:INFO:CONSOLE:3] "Error", source:  (3)
[0618/154227.960:INFO:CONSOLE:3] "Error", source:  (3)
[0618/154227.968:INFO:CONSOLE:3] "Error", source:  (3)
[0618/154227.978:INFO:CONSOLE:3] "Error", source:  (3)
[0618/154228.021:INFO:CONSOLE:1] "Fetch API cannot load chrome-extension://dhjaibcmgocbpegmejfphjhhpaphmkpp/is.js. URL scheme "chrome-extension" is not supported.", source: https://fe-static.xhscdn.com/formula-static/ugc/public/resource/js/async/9936.c458759f.js (1)
[0618/154228.021:INFO:CONSOLE:1] "Fetch API cannot load chrome-extension://beeaddblkeeialcohiolkkoiifhgjooj/manifest.json. URL scheme "chrome-extension" is not supported.", source: https://fe-static.xhscdn.com/formula-static/ugc/public/resource/js/async/9936.c458759f.js (1)
[0618/154228.021:INFO:CONSOLE:1] "Fetch API cannot load chrome-extension://ddgooekaaihgnbfbgalfiooiicdnmnia/js/js-index.ts.js. URL scheme "chrome-extension" is not supported.", source: https://fe-static.xhscdn.com/formula-static/ugc/public/resource/js/async/9936.c458759f.js (1)
[0618/154228.022:INFO:CONSOLE:1] "Fetch API cannot load chrome-extension://keeelahekhhgkpaipdodgjnmgkfcdpde/inject.6070000c.js. URL scheme "chrome-extension" is not supported.", source: https://fe-static.xhscdn.com/formula-static/ugc/public/resource/js/async/9936.c458759f.js (1)
[0618/154228.022:INFO:CONSOLE:1] "Fetch API cannot load chrome-extension://dbichmdlbjdeplpkhcejgkakobjbjalc/content-scripts/xiaohongshu.css. URL scheme "chrome-extension" is not supported.", source: https://fe-static.xhscdn.com/formula-static/ugc/public/resource/js/async/9936.c458759f.js (1)
[0618/154228.022:INFO:CONSOLE:1] "Fetch API cannot load chrome-extension://piejlhcmefdepbgalcongckfomfobokb/worker.js. URL scheme "chrome-extension" is not supported.", source: https://fe-static.xhscdn.com/formula-static/ugc/public/resource/js/async/9936.c458759f.js (1)
[0618/154228.022:INFO:CONSOLE:1] "Fetch API cannot load chrome-extension://lenndnnbdichpjlfmfadcjpaenmiflan/inject.bundle.js. URL scheme "chrome-extension" is not supported.", source: https://fe-static.xhscdn.com/formula-static/ugc/public/resource/js/async/9936.c458759f.js (1)
[0618/154228.022:INFO:CONSOLE:1] "Fetch API cannot load chrome-extension://hmeohemhimcjlegdjloglnkfablbneif/inject.bundle.js. URL scheme "chrome-extension" is not supported.", source: https://fe-static.xhscdn.com/formula-static/ugc/public/resource/js/async/9936.c458759f.js (1)
[0618/154228.406:INFO:CONSOLE:0] "Mixed Content: The page at 'https://creator.xiaohongshu.com/new/home' was loaded over HTTPS, but requested an insecure element 'http://ci.xiaohongshu.com/spectrum/1040g0k031hgh4s8g38005n251e51f4uojrj2d3o?imageView2/2/w/1080/format/jpg'. This request was automatically upgraded to HTTPS, For more information see https://blog.chromium.org/2019/10/no-more-mixed-messages-about-https.html", source: https://creator.xiaohongshu.com/new/home (0)
[0618/154228.408:INFO:CONSOLE:0] "Mixed Content: The page at 'https://creator.xiaohongshu.com/new/home' was loaded over HTTPS, but requested an insecure element 'http://ci.xiaohongshu.com/spectrum/1040g34o31hhr9ouvk22g5n251e51f4uoq88kbh8?imageView2/2/w/1080/format/jpg'. This request was automatically upgraded to HTTPS, For more information see https://blog.chromium.org/2019/10/no-more-mixed-messages-about-https.html", source: https://creator.xiaohongshu.com/new/home (0)
[0618/154228.408:INFO:CONSOLE:0] "Mixed Content: The page at 'https://creator.xiaohongshu.com/new/home' was loaded over HTTPS, but requested an insecure element 'http://ci.xiaohongshu.com/spectrum/1040g0k031hhfvke238005n251e51f4uont3lh30?imageView2/2/w/1080/format/jpg'. This request was automatically upgraded to HTTPS, For more information see https://blog.chromium.org/2019/10/no-more-mixed-messages-about-https.html", source: https://creator.xiaohongshu.com/new/home (0)
[0618/154228.408:INFO:CONSOLE:0] "Mixed Content: The page at 'https://creator.xiaohongshu.com/new/home' was loaded over HTTPS, but requested an insecure element 'http://ci.xiaohongshu.com/spectrum/1040g0k031e5io2s4h2005n251e51f4uov9jiue8?imageView2/2/w/1080/format/jpg'. This request was automatically upgraded to HTTPS, For more information see https://blog.chromium.org/2019/10/no-more-mixed-messages-about-https.html", source: https://creator.xiaohongshu.com/new/home (0)
[0618/154228.607:INFO:CONSOLE:119] "[apm] infra_sec_web_api_walify", source: https://fe-static.xhscdn.com/formula-static/ugc/public/resource/js/8103.ec1b381a.js (119)
[0618/154228.607:INFO:CONSOLE:119] "console.groupEnd", source: https://fe-static.xhscdn.com/formula-static/ugc/public/resource/js/8103.ec1b381a.js (119)
[0618/154228.607:INFO:CONSOLE:119] "[apm] httpRequestTiming", source: https://fe-static.xhscdn.com/formula-static/ugc/public/resource/js/8103.ec1b381a.js (119)
[0618/154228.607:INFO:CONSOLE:119] "console.groupEnd", source: https://fe-static.xhscdn.com/formula-static/ugc/public/resource/js/8103.ec1b381a.js (119)
[0618/154228.607:INFO:CONSOLE:119] "[apm] httpRequestTiming", source: https://fe-static.xhscdn.com/formula-static/ugc/public/resource/js/8103.ec1b381a.js (119)
[0618/154228.607:INFO:CONSOLE:119] "console.groupEnd", source: https://fe-static.xhscdn.com/formula-static/ugc/public/resource/js/8103.ec1b381a.js (119)
[0618/154228.607:INFO:CONSOLE:119] "[apm] sns_web_publish_sw", source: https://fe-static.xhscdn.com/formula-static/ugc/public/resource/js/8103.ec1b381a.js (119)
[0618/154228.607:INFO:CONSOLE:119] "console.groupEnd", source: https://fe-static.xhscdn.com/formula-static/ugc/public/resource/js/8103.ec1b381a.js (119)
[0618/154228.607:INFO:CONSOLE:119] "[apm] httpRequestTiming", source: https://fe-static.xhscdn.com/formula-static/ugc/public/resource/js/8103.ec1b381a.js (119)
[0618/154228.607:INFO:CONSOLE:119] "console.groupEnd", source: https://fe-static.xhscdn.com/formula-static/ugc/public/resource/js/8103.ec1b381a.js (119)
[0618/154228.983:INFO:CONSOLE:119] "[apm performance metric] paintTiming", source: https://fe-static.xhscdn.com/formula-static/ugc/public/resource/js/8103.ec1b381a.js (119)
[0618/154228.983:INFO:CONSOLE:119] "console.groupEnd", source: https://fe-static.xhscdn.com/formula-static/ugc/public/resource/js/8103.ec1b381a.js (119)
[0618/154229.088:INFO:CONSOLE:119] "[apm] httpRequestTiming", source: https://fe-static.xhscdn.com/formula-static/ugc/public/resource/js/8103.ec1b381a.js (119)
[0618/154229.088:INFO:CONSOLE:119] "console.groupEnd", source: https://fe-static.xhscdn.com/formula-static/ugc/public/resource/js/8103.ec1b381a.js (119)
[0618/154229.088:INFO:CONSOLE:119] "[apm] httpRequestTiming", source: https://fe-static.xhscdn.com/formula-static/ugc/public/resource/js/8103.ec1b381a.js (119)
[0618/154229.088:INFO:CONSOLE:119] "console.groupEnd", source: https://fe-static.xhscdn.com/formula-static/ugc/public/resource/js/8103.ec1b381a.js (119)
[0618/154229.088:INFO:CONSOLE:119] "[apm] httpRequestTiming", source: https://fe-static.xhscdn.com/formula-static/ugc/public/resource/js/8103.ec1b381a.js (119)
[0618/154229.088:INFO:CONSOLE:119] "console.groupEnd", source: https://fe-static.xhscdn.com/formula-static/ugc/public/resource/js/8103.ec1b381a.js (119)
[0618/154229.088:INFO:CONSOLE:119] "[apm] httpRequestTiming", source: https://fe-static.xhscdn.com/formula-static/ugc/public/resource/js/8103.ec1b381a.js (119)
[0618/154229.088:INFO:CONSOLE:119] "console.groupEnd", source: https://fe-static.xhscdn.com/formula-static/ugc/public/resource/js/8103.ec1b381a.js (119)
[0618/154229.088:INFO:CONSOLE:119] "[apm] httpRequestTiming", source: https://fe-static.xhscdn.com/formula-static/ugc/public/resource/js/8103.ec1b381a.js (119)
[0618/154229.088:INFO:CONSOLE:119] "console.groupEnd", source: https://fe-static.xhscdn.com/formula-static/ugc/public/resource/js/8103.ec1b381a.js (119)
[0618/154229.310:INFO:CONSOLE:119] "[apm] httpRequestTiming", source: https://fe-static.xhscdn.com/formula-static/ugc/public/resource/js/8103.ec1b381a.js (119)
[0618/154229.311:INFO:CONSOLE:119] "console.groupEnd", source: https://fe-static.xhscdn.com/formula-static/ugc/public/resource/js/8103.ec1b381a.js (119)
[0618/154229.311:INFO:CONSOLE:119] "[apm] httpRequestTiming", source: https://fe-static.xhscdn.com/formula-static/ugc/public/resource/js/8103.ec1b381a.js (119)
[0618/154229.311:INFO:CONSOLE:119] "console.groupEnd", source: https://fe-static.xhscdn.com/formula-static/ugc/public/resource/js/8103.ec1b381a.js (119)
[0618/154229.311:INFO:CONSOLE:119] "[apm] httpRequestTiming", source: https://fe-static.xhscdn.com/formula-static/ugc/public/resource/js/8103.ec1b381a.js (119)
[0618/154229.311:INFO:CONSOLE:119] "console.groupEnd", source: https://fe-static.xhscdn.com/formula-static/ugc/public/resource/js/8103.ec1b381a.js (119)
[0618/154229.311:INFO:CONSOLE:119] "[apm] httpRequestTiming", source: https://fe-static.xhscdn.com/formula-static/ugc/public/resource/js/8103.ec1b381a.js (119)
[0618/154229.311:INFO:CONSOLE:119] "console.groupEnd", source: https://fe-static.xhscdn.com/formula-static/ugc/public/resource/js/8103.ec1b381a.js (119)
[0618/154229.311:INFO:CONSOLE:119] "[apm] httpRequestTiming", source: https://fe-static.xhscdn.com/formula-static/ugc/public/resource/js/8103.ec1b381a.js (119)
[0618/154229.311:INFO:CONSOLE:119] "console.groupEnd", source: https://fe-static.xhscdn.com/formula-static/ugc/public/resource/js/8103.ec1b381a.js (119)
[0618/154229.332:INFO:CONSOLE:0] "Mixed Content: The page at 'https://creator.xiaohongshu.com/new/home' was loaded over HTTPS, but requested an insecure element 'http://ci.xiaohongshu.com/spectrum/1040g0k0321h9dcboms005q9l4qsskusbaq5c320?imageView2/2/w/1080/format/jpg'. This request was automatically upgraded to HTTPS, For more information see https://blog.chromium.org/2019/10/no-more-mixed-messages-about-https.html", source: https://creator.xiaohongshu.com/new/home (0)
[0618/154229.559:INFO:CONSOLE:0] "Mixed Content: The page at 'https://creator.xiaohongshu.com/new/home' was loaded over HTTPS, but requested an insecure element 'http://ci.xiaohongshu.com/0219df73-68d0-3502-a77c-72b1fd4cfcfb?imageView2/2/w/270/format/jpg'. This request was automatically upgraded to HTTPS, For more information see https://blog.chromium.org/2019/10/no-more-mixed-messages-about-https.html", source: https://creator.xiaohongshu.com/new/home (0)
[0618/154229.559:INFO:CONSOLE:0] "Mixed Content: The page at 'https://creator.xiaohongshu.com/new/home' was loaded over HTTPS, but requested an insecure element 'http://ci.xiaohongshu.com/fdbba771-8c11-318d-bd7e-65084dfa6236?imageView2/2/w/270/format/jpg'. This request was automatically upgraded to HTTPS, For more information see https://blog.chromium.org/2019/10/no-more-mixed-messages-about-https.html", source: https://creator.xiaohongshu.com/new/home (0)
[0618/154229.559:INFO:CONSOLE:0] "Mixed Content: The page at 'https://creator.xiaohongshu.com/new/home' was loaded over HTTPS, but requested an insecure element 'http://ci.xiaohongshu.com/f84f0e81-44d3-3284-bd8c-df0cd50db549?imageView2/2/w/270/format/jpg'. This request was automatically upgraded to HTTPS, For more information see https://blog.chromium.org/2019/10/no-more-mixed-messages-about-https.html", source: https://creator.xiaohongshu.com/new/home (0)
[0618/154229.559:INFO:CONSOLE:0] "Mixed Content: The page at 'https://creator.xiaohongshu.com/new/home' was loaded over HTTPS, but requested an insecure element 'http://ci.xiaohongshu.com/32cacced-3b28-321d-9ed6-7745e001e985?imageView2/2/w/270/format/jpg'. This request was automatically upgraded to HTTPS, For more information see https://blog.chromium.org/2019/10/no-more-mixed-messages-about-https.html", source: https://creator.xiaohongshu.com/new/home (0)
[0618/154229.559:INFO:CONSOLE:0] "Mixed Content: The page at 'https://creator.xiaohongshu.com/new/home' was loaded over HTTPS, but requested an insecure element 'http://ci.xiaohongshu.com/cbc2f859-bb10-3d3f-a141-5dd92056725d?imageView2/2/w/270/format/jpg'. This request was automatically upgraded to HTTPS, For more information see https://blog.chromium.org/2019/10/no-more-mixed-messages-about-https.html", source: https://creator.xiaohongshu.com/new/home (0)
[0618/154229.559:INFO:CONSOLE:0] "Mixed Content: The page at 'https://creator.xiaohongshu.com/new/home' was loaded over HTTPS, but requested an insecure element 'http://ci.xiaohongshu.com/d7762267-69c7-3bc0-a89a-3c7127f0f738?imageView2/2/w/270/format/jpg'. This request was automatically upgraded to HTTPS, For more information see https://blog.chromium.org/2019/10/no-more-mixed-messages-about-https.html", source: https://creator.xiaohongshu.com/new/home (0)
[0618/154229.559:INFO:CONSOLE:0] "Mixed Content: The page at 'https://creator.xiaohongshu.com/new/home' was loaded over HTTPS, but requested an insecure element 'http://ci.xiaohongshu.com/6ddf4fe1-2908-3b71-8ca7-fee885c4eab9?imageView2/2/w/270/format/jpg'. This request was automatically upgraded to HTTPS, For more information see https://blog.chromium.org/2019/10/no-more-mixed-messages-about-https.html", source: https://creator.xiaohongshu.com/new/home (0)
[0618/154229.559:INFO:CONSOLE:0] "Mixed Content: The page at 'https://creator.xiaohongshu.com/new/home' was loaded over HTTPS, but requested an insecure element 'http://ci.xiaohongshu.com/dfa37da0-ca01-31a7-9bb7-2e30e21c724a?imageView2/2/w/270/format/jpg'. This request was automatically upgraded to HTTPS, For more information see https://blog.chromium.org/2019/10/no-more-mixed-messages-about-https.html", source: https://creator.xiaohongshu.com/new/home (0)
[0618/154229.559:INFO:CONSOLE:0] "Mixed Content: The page at 'https://creator.xiaohongshu.com/new/home' was loaded over HTTPS, but requested an insecure element 'http://ci.xiaohongshu.com/dcef525b-8e58-38d5-ab60-0e6cb5a185f7?imageView2/2/w/270/format/jpg'. This request was automatically upgraded to HTTPS, For more information see https://blog.chromium.org/2019/10/no-more-mixed-messages-about-https.html", source: https://creator.xiaohongshu.com/new/home (0)
[0618/154229.559:INFO:CONSOLE:0] "Mixed Content: The page at 'https://creator.xiaohongshu.com/new/home' was loaded over HTTPS, but requested an insecure element 'http://ci.xiaohongshu.com/2d9fa2fa-3d30-3ce8-b8f1-54b97d788720?imageView2/2/w/270/format/jpg'. This request was automatically upgraded to HTTPS, For more information see https://blog.chromium.org/2019/10/no-more-mixed-messages-about-https.html", source: https://creator.xiaohongshu.com/new/home (0)
[0618/154229.560:INFO:CONSOLE:0] "Mixed Content: The page at 'https://creator.xiaohongshu.com/new/home' was loaded over HTTPS, but requested an insecure element 'http://ci.xiaohongshu.com/347a3290-049d-3a1f-bd88-33fd260672a1?imageView2/2/w/270/format/jpg'. This request was automatically upgraded to HTTPS, For more information see https://blog.chromium.org/2019/10/no-more-mixed-messages-about-https.html", source: https://creator.xiaohongshu.com/new/home (0)
[0618/154229.560:INFO:CONSOLE:0] "Mixed Content: The page at 'https://creator.xiaohongshu.com/new/home' was loaded over HTTPS, but requested an insecure element 'http://ci.xiaohongshu.com/2404ddb6-deb7-33ba-9d03-d2c434a02e46?imageView2/2/w/270/format/jpg'. This request was automatically upgraded to HTTPS, For more information see https://blog.chromium.org/2019/10/no-more-mixed-messages-about-https.html", source: https://creator.xiaohongshu.com/new/home (0)
[0618/154229.560:INFO:CONSOLE:0] "Mixed Content: The page at 'https://creator.xiaohongshu.com/new/home' was loaded over HTTPS, but requested an insecure element 'http://ci.xiaohongshu.com/77c0d478-c016-39c9-954d-1cdaac23e79c?imageView2/2/w/270/format/jpg'. This request was automatically upgraded to HTTPS, For more information see https://blog.chromium.org/2019/10/no-more-mixed-messages-about-https.html", source: https://creator.xiaohongshu.com/new/home (0)
[0618/154229.560:INFO:CONSOLE:0] "Mixed Content: The page at 'https://creator.xiaohongshu.com/new/home' was loaded over HTTPS, but requested an insecure element 'http://ci.xiaohongshu.com/cb9a7294-3b4c-3da3-8121-ed0637cad6b4?imageView2/2/w/270/format/jpg'. This request was automatically upgraded to HTTPS, For more information see https://blog.chromium.org/2019/10/no-more-mixed-messages-about-https.html", source: https://creator.xiaohongshu.com/new/home (0)
[0618/154229.560:INFO:CONSOLE:0] "Mixed Content: The page at 'https://creator.xiaohongshu.com/new/home' was loaded over HTTPS, but requested an insecure element 'http://ci.xiaohongshu.com/010272016jzd5soyf9t0103dw2t2hyvlhx?imageView2/2/w/270/format/jpg'. This request was automatically upgraded to HTTPS, For more information see https://blog.chromium.org/2019/10/no-more-mixed-messages-about-https.html", source: https://creator.xiaohongshu.com/new/home (0)
[0618/154229.560:INFO:CONSOLE:0] "Mixed Content: The page at 'https://creator.xiaohongshu.com/new/home' was loaded over HTTPS, but requested an insecure element 'http://ci.xiaohongshu.com/0219df73-68d0-3502-a77c-72b1fd4cfcfb?imageView2/2/w/270/format/jpg'. This request was automatically upgraded to HTTPS, For more information see https://blog.chromium.org/2019/10/no-more-mixed-messages-about-https.html", source: https://creator.xiaohongshu.com/new/home (0)
[0618/154229.560:INFO:CONSOLE:0] "Mixed Content: The page at 'https://creator.xiaohongshu.com/new/home' was loaded over HTTPS, but requested an insecure element 'http://ci.xiaohongshu.com/fdbba771-8c11-318d-bd7e-65084dfa6236?imageView2/2/w/270/format/jpg'. This request was automatically upgraded to HTTPS, For more information see https://blog.chromium.org/2019/10/no-more-mixed-messages-about-https.html", source: https://creator.xiaohongshu.com/new/home (0)
[0618/154229.560:INFO:CONSOLE:0] "Mixed Content: The page at 'https://creator.xiaohongshu.com/new/home' was loaded over HTTPS, but requested an insecure element 'http://ci.xiaohongshu.com/f84f0e81-44d3-3284-bd8c-df0cd50db549?imageView2/2/w/270/format/jpg'. This request was automatically upgraded to HTTPS, For more information see https://blog.chromium.org/2019/10/no-more-mixed-messages-about-https.html", source: https://creator.xiaohongshu.com/new/home (0)
[0618/154229.560:INFO:CONSOLE:0] "Mixed Content: The page at 'https://creator.xiaohongshu.com/new/home' was loaded over HTTPS, but requested an insecure element 'http://ci.xiaohongshu.com/32cacced-3b28-321d-9ed6-7745e001e985?imageView2/2/w/270/format/jpg'. This request was automatically upgraded to HTTPS, For more information see https://blog.chromium.org/2019/10/no-more-mixed-messages-about-https.html", source: https://creator.xiaohongshu.com/new/home (0)
[0618/154229.560:INFO:CONSOLE:0] "Mixed Content: The page at 'https://creator.xiaohongshu.com/new/home' was loaded over HTTPS, but requested an insecure element 'http://ci.xiaohongshu.com/cbc2f859-bb10-3d3f-a141-5dd92056725d?imageView2/2/w/270/format/jpg'. This request was automatically upgraded to HTTPS, For more information see https://blog.chromium.org/2019/10/no-more-mixed-messages-about-https.html", source: https://creator.xiaohongshu.com/new/home (0)
[0618/154229.560:INFO:CONSOLE:0] "Mixed Content: The page at 'https://creator.xiaohongshu.com/new/home' was loaded over HTTPS, but requested an insecure element 'http://ci.xiaohongshu.com/d7762267-69c7-3bc0-a89a-3c7127f0f738?imageView2/2/w/270/format/jpg'. This request was automatically upgraded to HTTPS, For more information see https://blog.chromium.org/2019/10/no-more-mixed-messages-about-https.html", source: https://creator.xiaohongshu.com/new/home (0)
[0618/154229.560:INFO:CONSOLE:0] "Mixed Content: The page at 'https://creator.xiaohongshu.com/new/home' was loaded over HTTPS, but requested an insecure element 'http://ci.xiaohongshu.com/6ddf4fe1-2908-3b71-8ca7-fee885c4eab9?imageView2/2/w/270/format/jpg'. This request was automatically upgraded to HTTPS, For more information see https://blog.chromium.org/2019/10/no-more-mixed-messages-about-https.html", source: https://creator.xiaohongshu.com/new/home (0)
[0618/154229.560:INFO:CONSOLE:0] "Mixed Content: The page at 'https://creator.xiaohongshu.com/new/home' was loaded over HTTPS, but requested an insecure element 'http://ci.xiaohongshu.com/dfa37da0-ca01-31a7-9bb7-2e30e21c724a?imageView2/2/w/270/format/jpg'. This request was automatically upgraded to HTTPS, For more information see https://blog.chromium.org/2019/10/no-more-mixed-messages-about-https.html", source: https://creator.xiaohongshu.com/new/home (0)
[0618/154229.560:INFO:CONSOLE:0] "Mixed Content: The page at 'https://creator.xiaohongshu.com/new/home' was loaded over HTTPS, but requested an insecure element 'http://ci.xiaohongshu.com/dcef525b-8e58-38d5-ab60-0e6cb5a185f7?imageView2/2/w/270/format/jpg'. This request was automatically upgraded to HTTPS, For more information see https://blog.chromium.org/2019/10/no-more-mixed-messages-about-https.html", source: https://creator.xiaohongshu.com/new/home (0)
[0618/154229.560:INFO:CONSOLE:0] "Mixed Content: The page at 'https://creator.xiaohongshu.com/new/home' was loaded over HTTPS, but requested an insecure element 'http://ci.xiaohongshu.com/2d9fa2fa-3d30-3ce8-b8f1-54b97d788720?imageView2/2/w/270/format/jpg'. This request was automatically upgraded to HTTPS, For more information see https://blog.chromium.org/2019/10/no-more-mixed-messages-about-https.html", source: https://creator.xiaohongshu.com/new/home (0)
[0618/154229.560:INFO:CONSOLE:0] "Mixed Content: The page at 'https://creator.xiaohongshu.com/new/home' was loaded over HTTPS, but requested an insecure element 'http://ci.xiaohongshu.com/347a3290-049d-3a1f-bd88-33fd260672a1?imageView2/2/w/270/format/jpg'. This request was automatically upgraded to HTTPS, For more information see https://blog.chromium.org/2019/10/no-more-mixed-messages-about-https.html", source: https://creator.xiaohongshu.com/new/home (0)
[0618/154229.560:INFO:CONSOLE:0] "Mixed Content: The page at 'https://creator.xiaohongshu.com/new/home' was loaded over HTTPS, but requested an insecure element 'http://ci.xiaohongshu.com/2404ddb6-deb7-33ba-9d03-d2c434a02e46?imageView2/2/w/270/format/jpg'. This request was automatically upgraded to HTTPS, For more information see https://blog.chromium.org/2019/10/no-more-mixed-messages-about-https.html", source: https://creator.xiaohongshu.com/new/home (0)
[0618/154229.560:INFO:CONSOLE:0] "Mixed Content: The page at 'https://creator.xiaohongshu.com/new/home' was loaded over HTTPS, but requested an insecure element 'http://ci.xiaohongshu.com/77c0d478-c016-39c9-954d-1cdaac23e79c?imageView2/2/w/270/format/jpg'. This request was automatically upgraded to HTTPS, For more information see https://blog.chromium.org/2019/10/no-more-mixed-messages-about-https.html", source: https://creator.xiaohongshu.com/new/home (0)
[0618/154229.560:INFO:CONSOLE:0] "Mixed Content: The page at 'https://creator.xiaohongshu.com/new/home' was loaded over HTTPS, but requested an insecure element 'http://ci.xiaohongshu.com/cb9a7294-3b4c-3da3-8121-ed0637cad6b4?imageView2/2/w/270/format/jpg'. This request was automatically upgraded to HTTPS, For more information see https://blog.chromium.org/2019/10/no-more-mixed-messages-about-https.html", source: https://creator.xiaohongshu.com/new/home (0)
[0618/154229.560:INFO:CONSOLE:0] "Mixed Content: The page at 'https://creator.xiaohongshu.com/new/home' was loaded over HTTPS, but requested an insecure element 'http://ci.xiaohongshu.com/010272016jzd5soyf9t0103dw2t2hyvlhx?imageView2/2/w/270/format/jpg'. This request was automatically upgraded to HTTPS, For more information see https://blog.chromium.org/2019/10/no-more-mixed-messages-about-https.html", source: https://creator.xiaohongshu.com/new/home (0)
[0618/154229.560:INFO:CONSOLE:0] "Mixed Content: The page at 'https://creator.xiaohongshu.com/new/home' was loaded over HTTPS, but requested an insecure element 'http://ci.xiaohongshu.com/0219df73-68d0-3502-a77c-72b1fd4cfcfb?imageView2/2/w/270/format/jpg'. This request was automatically upgraded to HTTPS, For more information see https://blog.chromium.org/2019/10/no-more-mixed-messages-about-https.html", source: https://creator.xiaohongshu.com/new/home (0)
[0618/154229.560:INFO:CONSOLE:0] "Mixed Content: The page at 'https://creator.xiaohongshu.com/new/home' was loaded over HTTPS, but requested an insecure element 'http://ci.xiaohongshu.com/fdbba771-8c11-318d-bd7e-65084dfa6236?imageView2/2/w/270/format/jpg'. This request was automatically upgraded to HTTPS, For more information see https://blog.chromium.org/2019/10/no-more-mixed-messages-about-https.html", source: https://creator.xiaohongshu.com/new/home (0)
[0618/154229.560:INFO:CONSOLE:0] "Mixed Content: The page at 'https://creator.xiaohongshu.com/new/home' was loaded over HTTPS, but requested an insecure element 'http://ci.xiaohongshu.com/f84f0e81-44d3-3284-bd8c-df0cd50db549?imageView2/2/w/270/format/jpg'. This request was automatically upgraded to HTTPS, For more information see https://blog.chromium.org/2019/10/no-more-mixed-messages-about-https.html", source: https://creator.xiaohongshu.com/new/home (0)
[0618/154229.560:INFO:CONSOLE:0] "Mixed Content: The page at 'https://creator.xiaohongshu.com/new/home' was loaded over HTTPS, but requested an insecure element 'http://ci.xiaohongshu.com/32cacced-3b28-321d-9ed6-7745e001e985?imageView2/2/w/270/format/jpg'. This request was automatically upgraded to HTTPS, For more information see https://blog.chromium.org/2019/10/no-more-mixed-messages-about-https.html", source: https://creator.xiaohongshu.com/new/home (0)
[0618/154229.560:INFO:CONSOLE:0] "Mixed Content: The page at 'https://creator.xiaohongshu.com/new/home' was loaded over HTTPS, but requested an insecure element 'http://ci.xiaohongshu.com/cbc2f859-bb10-3d3f-a141-5dd92056725d?imageView2/2/w/270/format/jpg'. This request was automatically upgraded to HTTPS, For more information see https://blog.chromium.org/2019/10/no-more-mixed-messages-about-https.html", source: https://creator.xiaohongshu.com/new/home (0)
[0618/154229.560:INFO:CONSOLE:0] "Mixed Content: The page at 'https://creator.xiaohongshu.com/new/home' was loaded over HTTPS, but requested an insecure element 'http://ci.xiaohongshu.com/d7762267-69c7-3bc0-a89a-3c7127f0f738?imageView2/2/w/270/format/jpg'. This request was automatically upgraded to HTTPS, For more information see https://blog.chromium.org/2019/10/no-more-mixed-messages-about-https.html", source: https://creator.xiaohongshu.com/new/home (0)
[0618/154229.560:INFO:CONSOLE:0] "Mixed Content: The page at 'https://creator.xiaohongshu.com/new/home' was loaded over HTTPS, but requested an insecure element 'http://ci.xiaohongshu.com/6ddf4fe1-2908-3b71-8ca7-fee885c4eab9?imageView2/2/w/270/format/jpg'. This request was automatically upgraded to HTTPS, For more information see https://blog.chromium.org/2019/10/no-more-mixed-messages-about-https.html", source: https://creator.xiaohongshu.com/new/home (0)
[0618/154229.560:INFO:CONSOLE:0] "Mixed Content: The page at 'https://creator.xiaohongshu.com/new/home' was loaded over HTTPS, but requested an insecure element 'http://ci.xiaohongshu.com/dfa37da0-ca01-31a7-9bb7-2e30e21c724a?imageView2/2/w/270/format/jpg'. This request was automatically upgraded to HTTPS, For more information see https://blog.chromium.org/2019/10/no-more-mixed-messages-about-https.html", source: https://creator.xiaohongshu.com/new/home (0)
[0618/154229.560:INFO:CONSOLE:0] "Mixed Content: The page at 'https://creator.xiaohongshu.com/new/home' was loaded over HTTPS, but requested an insecure element 'http://ci.xiaohongshu.com/dcef525b-8e58-38d5-ab60-0e6cb5a185f7?imageView2/2/w/270/format/jpg'. This request was automatically upgraded to HTTPS, For more information see https://blog.chromium.org/2019/10/no-more-mixed-messages-about-https.html", source: https://creator.xiaohongshu.com/new/home (0)
[0618/154229.560:INFO:CONSOLE:0] "Mixed Content: The page at 'https://creator.xiaohongshu.com/new/home' was loaded over HTTPS, but requested an insecure element 'http://ci.xiaohongshu.com/2d9fa2fa-3d30-3ce8-b8f1-54b97d788720?imageView2/2/w/270/format/jpg'. This request was automatically upgraded to HTTPS, For more information see https://blog.chromium.org/2019/10/no-more-mixed-messages-about-https.html", source: https://creator.xiaohongshu.com/new/home (0)
[0618/154229.560:INFO:CONSOLE:0] "Mixed Content: The page at 'https://creator.xiaohongshu.com/new/home' was loaded over HTTPS, but requested an insecure element 'http://ci.xiaohongshu.com/347a3290-049d-3a1f-bd88-33fd260672a1?imageView2/2/w/270/format/jpg'. This request was automatically upgraded to HTTPS, For more information see https://blog.chromium.org/2019/10/no-more-mixed-messages-about-https.html", source: https://creator.xiaohongshu.com/new/home (0)
[0618/154229.560:INFO:CONSOLE:0] "Mixed Content: The page at 'https://creator.xiaohongshu.com/new/home' was loaded over HTTPS, but requested an insecure element 'http://ci.xiaohongshu.com/2404ddb6-deb7-33ba-9d03-d2c434a02e46?imageView2/2/w/270/format/jpg'. This request was automatically upgraded to HTTPS, For more information see https://blog.chromium.org/2019/10/no-more-mixed-messages-about-https.html", source: https://creator.xiaohongshu.com/new/home (0)
[0618/154229.560:INFO:CONSOLE:0] "Mixed Content: The page at 'https://creator.xiaohongshu.com/new/home' was loaded over HTTPS, but requested an insecure element 'http://ci.xiaohongshu.com/77c0d478-c016-39c9-954d-1cdaac23e79c?imageView2/2/w/270/format/jpg'. This request was automatically upgraded to HTTPS, For more information see https://blog.chromium.org/2019/10/no-more-mixed-messages-about-https.html", source: https://creator.xiaohongshu.com/new/home (0)
[0618/154229.560:INFO:CONSOLE:0] "Mixed Content: The page at 'https://creator.xiaohongshu.com/new/home' was loaded over HTTPS, but requested an insecure element 'http://ci.xiaohongshu.com/cb9a7294-3b4c-3da3-8121-ed0637cad6b4?imageView2/2/w/270/format/jpg'. This request was automatically upgraded to HTTPS, For more information see https://blog.chromium.org/2019/10/no-more-mixed-messages-about-https.html", source: https://creator.xiaohongshu.com/new/home (0)
[0618/154229.562:INFO:CONSOLE:0] "Mixed Content: The page at 'https://creator.xiaohongshu.com/new/home' was loaded over HTTPS, but requested an insecure element 'http://ci.xiaohongshu.com/010272016jzd5soyf9t0103dw2t2hyvlhx?imageView2/2/w/270/format/jpg'. This request was automatically upgraded to HTTPS, For more information see https://blog.chromium.org/2019/10/no-more-mixed-messages-about-https.html", source: https://creator.xiaohongshu.com/new/home (0)
[0618/154229.562:INFO:CONSOLE:0] "Mixed Content: The page at 'https://creator.xiaohongshu.com/new/home' was loaded over HTTPS, but requested an insecure element 'http://ci.xiaohongshu.com/0219df73-68d0-3502-a77c-72b1fd4cfcfb?imageView2/2/w/270/format/jpg'. This request was automatically upgraded to HTTPS, For more information see https://blog.chromium.org/2019/10/no-more-mixed-messages-about-https.html", source: https://creator.xiaohongshu.com/new/home (0)
[0618/154229.562:INFO:CONSOLE:0] "Mixed Content: The page at 'https://creator.xiaohongshu.com/new/home' was loaded over HTTPS, but requested an insecure element 'http://ci.xiaohongshu.com/fdbba771-8c11-318d-bd7e-65084dfa6236?imageView2/2/w/270/format/jpg'. This request was automatically upgraded to HTTPS, For more information see https://blog.chromium.org/2019/10/no-more-mixed-messages-about-https.html", source: https://creator.xiaohongshu.com/new/home (0)
[0618/154229.562:INFO:CONSOLE:0] "Mixed Content: The page at 'https://creator.xiaohongshu.com/new/home' was loaded over HTTPS, but requested an insecure element 'http://ci.xiaohongshu.com/f84f0e81-44d3-3284-bd8c-df0cd50db549?imageView2/2/w/270/format/jpg'. This request was automatically upgraded to HTTPS, For more information see https://blog.chromium.org/2019/10/no-more-mixed-messages-about-https.html", source: https://creator.xiaohongshu.com/new/home (0)
[0618/154229.562:INFO:CONSOLE:0] "Mixed Content: The page at 'https://creator.xiaohongshu.com/new/home' was loaded over HTTPS, but requested an insecure element 'http://ci.xiaohongshu.com/32cacced-3b28-321d-9ed6-7745e001e985?imageView2/2/w/270/format/jpg'. This request was automatically upgraded to HTTPS, For more information see https://blog.chromium.org/2019/10/no-more-mixed-messages-about-https.html", source: https://creator.xiaohongshu.com/new/home (0)
[0618/154229.562:INFO:CONSOLE:0] "Mixed Content: The page at 'https://creator.xiaohongshu.com/new/home' was loaded over HTTPS, but requested an insecure element 'http://ci.xiaohongshu.com/cbc2f859-bb10-3d3f-a141-5dd92056725d?imageView2/2/w/270/format/jpg'. This request was automatically upgraded to HTTPS, For more information see https://blog.chromium.org/2019/10/no-more-mixed-messages-about-https.html", source: https://creator.xiaohongshu.com/new/home (0)
[0618/154229.562:INFO:CONSOLE:0] "Mixed Content: The page at 'https://creator.xiaohongshu.com/new/home' was loaded over HTTPS, but requested an insecure element 'http://ci.xiaohongshu.com/d7762267-69c7-3bc0-a89a-3c7127f0f738?imageView2/2/w/270/format/jpg'. This request was automatically upgraded to HTTPS, For more information see https://blog.chromium.org/2019/10/no-more-mixed-messages-about-https.html", source: https://creator.xiaohongshu.com/new/home (0)
[0618/154229.562:INFO:CONSOLE:0] "Mixed Content: The page at 'https://creator.xiaohongshu.com/new/home' was loaded over HTTPS, but requested an insecure element 'http://ci.xiaohongshu.com/6ddf4fe1-2908-3b71-8ca7-fee885c4eab9?imageView2/2/w/270/format/jpg'. This request was automatically upgraded to HTTPS, For more information see https://blog.chromium.org/2019/10/no-more-mixed-messages-about-https.html", source: https://creator.xiaohongshu.com/new/home (0)
[0618/154229.562:INFO:CONSOLE:0] "Mixed Content: The page at 'https://creator.xiaohongshu.com/new/home' was loaded over HTTPS, but requested an insecure element 'http://ci.xiaohongshu.com/dfa37da0-ca01-31a7-9bb7-2e30e21c724a?imageView2/2/w/270/format/jpg'. This request was automatically upgraded to HTTPS, For more information see https://blog.chromium.org/2019/10/no-more-mixed-messages-about-https.html", source: https://creator.xiaohongshu.com/new/home (0)
[0618/154229.562:INFO:CONSOLE:0] "Mixed Content: The page at 'https://creator.xiaohongshu.com/new/home' was loaded over HTTPS, but requested an insecure element 'http://ci.xiaohongshu.com/dcef525b-8e58-38d5-ab60-0e6cb5a185f7?imageView2/2/w/270/format/jpg'. This request was automatically upgraded to HTTPS, For more information see https://blog.chromium.org/2019/10/no-more-mixed-messages-about-https.html", source: https://creator.xiaohongshu.com/new/home (0)
[0618/154229.562:INFO:CONSOLE:0] "Mixed Content: The page at 'https://creator.xiaohongshu.com/new/home' was loaded over HTTPS, but requested an insecure element 'http://ci.xiaohongshu.com/2d9fa2fa-3d30-3ce8-b8f1-54b97d788720?imageView2/2/w/270/format/jpg'. This request was automatically upgraded to HTTPS, For more information see https://blog.chromium.org/2019/10/no-more-mixed-messages-about-https.html", source: https://creator.xiaohongshu.com/new/home (0)
[0618/154229.562:INFO:CONSOLE:0] "Mixed Content: The page at 'https://creator.xiaohongshu.com/new/home' was loaded over HTTPS, but requested an insecure element 'http://ci.xiaohongshu.com/347a3290-049d-3a1f-bd88-33fd260672a1?imageView2/2/w/270/format/jpg'. This request was automatically upgraded to HTTPS, For more information see https://blog.chromium.org/2019/10/no-more-mixed-messages-about-https.html", source: https://creator.xiaohongshu.com/new/home (0)
[0618/154229.562:INFO:CONSOLE:0] "Mixed Content: The page at 'https://creator.xiaohongshu.com/new/home' was loaded over HTTPS, but requested an insecure element 'http://ci.xiaohongshu.com/2404ddb6-deb7-33ba-9d03-d2c434a02e46?imageView2/2/w/270/format/jpg'. This request was automatically upgraded to HTTPS, For more information see https://blog.chromium.org/2019/10/no-more-mixed-messages-about-https.html", source: https://creator.xiaohongshu.com/new/home (0)
[0618/154229.562:INFO:CONSOLE:0] "Mixed Content: The page at 'https://creator.xiaohongshu.com/new/home' was loaded over HTTPS, but requested an insecure element 'http://ci.xiaohongshu.com/77c0d478-c016-39c9-954d-1cdaac23e79c?imageView2/2/w/270/format/jpg'. This request was automatically upgraded to HTTPS, For more information see https://blog.chromium.org/2019/10/no-more-mixed-messages-about-https.html", source: https://creator.xiaohongshu.com/new/home (0)
[0618/154229.562:INFO:CONSOLE:0] "Mixed Content: The page at 'https://creator.xiaohongshu.com/new/home' was loaded over HTTPS, but requested an insecure element 'http://ci.xiaohongshu.com/cb9a7294-3b4c-3da3-8121-ed0637cad6b4?imageView2/2/w/270/format/jpg'. This request was automatically upgraded to HTTPS, For more information see https://blog.chromium.org/2019/10/no-more-mixed-messages-about-https.html", source: https://creator.xiaohongshu.com/new/home (0)
[0618/154229.562:INFO:CONSOLE:0] "Mixed Content: The page at 'https://creator.xiaohongshu.com/new/home' was loaded over HTTPS, but requested an insecure element 'http://ci.xiaohongshu.com/010272016jzd5soyf9t0103dw2t2hyvlhx?imageView2/2/w/270/format/jpg'. This request was automatically upgraded to HTTPS, For more information see https://blog.chromium.org/2019/10/no-more-mixed-messages-about-https.html", source: https://creator.xiaohongshu.com/new/home (0)
[0618/154229.562:INFO:CONSOLE:0] "Mixed Content: The page at 'https://creator.xiaohongshu.com/new/home' was loaded over HTTPS, but requested an insecure element 'http://ci.xiaohongshu.com/0219df73-68d0-3502-a77c-72b1fd4cfcfb?imageView2/2/w/270/format/jpg'. This request was automatically upgraded to HTTPS, For more information see https://blog.chromium.org/2019/10/no-more-mixed-messages-about-https.html", source: https://creator.xiaohongshu.com/new/home (0)
[0618/154229.562:INFO:CONSOLE:0] "Mixed Content: The page at 'https://creator.xiaohongshu.com/new/home' was loaded over HTTPS, but requested an insecure element 'http://ci.xiaohongshu.com/fdbba771-8c11-318d-bd7e-65084dfa6236?imageView2/2/w/270/format/jpg'. This request was automatically upgraded to HTTPS, For more information see https://blog.chromium.org/2019/10/no-more-mixed-messages-about-https.html", source: https://creator.xiaohongshu.com/new/home (0)
[0618/154229.562:INFO:CONSOLE:0] "Mixed Content: The page at 'https://creator.xiaohongshu.com/new/home' was loaded over HTTPS, but requested an insecure element 'http://ci.xiaohongshu.com/f84f0e81-44d3-3284-bd8c-df0cd50db549?imageView2/2/w/270/format/jpg'. This request was automatically upgraded to HTTPS, For more information see https://blog.chromium.org/2019/10/no-more-mixed-messages-about-https.html", source: https://creator.xiaohongshu.com/new/home (0)
[0618/154229.562:INFO:CONSOLE:0] "Mixed Content: The page at 'https://creator.xiaohongshu.com/new/home' was loaded over HTTPS, but requested an insecure element 'http://ci.xiaohongshu.com/32cacced-3b28-321d-9ed6-7745e001e985?imageView2/2/w/270/format/jpg'. This request was automatically upgraded to HTTPS, For more information see https://blog.chromium.org/2019/10/no-more-mixed-messages-about-https.html", source: https://creator.xiaohongshu.com/new/home (0)
[0618/154229.562:INFO:CONSOLE:0] "Mixed Content: The page at 'https://creator.xiaohongshu.com/new/home' was loaded over HTTPS, but requested an insecure element 'http://ci.xiaohongshu.com/cbc2f859-bb10-3d3f-a141-5dd92056725d?imageView2/2/w/270/format/jpg'. This request was automatically upgraded to HTTPS, For more information see https://blog.chromium.org/2019/10/no-more-mixed-messages-about-https.html", source: https://creator.xiaohongshu.com/new/home (0)
[0618/154229.562:INFO:CONSOLE:0] "Mixed Content: The page at 'https://creator.xiaohongshu.com/new/home' was loaded over HTTPS, but requested an insecure element 'http://ci.xiaohongshu.com/d7762267-69c7-3bc0-a89a-3c7127f0f738?imageView2/2/w/270/format/jpg'. This request was automatically upgraded to HTTPS, For more information see https://blog.chromium.org/2019/10/no-more-mixed-messages-about-https.html", source: https://creator.xiaohongshu.com/new/home (0)
[0618/154229.562:INFO:CONSOLE:0] "Mixed Content: The page at 'https://creator.xiaohongshu.com/new/home' was loaded over HTTPS, but requested an insecure element 'http://ci.xiaohongshu.com/6ddf4fe1-2908-3b71-8ca7-fee885c4eab9?imageView2/2/w/270/format/jpg'. This request was automatically upgraded to HTTPS, For more information see https://blog.chromium.org/2019/10/no-more-mixed-messages-about-https.html", source: https://creator.xiaohongshu.com/new/home (0)
[0618/154229.562:INFO:CONSOLE:0] "Mixed Content: The page at 'https://creator.xiaohongshu.com/new/home' was loaded over HTTPS, but requested an insecure element 'http://ci.xiaohongshu.com/dfa37da0-ca01-31a7-9bb7-2e30e21c724a?imageView2/2/w/270/format/jpg'. This request was automatically upgraded to HTTPS, For more information see https://blog.chromium.org/2019/10/no-more-mixed-messages-about-https.html", source: https://creator.xiaohongshu.com/new/home (0)
[0618/154229.562:INFO:CONSOLE:0] "Mixed Content: The page at 'https://creator.xiaohongshu.com/new/home' was loaded over HTTPS, but requested an insecure element 'http://ci.xiaohongshu.com/dcef525b-8e58-38d5-ab60-0e6cb5a185f7?imageView2/2/w/270/format/jpg'. This request was automatically upgraded to HTTPS, For more information see https://blog.chromium.org/2019/10/no-more-mixed-messages-about-https.html", source: https://creator.xiaohongshu.com/new/home (0)
[0618/154229.562:INFO:CONSOLE:0] "Mixed Content: The page at 'https://creator.xiaohongshu.com/new/home' was loaded over HTTPS, but requested an insecure element 'http://ci.xiaohongshu.com/2d9fa2fa-3d30-3ce8-b8f1-54b97d788720?imageView2/2/w/270/format/jpg'. This request was automatically upgraded to HTTPS, For more information see https://blog.chromium.org/2019/10/no-more-mixed-messages-about-https.html", source: https://creator.xiaohongshu.com/new/home (0)
[0618/154229.562:INFO:CONSOLE:0] "Mixed Content: The page at 'https://creator.xiaohongshu.com/new/home' was loaded over HTTPS, but requested an insecure element 'http://ci.xiaohongshu.com/347a3290-049d-3a1f-bd88-33fd260672a1?imageView2/2/w/270/format/jpg'. This request was automatically upgraded to HTTPS, For more information see https://blog.chromium.org/2019/10/no-more-mixed-messages-about-https.html", source: https://creator.xiaohongshu.com/new/home (0)
[0618/154229.562:INFO:CONSOLE:0] "Mixed Content: The page at 'https://creator.xiaohongshu.com/new/home' was loaded over HTTPS, but requested an insecure element 'http://ci.xiaohongshu.com/2404ddb6-deb7-33ba-9d03-d2c434a02e46?imageView2/2/w/270/format/jpg'. This request was automatically upgraded to HTTPS, For more information see https://blog.chromium.org/2019/10/no-more-mixed-messages-about-https.html", source: https://creator.xiaohongshu.com/new/home (0)
[0618/154229.562:INFO:CONSOLE:0] "Mixed Content: The page at 'https://creator.xiaohongshu.com/new/home' was loaded over HTTPS, but requested an insecure element 'http://ci.xiaohongshu.com/77c0d478-c016-39c9-954d-1cdaac23e79c?imageView2/2/w/270/format/jpg'. This request was automatically upgraded to HTTPS, For more information see https://blog.chromium.org/2019/10/no-more-mixed-messages-about-https.html", source: https://creator.xiaohongshu.com/new/home (0)
[0618/154229.562:INFO:CONSOLE:0] "Mixed Content: The page at 'https://creator.xiaohongshu.com/new/home' was loaded over HTTPS, but requested an insecure element 'http://ci.xiaohongshu.com/cb9a7294-3b4c-3da3-8121-ed0637cad6b4?imageView2/2/w/270/format/jpg'. This request was automatically upgraded to HTTPS, For more information see https://blog.chromium.org/2019/10/no-more-mixed-messages-about-https.html", source: https://creator.xiaohongshu.com/new/home (0)
[0618/154229.562:INFO:CONSOLE:0] "Mixed Content: The page at 'https://creator.xiaohongshu.com/new/home' was loaded over HTTPS, but requested an insecure element 'http://ci.xiaohongshu.com/010272016jzd5soyf9t0103dw2t2hyvlhx?imageView2/2/w/270/format/jpg'. This request was automatically upgraded to HTTPS, For more information see https://blog.chromium.org/2019/10/no-more-mixed-messages-about-https.html", source: https://creator.xiaohongshu.com/new/home (0)
[0618/154229.562:INFO:CONSOLE:0] "Mixed Content: The page at 'https://creator.xiaohongshu.com/new/home' was loaded over HTTPS, but requested an insecure element 'http://ci.xiaohongshu.com/0219df73-68d0-3502-a77c-72b1fd4cfcfb?imageView2/2/w/270/format/jpg'. This request was automatically upgraded to HTTPS, For more information see https://blog.chromium.org/2019/10/no-more-mixed-messages-about-https.html", source: https://creator.xiaohongshu.com/new/home (0)
[0618/154229.562:INFO:CONSOLE:0] "Mixed Content: The page at 'https://creator.xiaohongshu.com/new/home' was loaded over HTTPS, but requested an insecure element 'http://ci.xiaohongshu.com/fdbba771-8c11-318d-bd7e-65084dfa6236?imageView2/2/w/270/format/jpg'. This request was automatically upgraded to HTTPS, For more information see https://blog.chromium.org/2019/10/no-more-mixed-messages-about-https.html", source: https://creator.xiaohongshu.com/new/home (0)
[0618/154229.562:INFO:CONSOLE:0] "Mixed Content: The page at 'https://creator.xiaohongshu.com/new/home' was loaded over HTTPS, but requested an insecure element 'http://ci.xiaohongshu.com/f84f0e81-44d3-3284-bd8c-df0cd50db549?imageView2/2/w/270/format/jpg'. This request was automatically upgraded to HTTPS, For more information see https://blog.chromium.org/2019/10/no-more-mixed-messages-about-https.html", source: https://creator.xiaohongshu.com/new/home (0)
[0618/154229.562:INFO:CONSOLE:0] "Mixed Content: The page at 'https://creator.xiaohongshu.com/new/home' was loaded over HTTPS, but requested an insecure element 'http://ci.xiaohongshu.com/32cacced-3b28-321d-9ed6-7745e001e985?imageView2/2/w/270/format/jpg'. This request was automatically upgraded to HTTPS, For more information see https://blog.chromium.org/2019/10/no-more-mixed-messages-about-https.html", source: https://creator.xiaohongshu.com/new/home (0)
[0618/154229.562:INFO:CONSOLE:0] "Mixed Content: The page at 'https://creator.xiaohongshu.com/new/home' was loaded over HTTPS, but requested an insecure element 'http://ci.xiaohongshu.com/cbc2f859-bb10-3d3f-a141-5dd92056725d?imageView2/2/w/270/format/jpg'. This request was automatically upgraded to HTTPS, For more information see https://blog.chromium.org/2019/10/no-more-mixed-messages-about-https.html", source: https://creator.xiaohongshu.com/new/home (0)
[0618/154229.562:INFO:CONSOLE:0] "Mixed Content: The page at 'https://creator.xiaohongshu.com/new/home' was loaded over HTTPS, but requested an insecure element 'http://ci.xiaohongshu.com/d7762267-69c7-3bc0-a89a-3c7127f0f738?imageView2/2/w/270/format/jpg'. This request was automatically upgraded to HTTPS, For more information see https://blog.chromium.org/2019/10/no-more-mixed-messages-about-https.html", source: https://creator.xiaohongshu.com/new/home (0)
[0618/154229.562:INFO:CONSOLE:0] "Mixed Content: The page at 'https://creator.xiaohongshu.com/new/home' was loaded over HTTPS, but requested an insecure element 'http://ci.xiaohongshu.com/6ddf4fe1-2908-3b71-8ca7-fee885c4eab9?imageView2/2/w/270/format/jpg'. This request was automatically upgraded to HTTPS, For more information see https://blog.chromium.org/2019/10/no-more-mixed-messages-about-https.html", source: https://creator.xiaohongshu.com/new/home (0)
[0618/154229.562:INFO:CONSOLE:0] "Mixed Content: The page at 'https://creator.xiaohongshu.com/new/home' was loaded over HTTPS, but requested an insecure element 'http://ci.xiaohongshu.com/dfa37da0-ca01-31a7-9bb7-2e30e21c724a?imageView2/2/w/270/format/jpg'. This request was automatically upgraded to HTTPS, For more information see https://blog.chromium.org/2019/10/no-more-mixed-messages-about-https.html", source: https://creator.xiaohongshu.com/new/home (0)
[0618/154229.563:INFO:CONSOLE:0] "Mixed Content: The page at 'https://creator.xiaohongshu.com/new/home' was loaded over HTTPS, but requested an insecure element 'http://ci.xiaohongshu.com/dcef525b-8e58-38d5-ab60-0e6cb5a185f7?imageView2/2/w/270/format/jpg'. This request was automatically upgraded to HTTPS, For more information see https://blog.chromium.org/2019/10/no-more-mixed-messages-about-https.html", source: https://creator.xiaohongshu.com/new/home (0)
[0618/154229.563:INFO:CONSOLE:0] "Mixed Content: The page at 'https://creator.xiaohongshu.com/new/home' was loaded over HTTPS, but requested an insecure element 'http://ci.xiaohongshu.com/2d9fa2fa-3d30-3ce8-b8f1-54b97d788720?imageView2/2/w/270/format/jpg'. This request was automatically upgraded to HTTPS, For more information see https://blog.chromium.org/2019/10/no-more-mixed-messages-about-https.html", source: https://creator.xiaohongshu.com/new/home (0)
[0618/154229.563:INFO:CONSOLE:0] "Mixed Content: The page at 'https://creator.xiaohongshu.com/new/home' was loaded over HTTPS, but requested an insecure element 'http://ci.xiaohongshu.com/347a3290-049d-3a1f-bd88-33fd260672a1?imageView2/2/w/270/format/jpg'. This request was automatically upgraded to HTTPS, For more information see https://blog.chromium.org/2019/10/no-more-mixed-messages-about-https.html", source: https://creator.xiaohongshu.com/new/home (0)
[0618/154229.563:INFO:CONSOLE:0] "Mixed Content: The page at 'https://creator.xiaohongshu.com/new/home' was loaded over HTTPS, but requested an insecure element 'http://ci.xiaohongshu.com/2404ddb6-deb7-33ba-9d03-d2c434a02e46?imageView2/2/w/270/format/jpg'. This request was automatically upgraded to HTTPS, For more information see https://blog.chromium.org/2019/10/no-more-mixed-messages-about-https.html", source: https://creator.xiaohongshu.com/new/home (0)
[0618/154229.563:INFO:CONSOLE:0] "Mixed Content: The page at 'https://creator.xiaohongshu.com/new/home' was loaded over HTTPS, but requested an insecure element 'http://ci.xiaohongshu.com/77c0d478-c016-39c9-954d-1cdaac23e79c?imageView2/2/w/270/format/jpg'. This request was automatically upgraded to HTTPS, For more information see https://blog.chromium.org/2019/10/no-more-mixed-messages-about-https.html", source: https://creator.xiaohongshu.com/new/home (0)
[0618/154229.563:INFO:CONSOLE:0] "Mixed Content: The page at 'https://creator.xiaohongshu.com/new/home' was loaded over HTTPS, but requested an insecure element 'http://ci.xiaohongshu.com/cb9a7294-3b4c-3da3-8121-ed0637cad6b4?imageView2/2/w/270/format/jpg'. This request was automatically upgraded to HTTPS, For more information see https://blog.chromium.org/2019/10/no-more-mixed-messages-about-https.html", source: https://creator.xiaohongshu.com/new/home (0)
[0618/154229.563:INFO:CONSOLE:0] "Mixed Content: The page at 'https://creator.xiaohongshu.com/new/home' was loaded over HTTPS, but requested an insecure element 'http://ci.xiaohongshu.com/010272016jzd5soyf9t0103dw2t2hyvlhx?imageView2/2/w/270/format/jpg'. This request was automatically upgraded to HTTPS, For more information see https://blog.chromium.org/2019/10/no-more-mixed-messages-about-https.html", source: https://creator.xiaohongshu.com/new/home (0)
[0618/154230.163:INFO:CONSOLE:3] "Error", source:  (3)
[0618/154232.563:INFO:CONSOLE:0] "Mixed Content: The page at 'https://creator.xiaohongshu.com/new/note-manager' was loaded over HTTPS, but requested an insecure element 'http://sns-na-i6.xhscdn.com/spectrum/1040g0k0321h9dcboms005q9l4qsskusbaq5c320?imageView2/2/w/1080/format/jpg&origin=0'. This request was automatically upgraded to HTTPS, For more information see https://blog.chromium.org/2019/10/no-more-mixed-messages-about-https.html", source: https://creator.xiaohongshu.com/new/note-manager (0)
[0618/154232.568:INFO:CONSOLE:0] "Mixed Content: The page at 'https://creator.xiaohongshu.com/new/note-manager' was loaded over HTTPS, but requested an insecure element 'http://sns-na-i6.xhscdn.com/spectrum/1040g0k0321h9dcboms005q9l4qsskusbaq5c320?imageView2/2/w/1080/format/jpg&origin=0'. This request was automatically upgraded to HTTPS, For more information see https://blog.chromium.org/2019/10/no-more-mixed-messages-about-https.html", source: https://creator.xiaohongshu.com/new/note-manager (0)
[0618/154232.741:INFO:CONSOLE:119] "[apm] httpRequestTiming", source: https://fe-static.xhscdn.com/formula-static/ugc/public/resource/js/8103.ec1b381a.js (119)
[0618/154232.741:INFO:CONSOLE:119] "console.groupEnd", source: https://fe-static.xhscdn.com/formula-static/ugc/public/resource/js/8103.ec1b381a.js (119)
[0618/154232.741:INFO:CONSOLE:119] "[apm] httpRequestTiming", source: https://fe-static.xhscdn.com/formula-static/ugc/public/resource/js/8103.ec1b381a.js (119)
[0618/154232.741:INFO:CONSOLE:119] "console.groupEnd", source: https://fe-static.xhscdn.com/formula-static/ugc/public/resource/js/8103.ec1b381a.js (119)
[0618/154232.741:INFO:CONSOLE:119] "[apm] httpRequestTiming", source: https://fe-static.xhscdn.com/formula-static/ugc/public/resource/js/8103.ec1b381a.js (119)
[0618/154232.741:INFO:CONSOLE:119] "console.groupEnd", source: https://fe-static.xhscdn.com/formula-static/ugc/public/resource/js/8103.ec1b381a.js (119)
[0618/154232.741:INFO:CONSOLE:119] "[apm] httpRequestTiming", source: https://fe-static.xhscdn.com/formula-static/ugc/public/resource/js/8103.ec1b381a.js (119)
[0618/154232.741:INFO:CONSOLE:119] "console.groupEnd", source: https://fe-static.xhscdn.com/formula-static/ugc/public/resource/js/8103.ec1b381a.js (119)
[0618/154232.741:INFO:CONSOLE:119] "[apm] httpRequestTiming", source: https://fe-static.xhscdn.com/formula-static/ugc/public/resource/js/8103.ec1b381a.js (119)
[0618/154232.741:INFO:CONSOLE:119] "console.groupEnd", source: https://fe-static.xhscdn.com/formula-static/ugc/public/resource/js/8103.ec1b381a.js (119)
[0618/154234.685:INFO:CONSOLE:119] "[apm performance metric] interactiveTiming", source: https://fe-static.xhscdn.com/formula-static/ugc/public/resource/js/8103.ec1b381a.js (119)
[0618/154234.685:INFO:CONSOLE:119] "console.groupEnd", source: https://fe-static.xhscdn.com/formula-static/ugc/public/resource/js/8103.ec1b381a.js (119)
[0618/154234.686:INFO:CONSOLE:119] "[apm performance metric] interactiveTiming", source: https://fe-static.xhscdn.com/formula-static/ugc/public/resource/js/8103.ec1b381a.js (119)
[0618/154234.686:INFO:CONSOLE:119] "console.groupEnd", source: https://fe-static.xhscdn.com/formula-static/ugc/public/resource/js/8103.ec1b381a.js (119)
[0618/154234.686:INFO:CONSOLE:119] "[apm performance metric] interactiveTiming", source: https://fe-static.xhscdn.com/formula-static/ugc/public/resource/js/8103.ec1b381a.js (119)
[0618/154234.686:INFO:CONSOLE:119] "console.groupEnd", source: https://fe-static.xhscdn.com/formula-static/ugc/public/resource/js/8103.ec1b381a.js (119)
[0618/154234.686:INFO:CONSOLE:119] "[apm performance metric] visualStability", source: https://fe-static.xhscdn.com/formula-static/ugc/public/resource/js/8103.ec1b381a.js (119)
[0618/154234.686:INFO:CONSOLE:119] "console.groupEnd", source: https://fe-static.xhscdn.com/formula-static/ugc/public/resource/js/8103.ec1b381a.js (119)
[0618/154234.686:INFO:CONSOLE:119] "[apm performance metric] interactiveTiming", source: https://fe-static.xhscdn.com/formula-static/ugc/public/resource/js/8103.ec1b381a.js (119)
[0618/154234.686:INFO:CONSOLE:119] "console.groupEnd", source: https://fe-static.xhscdn.com/formula-static/ugc/public/resource/js/8103.ec1b381a.js (119)
[0618/154234.687:INFO:CONSOLE:119] "[apm performance metric] interactiveTiming", source: https://fe-static.xhscdn.com/formula-static/ugc/public/resource/js/8103.ec1b381a.js (119)
[0618/154234.687:INFO:CONSOLE:119] "console.groupEnd", source: https://fe-static.xhscdn.com/formula-static/ugc/public/resource/js/8103.ec1b381a.js (119)
[0618/154235.773:INFO:CONSOLE:1] "框架和 SDK 输出的日志默认不展示，可在框架配置文件中设置开启，详见 https://doc.weixin.qq.com/doc/w3_AWkASAb9APAr8IdJI5VS0OyqetUE6?scode=ANAAyQcbAAgB8qKjm9AWkASAb9APA", source: https://fe-static.xhscdn.com/formula-static/xhs-pc-web/public/resource/js/vendor-dynamic.3177989f.js (1)
[0618/154235.829:INFO:CONSOLE:3] "Error", source:  (3)
[0618/154235.909:ERROR:content\public\browser\web_contents_delegate.cc:302] WebContentsDelegate::CheckMediaAccessPermission: Not supported.
[0618/154235.909:ERROR:content\public\browser\web_contents_delegate.cc:302] WebContentsDelegate::CheckMediaAccessPermission: Not supported.
[0618/154235.920:INFO:CONSOLE:1] "[apm] region is required!", source: https://fe-static.xhscdn.com/formula-static/xhs-pc-web/public/resource/js/vendor-dynamic.3177989f.js (1)
[0618/154235.986:INFO:CONSOLE:3] "Error", source:  (3)
[0618/154236.339:INFO:CONSOLE:3] "Error", source:  (3)
[0618/154236.492:INFO:CONSOLE:3] "Error", source:  (3)
[0618/154236.497:INFO:CONSOLE:3] "Error", source:  (3)
[0618/154236.501:INFO:CONSOLE:3] "Error", source:  (3)
[0618/154236.506:INFO:CONSOLE:3] "Error", source:  (3)
[0618/154236.652:INFO:CONSOLE:0] "Fetch event handler is recognized as no-op. No-op fetch handler may bring overhead during navigation. Consider removing the handler if possible.", source:  (0)
[0618/154236.667:INFO:CONSOLE:25] "Service Worker registered success with scope: https://www.xiaohongshu.com/", source: https://fe-static.xhscdn.com/formula-static/xhs-pc-web/public/resource/js/index.0ecf8340.js (25)
[0618/154236.768:INFO:CONSOLE:25] "[loginStatusInterceptor] Response error: HTTPServerError: 无登录信息，或登录信息为空 [object Object] [object Object]", source: https://fe-static.xhscdn.com/formula-static/xhs-pc-web/public/resource/js/index.0ecf8340.js (25)
[0618/154236.792:INFO:CONSOLE:25] "[loginStatusInterceptor] Response error: HTTPServerError: 无登录信息，或登录信息为空 [object Object] [object Object]", source: https://fe-static.xhscdn.com/formula-static/xhs-pc-web/public/resource/js/index.0ecf8340.js (25)
[0618/154236.794:INFO:CONSOLE:1] "Hydration completed but contains mismatches.", source: https://fe-static.xhscdn.com/formula-static/xhs-pc-web/public/resource/js/library-vue.aea14f59.js (1)
[0618/154236.796:INFO:CONSOLE:1] "TypeError: i is not a function", source: https://www.xiaohongshu.com/login?redirectPath=https%3A%2F%2Fwww.xiaohongshu.com%2Fuser%2Fprofile%2F693526b90000000032027b8b%3FexSource%3D (1)
[0618/154236.934:INFO:CONSOLE:25] "[loginStatusInterceptor] Response error: HTTPServerError: 无登录信息，或登录信息为空 [object Object] [object Object]", source: https://fe-static.xhscdn.com/formula-static/xhs-pc-web/public/resource/js/index.0ecf8340.js (25)
[0618/154237.113:INFO:CONSOLE:25] "[loginStatusInterceptor] Response error: TypeError: Cannot read properties of undefined (reading 'status') null undefined", source: https://fe-static.xhscdn.com/formula-static/xhs-pc-web/public/resource/js/index.0ecf8340.js (25)
[0618/154237.134:INFO:CONSOLE:3] "Error", source:  (3)
[0618/154237.147:INFO:CONSOLE:3] "Error", source:  (3)
[0618/154237.408:INFO:CONSOLE:25] "[loginStatusInterceptor] Response error: HTTPServerError: 无登录信息，或登录信息为空 [object Object] [object Object]", source: https://fe-static.xhscdn.com/formula-static/xhs-pc-web/public/resource/js/index.0ecf8340.js (25)
[0618/154237.409:INFO:CONSOLE:3] "Error", source:  (3)
[0618/154237.418:INFO:CONSOLE:1] "[apm performance metric] paintTiming", source: https://fe-static.xhscdn.com/formula-static/xhs-pc-web/public/resource/js/vendor-dynamic.3177989f.js (1)
[0618/154237.418:INFO:CONSOLE:1] "[object Object]", source: https://fe-static.xhscdn.com/formula-static/xhs-pc-web/public/resource/js/vendor-dynamic.3177989f.js (1)
[0618/154237.418:INFO:CONSOLE:1] "console.groupEnd", source: https://fe-static.xhscdn.com/formula-static/xhs-pc-web/public/resource/js/vendor-dynamic.3177989f.js (1)
[0618/154237.419:INFO:CONSOLE:1] "[apm performance metric] visualStability", source: https://fe-static.xhscdn.com/formula-static/xhs-pc-web/public/resource/js/vendor-dynamic.3177989f.js (1)
[0618/154237.419:INFO:CONSOLE:1] "[object Object]", source: https://fe-static.xhscdn.com/formula-static/xhs-pc-web/public/resource/js/vendor-dynamic.3177989f.js (1)
[0618/154237.419:INFO:CONSOLE:1] "console.groupEnd", source: https://fe-static.xhscdn.com/formula-static/xhs-pc-web/public/resource/js/vendor-dynamic.3177989f.js (1)
[0618/154237.627:INFO:CONSOLE:1] "框架和 SDK 输出的日志默认不展示，可在框架配置文件中设置开启，详见 https://doc.weixin.qq.com/doc/w3_AWkASAb9APAr8IdJI5VS0OyqetUE6?scode=ANAAyQcbAAgB8qKjm9AWkASAb9APA", source: https://fe-static.xhscdn.com/formula-static/fe-login/public/resource/js/library-launcher.844ab2b3.js (1)
[0618/154237.672:INFO:CONSOLE:3] "Error", source:  (3)
[0618/154237.740:INFO:CONSOLE:3] "Error", source:  (3)
[0618/154239.402:INFO:CONSOLE:1] "Fetch API cannot load chrome-extension://dhjaibcmgocbpegmejfphjhhpaphmkpp/is.js. URL scheme "chrome-extension" is not supported.", source: https://fe-static.xhscdn.com/as/v2/fp/643f48183a62c46e6c924b3f0456767a.js (1)
[0618/154239.402:INFO:CONSOLE:1] "Fetch API cannot load chrome-extension://beeaddblkeeialcohiolkkoiifhgjooj/manifest.json. URL scheme "chrome-extension" is not supported.", source: https://fe-static.xhscdn.com/as/v2/fp/643f48183a62c46e6c924b3f0456767a.js (1)
[0618/154239.402:INFO:CONSOLE:1] "Fetch API cannot load chrome-extension://ddgooekaaihgnbfbgalfiooiicdnmnia/js/js-index.ts.js. URL scheme "chrome-extension" is not supported.", source: https://fe-static.xhscdn.com/as/v2/fp/643f48183a62c46e6c924b3f0456767a.js (1)
[0618/154239.402:INFO:CONSOLE:1] "Fetch API cannot load chrome-extension://keeelahekhhgkpaipdodgjnmgkfcdpde/inject.6070000c.js. URL scheme "chrome-extension" is not supported.", source: https://fe-static.xhscdn.com/as/v2/fp/643f48183a62c46e6c924b3f0456767a.js (1)
[0618/154239.402:INFO:CONSOLE:1] "Fetch API cannot load chrome-extension://dbichmdlbjdeplpkhcejgkakobjbjalc/content-scripts/xiaohongshu.css. URL scheme "chrome-extension" is not supported.", source: https://fe-static.xhscdn.com/as/v2/fp/643f48183a62c46e6c924b3f0456767a.js (1)
[0618/154239.402:INFO:CONSOLE:1] "Fetch API cannot load chrome-extension://piejlhcmefdepbgalcongckfomfobokb/worker.js. URL scheme "chrome-extension" is not supported.", source: https://fe-static.xhscdn.com/as/v2/fp/643f48183a62c46e6c924b3f0456767a.js (1)
[0618/154239.402:INFO:CONSOLE:1] "Fetch API cannot load chrome-extension://lenndnnbdichpjlfmfadcjpaenmiflan/inject.bundle.js. URL scheme "chrome-extension" is not supported.", source: https://fe-static.xhscdn.com/as/v2/fp/643f48183a62c46e6c924b3f0456767a.js (1)
[0618/154239.402:INFO:CONSOLE:1] "Fetch API cannot load chrome-extension://hmeohemhimcjlegdjloglnkfablbneif/inject.bundle.js. URL scheme "chrome-extension" is not supported.", source: https://fe-static.xhscdn.com/as/v2/fp/643f48183a62c46e6c924b3f0456767a.js (1)
