[0618/145509.608:INFO:CONSOLE:119] "框架和 SDK 输出的日志默认不展示，可在框架配置文件中设置开启，详见 https://doc.weixin.qq.com/doc/w3_AWkASAb9APAr8IdJI5VS0OyqetUE6?scode=ANAAyQcbAAgB8qKjm9AWkASAb9APA", source: https://fe-static.xhscdn.com/formula-static/ugc/public/resource/js/8103.ec1b381a.js (119)
[0618/145509.669:INFO:CONSOLE:3] "Error", source:  (3)
[0618/145509.783:INFO:CONSOLE:3] "Error", source:  (3)
[0618/145509.798:INFO:CONSOLE:3] "Error", source:  (3)
[0618/145509.803:INFO:CONSOLE:3] "Error", source:  (3)
[0618/145509.808:INFO:CONSOLE:3] "Error", source:  (3)
[0618/145510.755:INFO:CONSOLE:119] "[apm] infraBrowserResourceTiming", source: https://fe-static.xhscdn.com/formula-static/ugc/public/resource/js/8103.ec1b381a.js (119)
[0618/145510.755:INFO:CONSOLE:119] "console.groupEnd", source: https://fe-static.xhscdn.com/formula-static/ugc/public/resource/js/8103.ec1b381a.js (119)
[0618/145510.755:INFO:CONSOLE:119] "[apm] infraBrowserResourceTiming", source: https://fe-static.xhscdn.com/formula-static/ugc/public/resource/js/8103.ec1b381a.js (119)
[0618/145510.755:INFO:CONSOLE:119] "console.groupEnd", source: https://fe-static.xhscdn.com/formula-static/ugc/public/resource/js/8103.ec1b381a.js (119)
[0618/145510.755:INFO:CONSOLE:119] "[apm] infraBrowserResourceTiming", source: https://fe-static.xhscdn.com/formula-static/ugc/public/resource/js/8103.ec1b381a.js (119)
[0618/145510.756:INFO:CONSOLE:119] "console.groupEnd", source: https://fe-static.xhscdn.com/formula-static/ugc/public/resource/js/8103.ec1b381a.js (119)
[0618/145510.756:INFO:CONSOLE:119] "[apm] infraBrowserResourceTiming", source: https://fe-static.xhscdn.com/formula-static/ugc/public/resource/js/8103.ec1b381a.js (119)
[0618/145510.756:INFO:CONSOLE:119] "console.groupEnd", source: https://fe-static.xhscdn.com/formula-static/ugc/public/resource/js/8103.ec1b381a.js (119)
[0618/145510.756:INFO:CONSOLE:119] "[apm] infraBrowserResourceTiming", source: https://fe-static.xhscdn.com/formula-static/ugc/public/resource/js/8103.ec1b381a.js (119)
[0618/145510.756:INFO:CONSOLE:119] "console.groupEnd", source: https://fe-static.xhscdn.com/formula-static/ugc/public/resource/js/8103.ec1b381a.js (119)
[0618/145510.756:INFO:CONSOLE:119] "[apm] infraBrowserResourceTiming", source: https://fe-static.xhscdn.com/formula-static/ugc/public/resource/js/8103.ec1b381a.js (119)
[0618/145510.756:INFO:CONSOLE:119] "console.groupEnd", source: https://fe-static.xhscdn.com/formula-static/ugc/public/resource/js/8103.ec1b381a.js (119)
[0618/145510.756:INFO:CONSOLE:119] "[apm] infraBrowserResourceTiming", source: https://fe-static.xhscdn.com/formula-static/ugc/public/resource/js/8103.ec1b381a.js (119)
[0618/145510.756:INFO:CONSOLE:119] "console.groupEnd", source: https://fe-static.xhscdn.com/formula-static/ugc/public/resource/js/8103.ec1b381a.js (119)
[0618/145510.756:INFO:CONSOLE:119] "[apm] infraBrowserResourceTiming", source: https://fe-static.xhscdn.com/formula-static/ugc/public/resource/js/8103.ec1b381a.js (119)
[0618/145510.756:INFO:CONSOLE:119] "console.groupEnd", source: https://fe-static.xhscdn.com/formula-static/ugc/public/resource/js/8103.ec1b381a.js (119)
[0618/145510.756:INFO:CONSOLE:119] "[apm] infraBrowserResourceTiming", source: https://fe-static.xhscdn.com/formula-static/ugc/public/resource/js/8103.ec1b381a.js (119)
[0618/145510.756:INFO:CONSOLE:119] "console.groupEnd", source: https://fe-static.xhscdn.com/formula-static/ugc/public/resource/js/8103.ec1b381a.js (119)
[0618/145510.756:INFO:CONSOLE:119] "[apm] infraBrowserResourceTiming", source: https://fe-static.xhscdn.com/formula-static/ugc/public/resource/js/8103.ec1b381a.js (119)
[0618/145510.756:INFO:CONSOLE:119] "console.groupEnd", source: https://fe-static.xhscdn.com/formula-static/ugc/public/resource/js/8103.ec1b381a.js (119)
[0618/145511.065:INFO:CONSOLE:3] "Error", source:  (3)
[0618/145511.070:INFO:CONSOLE:3] "Error", source:  (3)
[0618/145511.075:INFO:CONSOLE:3] "Error", source:  (3)
[0618/145511.086:INFO:CONSOLE:3] "Error", source:  (3)
[0618/145511.099:INFO:CONSOLE:3] "Error", source:  (3)
[0618/145511.134:INFO:CONSOLE:119] "[apm] infraBrowserResourceTiming", source: https://fe-static.xhscdn.com/formula-static/ugc/public/resource/js/8103.ec1b381a.js (119)
[0618/145511.134:INFO:CONSOLE:119] "console.groupEnd", source: https://fe-static.xhscdn.com/formula-static/ugc/public/resource/js/8103.ec1b381a.js (119)
[0618/145511.134:INFO:CONSOLE:119] "[apm] infraBrowserResourceTiming", source: https://fe-static.xhscdn.com/formula-static/ugc/public/resource/js/8103.ec1b381a.js (119)
[0618/145511.134:INFO:CONSOLE:119] "console.groupEnd", source: https://fe-static.xhscdn.com/formula-static/ugc/public/resource/js/8103.ec1b381a.js (119)
[0618/145511.134:INFO:CONSOLE:119] "[apm] infraBrowserResourceTiming", source: https://fe-static.xhscdn.com/formula-static/ugc/public/resource/js/8103.ec1b381a.js (119)
[0618/145511.134:INFO:CONSOLE:119] "console.groupEnd", source: https://fe-static.xhscdn.com/formula-static/ugc/public/resource/js/8103.ec1b381a.js (119)
[0618/145511.134:INFO:CONSOLE:119] "[apm] infraBrowserResourceTiming", source: https://fe-static.xhscdn.com/formula-static/ugc/public/resource/js/8103.ec1b381a.js (119)
[0618/145511.134:INFO:CONSOLE:119] "console.groupEnd", source: https://fe-static.xhscdn.com/formula-static/ugc/public/resource/js/8103.ec1b381a.js (119)
[0618/145511.135:INFO:CONSOLE:119] "[apm] infraBrowserResourceTiming", source: https://fe-static.xhscdn.com/formula-static/ugc/public/resource/js/8103.ec1b381a.js (119)
[0618/145511.135:INFO:CONSOLE:119] "console.groupEnd", source: https://fe-static.xhscdn.com/formula-static/ugc/public/resource/js/8103.ec1b381a.js (119)
[0618/145511.135:INFO:CONSOLE:119] "[apm] infraBrowserResourceTiming", source: https://fe-static.xhscdn.com/formula-static/ugc/public/resource/js/8103.ec1b381a.js (119)
[0618/145511.135:INFO:CONSOLE:119] "console.groupEnd", source: https://fe-static.xhscdn.com/formula-static/ugc/public/resource/js/8103.ec1b381a.js (119)
[0618/145511.135:INFO:CONSOLE:119] "[apm] infraBrowserResourceTiming", source: https://fe-static.xhscdn.com/formula-static/ugc/public/resource/js/8103.ec1b381a.js (119)
[0618/145511.135:INFO:CONSOLE:119] "console.groupEnd", source: https://fe-static.xhscdn.com/formula-static/ugc/public/resource/js/8103.ec1b381a.js (119)
[0618/145511.135:INFO:CONSOLE:119] "[apm] infraBrowserResourceTiming", source: https://fe-static.xhscdn.com/formula-static/ugc/public/resource/js/8103.ec1b381a.js (119)
[0618/145511.135:INFO:CONSOLE:119] "console.groupEnd", source: https://fe-static.xhscdn.com/formula-static/ugc/public/resource/js/8103.ec1b381a.js (119)
[0618/145511.135:INFO:CONSOLE:119] "[apm] infraBrowserResourceTiming", source: https://fe-static.xhscdn.com/formula-static/ugc/public/resource/js/8103.ec1b381a.js (119)
[0618/145511.135:INFO:CONSOLE:119] "console.groupEnd", source: https://fe-static.xhscdn.com/formula-static/ugc/public/resource/js/8103.ec1b381a.js (119)
[0618/145511.135:INFO:CONSOLE:119] "[apm] infraBrowserResourceTiming", source: https://fe-static.xhscdn.com/formula-static/ugc/public/resource/js/8103.ec1b381a.js (119)
[0618/145511.135:INFO:CONSOLE:119] "console.groupEnd", source: https://fe-static.xhscdn.com/formula-static/ugc/public/resource/js/8103.ec1b381a.js (119)
[0618/145511.135:INFO:CONSOLE:119] "[apm] anti_spam_ds_fail", source: https://fe-static.xhscdn.com/formula-static/ugc/public/resource/js/8103.ec1b381a.js (119)
[0618/145511.135:INFO:CONSOLE:119] "console.groupEnd", source: https://fe-static.xhscdn.com/formula-static/ugc/public/resource/js/8103.ec1b381a.js (119)
[0618/145511.135:INFO:CONSOLE:119] "[apm] webmns_error", source: https://fe-static.xhscdn.com/formula-static/ugc/public/resource/js/8103.ec1b381a.js (119)
[0618/145511.135:INFO:CONSOLE:119] "console.groupEnd", source: https://fe-static.xhscdn.com/formula-static/ugc/public/resource/js/8103.ec1b381a.js (119)
[0618/145511.135:INFO:CONSOLE:119] "[apm] infraBrowserResourceTiming", source: https://fe-static.xhscdn.com/formula-static/ugc/public/resource/js/8103.ec1b381a.js (119)
[0618/145511.135:INFO:CONSOLE:119] "console.groupEnd", source: https://fe-static.xhscdn.com/formula-static/ugc/public/resource/js/8103.ec1b381a.js (119)
[0618/145511.135:INFO:CONSOLE:119] "[apm] infraBrowserResourceTiming", source: https://fe-static.xhscdn.com/formula-static/ugc/public/resource/js/8103.ec1b381a.js (119)
[0618/145511.135:INFO:CONSOLE:119] "console.groupEnd", source: https://fe-static.xhscdn.com/formula-static/ugc/public/resource/js/8103.ec1b381a.js (119)
[0618/145511.135:INFO:CONSOLE:119] "[apm] infraBrowserResourceTiming", source: https://fe-static.xhscdn.com/formula-static/ugc/public/resource/js/8103.ec1b381a.js (119)
[0618/145511.135:INFO:CONSOLE:119] "console.groupEnd", source: https://fe-static.xhscdn.com/formula-static/ugc/public/resource/js/8103.ec1b381a.js (119)
[0618/145511.146:INFO:CONSOLE:119] "[apm] infraBrowserResourceTiming", source: https://fe-static.xhscdn.com/formula-static/ugc/public/resource/js/8103.ec1b381a.js (119)
[0618/145511.147:INFO:CONSOLE:119] "console.groupEnd", source: https://fe-static.xhscdn.com/formula-static/ugc/public/resource/js/8103.ec1b381a.js (119)
[0618/145511.147:INFO:CONSOLE:119] "[apm] infraBrowserResourceTiming", source: https://fe-static.xhscdn.com/formula-static/ugc/public/resource/js/8103.ec1b381a.js (119)
[0618/145511.147:INFO:CONSOLE:119] "console.groupEnd", source: https://fe-static.xhscdn.com/formula-static/ugc/public/resource/js/8103.ec1b381a.js (119)
[0618/145511.147:INFO:CONSOLE:119] "[apm] infraBrowserResourceTiming", source: https://fe-static.xhscdn.com/formula-static/ugc/public/resource/js/8103.ec1b381a.js (119)
[0618/145511.147:INFO:CONSOLE:119] "console.groupEnd", source: https://fe-static.xhscdn.com/formula-static/ugc/public/resource/js/8103.ec1b381a.js (119)
[0618/145511.147:INFO:CONSOLE:119] "[apm] infraBrowserResourceTiming", source: https://fe-static.xhscdn.com/formula-static/ugc/public/resource/js/8103.ec1b381a.js (119)
[0618/145511.147:INFO:CONSOLE:119] "console.groupEnd", source: https://fe-static.xhscdn.com/formula-static/ugc/public/resource/js/8103.ec1b381a.js (119)
[0618/145511.147:INFO:CONSOLE:119] "[apm] infraBrowserResourceTiming", source: https://fe-static.xhscdn.com/formula-static/ugc/public/resource/js/8103.ec1b381a.js (119)
[0618/145511.147:INFO:CONSOLE:119] "console.groupEnd", source: https://fe-static.xhscdn.com/formula-static/ugc/public/resource/js/8103.ec1b381a.js (119)
[0618/145511.147:INFO:CONSOLE:119] "[apm] infraBrowserResourceTiming", source: https://fe-static.xhscdn.com/formula-static/ugc/public/resource/js/8103.ec1b381a.js (119)
[0618/145511.147:INFO:CONSOLE:119] "console.groupEnd", source: https://fe-static.xhscdn.com/formula-static/ugc/public/resource/js/8103.ec1b381a.js (119)
[0618/145511.147:INFO:CONSOLE:119] "[apm] infraBrowserResourceTiming", source: https://fe-static.xhscdn.com/formula-static/ugc/public/resource/js/8103.ec1b381a.js (119)
[0618/145511.147:INFO:CONSOLE:119] "console.groupEnd", source: https://fe-static.xhscdn.com/formula-static/ugc/public/resource/js/8103.ec1b381a.js (119)
[0618/145511.147:INFO:CONSOLE:119] "[apm] infraBrowserResourceTiming", source: https://fe-static.xhscdn.com/formula-static/ugc/public/resource/js/8103.ec1b381a.js (119)
[0618/145511.147:INFO:CONSOLE:119] "console.groupEnd", source: https://fe-static.xhscdn.com/formula-static/ugc/public/resource/js/8103.ec1b381a.js (119)
[0618/145511.147:INFO:CONSOLE:119] "[apm] infraBrowserResourceTiming", source: https://fe-static.xhscdn.com/formula-static/ugc/public/resource/js/8103.ec1b381a.js (119)
[0618/145511.147:INFO:CONSOLE:119] "console.groupEnd", source: https://fe-static.xhscdn.com/formula-static/ugc/public/resource/js/8103.ec1b381a.js (119)
[0618/145511.147:INFO:CONSOLE:119] "[apm] infraBrowserResourceTiming", source: https://fe-static.xhscdn.com/formula-static/ugc/public/resource/js/8103.ec1b381a.js (119)
[0618/145511.147:INFO:CONSOLE:119] "console.groupEnd", source: https://fe-static.xhscdn.com/formula-static/ugc/public/resource/js/8103.ec1b381a.js (119)
[0618/145511.305:INFO:CONSOLE:119] "[apm] infraBrowserResourceTiming", source: https://fe-static.xhscdn.com/formula-static/ugc/public/resource/js/8103.ec1b381a.js (119)
[0618/145511.306:INFO:CONSOLE:119] "console.groupEnd", source: https://fe-static.xhscdn.com/formula-static/ugc/public/resource/js/8103.ec1b381a.js (119)
[0618/145511.306:INFO:CONSOLE:119] "[apm] infraBrowserResourceTiming", source: https://fe-static.xhscdn.com/formula-static/ugc/public/resource/js/8103.ec1b381a.js (119)
[0618/145511.306:INFO:CONSOLE:119] "console.groupEnd", source: https://fe-static.xhscdn.com/formula-static/ugc/public/resource/js/8103.ec1b381a.js (119)
[0618/145511.306:INFO:CONSOLE:119] "[apm] infraBrowserResourceTiming", source: https://fe-static.xhscdn.com/formula-static/ugc/public/resource/js/8103.ec1b381a.js (119)
[0618/145511.306:INFO:CONSOLE:119] "console.groupEnd", source: https://fe-static.xhscdn.com/formula-static/ugc/public/resource/js/8103.ec1b381a.js (119)
[0618/145511.306:INFO:CONSOLE:119] "[apm] infraBrowserResourceTiming", source: https://fe-static.xhscdn.com/formula-static/ugc/public/resource/js/8103.ec1b381a.js (119)
[0618/145511.306:INFO:CONSOLE:119] "console.groupEnd", source: https://fe-static.xhscdn.com/formula-static/ugc/public/resource/js/8103.ec1b381a.js (119)
[0618/145511.306:INFO:CONSOLE:119] "[apm] infraBrowserResourceTiming", source: https://fe-static.xhscdn.com/formula-static/ugc/public/resource/js/8103.ec1b381a.js (119)
[0618/145511.306:INFO:CONSOLE:119] "console.groupEnd", source: https://fe-static.xhscdn.com/formula-static/ugc/public/resource/js/8103.ec1b381a.js (119)
[0618/145511.664:INFO:CONSOLE:119] "[apm] infraBrowserResourceTiming", source: https://fe-static.xhscdn.com/formula-static/ugc/public/resource/js/8103.ec1b381a.js (119)
[0618/145511.664:INFO:CONSOLE:119] "console.groupEnd", source: https://fe-static.xhscdn.com/formula-static/ugc/public/resource/js/8103.ec1b381a.js (119)
[0618/145511.664:INFO:CONSOLE:119] "[apm] httpRequestTiming", source: https://fe-static.xhscdn.com/formula-static/ugc/public/resource/js/8103.ec1b381a.js (119)
[0618/145511.664:INFO:CONSOLE:119] "console.groupEnd", source: https://fe-static.xhscdn.com/formula-static/ugc/public/resource/js/8103.ec1b381a.js (119)
[0618/145511.664:INFO:CONSOLE:119] "[apm] httpRequestTiming", source: https://fe-static.xhscdn.com/formula-static/ugc/public/resource/js/8103.ec1b381a.js (119)
[0618/145511.664:INFO:CONSOLE:119] "console.groupEnd", source: https://fe-static.xhscdn.com/formula-static/ugc/public/resource/js/8103.ec1b381a.js (119)
[0618/145511.664:INFO:CONSOLE:119] "[apm] infra_sec_web_api_walify", source: https://fe-static.xhscdn.com/formula-static/ugc/public/resource/js/8103.ec1b381a.js (119)
[0618/145511.664:INFO:CONSOLE:119] "console.groupEnd", source: https://fe-static.xhscdn.com/formula-static/ugc/public/resource/js/8103.ec1b381a.js (119)
[0618/145511.664:INFO:CONSOLE:119] "[apm] httpRequestTiming", source: https://fe-static.xhscdn.com/formula-static/ugc/public/resource/js/8103.ec1b381a.js (119)
[0618/145511.664:INFO:CONSOLE:119] "console.groupEnd", source: https://fe-static.xhscdn.com/formula-static/ugc/public/resource/js/8103.ec1b381a.js (119)
[0618/145511.675:INFO:CONSOLE:119] "[apm] httpRequestTiming", source: https://fe-static.xhscdn.com/formula-static/ugc/public/resource/js/8103.ec1b381a.js (119)
[0618/145511.675:INFO:CONSOLE:119] "console.groupEnd", source: https://fe-static.xhscdn.com/formula-static/ugc/public/resource/js/8103.ec1b381a.js (119)
[0618/145511.675:INFO:CONSOLE:119] "[apm] sns_web_publish_sw", source: https://fe-static.xhscdn.com/formula-static/ugc/public/resource/js/8103.ec1b381a.js (119)
[0618/145511.675:INFO:CONSOLE:119] "console.groupEnd", source: https://fe-static.xhscdn.com/formula-static/ugc/public/resource/js/8103.ec1b381a.js (119)
[0618/145511.675:INFO:CONSOLE:119] "[apm] httpRequestTiming", source: https://fe-static.xhscdn.com/formula-static/ugc/public/resource/js/8103.ec1b381a.js (119)
[0618/145511.675:INFO:CONSOLE:119] "console.groupEnd", source: https://fe-static.xhscdn.com/formula-static/ugc/public/resource/js/8103.ec1b381a.js (119)
[0618/145511.675:INFO:CONSOLE:119] "[apm] infra_sec_web_api_walify", source: https://fe-static.xhscdn.com/formula-static/ugc/public/resource/js/8103.ec1b381a.js (119)
[0618/145511.675:INFO:CONSOLE:119] "console.groupEnd", source: https://fe-static.xhscdn.com/formula-static/ugc/public/resource/js/8103.ec1b381a.js (119)
[0618/145511.675:INFO:CONSOLE:119] "[apm] infra_sec_web_api_walify", source: https://fe-static.xhscdn.com/formula-static/ugc/public/resource/js/8103.ec1b381a.js (119)
[0618/145511.675:INFO:CONSOLE:119] "console.groupEnd", source: https://fe-static.xhscdn.com/formula-static/ugc/public/resource/js/8103.ec1b381a.js (119)
[0618/145511.928:INFO:CONSOLE:3] "Error", source:  (3)
[0618/145511.955:INFO:CONSOLE:0] "Mixed Content: The page at 'https://creator.xiaohongshu.com/new/home' was loaded over HTTPS, but requested an insecure element 'http://ci.xiaohongshu.com/spectrum/1040g0k031hgh4s8g38005n251e51f4uojrj2d3o?imageView2/2/w/1080/format/jpg'. This request was automatically upgraded to HTTPS, For more information see https://blog.chromium.org/2019/10/no-more-mixed-messages-about-https.html", source: https://creator.xiaohongshu.com/new/home (0)
[0618/145511.956:INFO:CONSOLE:0] "Mixed Content: The page at 'https://creator.xiaohongshu.com/new/home' was loaded over HTTPS, but requested an insecure element 'http://ci.xiaohongshu.com/spectrum/1040g34o31hhr9ouvk22g5n251e51f4uoq88kbh8?imageView2/2/w/1080/format/jpg'. This request was automatically upgraded to HTTPS, For more information see https://blog.chromium.org/2019/10/no-more-mixed-messages-about-https.html", source: https://creator.xiaohongshu.com/new/home (0)
[0618/145511.956:INFO:CONSOLE:0] "Mixed Content: The page at 'https://creator.xiaohongshu.com/new/home' was loaded over HTTPS, but requested an insecure element 'http://ci.xiaohongshu.com/spectrum/1040g0k031hhfvke238005n251e51f4uont3lh30?imageView2/2/w/1080/format/jpg'. This request was automatically upgraded to HTTPS, For more information see https://blog.chromium.org/2019/10/no-more-mixed-messages-about-https.html", source: https://creator.xiaohongshu.com/new/home (0)
[0618/145511.956:INFO:CONSOLE:0] "Mixed Content: The page at 'https://creator.xiaohongshu.com/new/home' was loaded over HTTPS, but requested an insecure element 'http://ci.xiaohongshu.com/spectrum/1040g0k031e5io2s4h2005n251e51f4uov9jiue8?imageView2/2/w/1080/format/jpg'. This request was automatically upgraded to HTTPS, For more information see https://blog.chromium.org/2019/10/no-more-mixed-messages-about-https.html", source: https://creator.xiaohongshu.com/new/home (0)
[0618/145511.996:INFO:CONSOLE:119] "[apm] httpRequestTiming", source: https://fe-static.xhscdn.com/formula-static/ugc/public/resource/js/8103.ec1b381a.js (119)
[0618/145511.996:INFO:CONSOLE:119] "console.groupEnd", source: https://fe-static.xhscdn.com/formula-static/ugc/public/resource/js/8103.ec1b381a.js (119)
[0618/145511.996:INFO:CONSOLE:119] "[apm] httpRequestTiming", source: https://fe-static.xhscdn.com/formula-static/ugc/public/resource/js/8103.ec1b381a.js (119)
[0618/145511.996:INFO:CONSOLE:119] "console.groupEnd", source: https://fe-static.xhscdn.com/formula-static/ugc/public/resource/js/8103.ec1b381a.js (119)
[0618/145511.996:INFO:CONSOLE:119] "[apm] httpRequestTiming", source: https://fe-static.xhscdn.com/formula-static/ugc/public/resource/js/8103.ec1b381a.js (119)
[0618/145511.996:INFO:CONSOLE:119] "console.groupEnd", source: https://fe-static.xhscdn.com/formula-static/ugc/public/resource/js/8103.ec1b381a.js (119)
[0618/145511.996:INFO:CONSOLE:119] "[apm] httpRequestTiming", source: https://fe-static.xhscdn.com/formula-static/ugc/public/resource/js/8103.ec1b381a.js (119)
[0618/145511.996:INFO:CONSOLE:119] "console.groupEnd", source: https://fe-static.xhscdn.com/formula-static/ugc/public/resource/js/8103.ec1b381a.js (119)
[0618/145511.996:INFO:CONSOLE:119] "[apm] httpRequestTiming", source: https://fe-static.xhscdn.com/formula-static/ugc/public/resource/js/8103.ec1b381a.js (119)
[0618/145511.996:INFO:CONSOLE:119] "console.groupEnd", source: https://fe-static.xhscdn.com/formula-static/ugc/public/resource/js/8103.ec1b381a.js (119)
[0618/145512.105:INFO:CONSOLE:119] "[apm] httpRequestTiming", source: https://fe-static.xhscdn.com/formula-static/ugc/public/resource/js/8103.ec1b381a.js (119)
[0618/145512.105:INFO:CONSOLE:119] "console.groupEnd", source: https://fe-static.xhscdn.com/formula-static/ugc/public/resource/js/8103.ec1b381a.js (119)
[0618/145512.105:INFO:CONSOLE:119] "[apm] httpRequestTiming", source: https://fe-static.xhscdn.com/formula-static/ugc/public/resource/js/8103.ec1b381a.js (119)
[0618/145512.105:INFO:CONSOLE:119] "console.groupEnd", source: https://fe-static.xhscdn.com/formula-static/ugc/public/resource/js/8103.ec1b381a.js (119)
[0618/145512.105:INFO:CONSOLE:119] "[apm] httpRequestTiming", source: https://fe-static.xhscdn.com/formula-static/ugc/public/resource/js/8103.ec1b381a.js (119)
[0618/145512.105:INFO:CONSOLE:119] "console.groupEnd", source: https://fe-static.xhscdn.com/formula-static/ugc/public/resource/js/8103.ec1b381a.js (119)
[0618/145512.105:INFO:CONSOLE:119] "[apm] httpRequestTiming", source: https://fe-static.xhscdn.com/formula-static/ugc/public/resource/js/8103.ec1b381a.js (119)
[0618/145512.105:INFO:CONSOLE:119] "console.groupEnd", source: https://fe-static.xhscdn.com/formula-static/ugc/public/resource/js/8103.ec1b381a.js (119)
[0618/145512.105:INFO:CONSOLE:119] "[apm] httpRequestTiming", source: https://fe-static.xhscdn.com/formula-static/ugc/public/resource/js/8103.ec1b381a.js (119)
[0618/145512.105:INFO:CONSOLE:119] "console.groupEnd", source: https://fe-static.xhscdn.com/formula-static/ugc/public/resource/js/8103.ec1b381a.js (119)
[0618/145512.210:INFO:CONSOLE:1] "Fetch API cannot load chrome-extension://dhjaibcmgocbpegmejfphjhhpaphmkpp/is.js. URL scheme "chrome-extension" is not supported.", source: https://fe-static.xhscdn.com/formula-static/ugc/public/resource/js/async/9936.c458759f.js (1)
[0618/145512.210:INFO:CONSOLE:1] "Fetch API cannot load chrome-extension://beeaddblkeeialcohiolkkoiifhgjooj/manifest.json. URL scheme "chrome-extension" is not supported.", source: https://fe-static.xhscdn.com/formula-static/ugc/public/resource/js/async/9936.c458759f.js (1)
[0618/145512.210:INFO:CONSOLE:1] "Fetch API cannot load chrome-extension://ddgooekaaihgnbfbgalfiooiicdnmnia/js/js-index.ts.js. URL scheme "chrome-extension" is not supported.", source: https://fe-static.xhscdn.com/formula-static/ugc/public/resource/js/async/9936.c458759f.js (1)
[0618/145512.211:INFO:CONSOLE:1] "Fetch API cannot load chrome-extension://keeelahekhhgkpaipdodgjnmgkfcdpde/inject.6070000c.js. URL scheme "chrome-extension" is not supported.", source: https://fe-static.xhscdn.com/formula-static/ugc/public/resource/js/async/9936.c458759f.js (1)
[0618/145512.211:INFO:CONSOLE:1] "Fetch API cannot load chrome-extension://dbichmdlbjdeplpkhcejgkakobjbjalc/content-scripts/xiaohongshu.css. URL scheme "chrome-extension" is not supported.", source: https://fe-static.xhscdn.com/formula-static/ugc/public/resource/js/async/9936.c458759f.js (1)
[0618/145512.211:INFO:CONSOLE:1] "Fetch API cannot load chrome-extension://piejlhcmefdepbgalcongckfomfobokb/worker.js. URL scheme "chrome-extension" is not supported.", source: https://fe-static.xhscdn.com/formula-static/ugc/public/resource/js/async/9936.c458759f.js (1)
[0618/145512.211:INFO:CONSOLE:1] "Fetch API cannot load chrome-extension://lenndnnbdichpjlfmfadcjpaenmiflan/inject.bundle.js. URL scheme "chrome-extension" is not supported.", source: https://fe-static.xhscdn.com/formula-static/ugc/public/resource/js/async/9936.c458759f.js (1)
[0618/145512.211:INFO:CONSOLE:1] "Fetch API cannot load chrome-extension://hmeohemhimcjlegdjloglnkfablbneif/inject.bundle.js. URL scheme "chrome-extension" is not supported.", source: https://fe-static.xhscdn.com/formula-static/ugc/public/resource/js/async/9936.c458759f.js (1)
[0618/145512.693:INFO:CONSOLE:0] "Mixed Content: The page at 'https://creator.xiaohongshu.com/new/home' was loaded over HTTPS, but requested an insecure element 'http://ci.xiaohongshu.com/0219df73-68d0-3502-a77c-72b1fd4cfcfb?imageView2/2/w/270/format/jpg'. This request was automatically upgraded to HTTPS, For more information see https://blog.chromium.org/2019/10/no-more-mixed-messages-about-https.html", source: https://creator.xiaohongshu.com/new/home (0)
[0618/145512.693:INFO:CONSOLE:0] "Mixed Content: The page at 'https://creator.xiaohongshu.com/new/home' was loaded over HTTPS, but requested an insecure element 'http://ci.xiaohongshu.com/fdbba771-8c11-318d-bd7e-65084dfa6236?imageView2/2/w/270/format/jpg'. This request was automatically upgraded to HTTPS, For more information see https://blog.chromium.org/2019/10/no-more-mixed-messages-about-https.html", source: https://creator.xiaohongshu.com/new/home (0)
[0618/145512.693:INFO:CONSOLE:0] "Mixed Content: The page at 'https://creator.xiaohongshu.com/new/home' was loaded over HTTPS, but requested an insecure element 'http://ci.xiaohongshu.com/f84f0e81-44d3-3284-bd8c-df0cd50db549?imageView2/2/w/270/format/jpg'. This request was automatically upgraded to HTTPS, For more information see https://blog.chromium.org/2019/10/no-more-mixed-messages-about-https.html", source: https://creator.xiaohongshu.com/new/home (0)
[0618/145512.693:INFO:CONSOLE:0] "Mixed Content: The page at 'https://creator.xiaohongshu.com/new/home' was loaded over HTTPS, but requested an insecure element 'http://ci.xiaohongshu.com/32cacced-3b28-321d-9ed6-7745e001e985?imageView2/2/w/270/format/jpg'. This request was automatically upgraded to HTTPS, For more information see https://blog.chromium.org/2019/10/no-more-mixed-messages-about-https.html", source: https://creator.xiaohongshu.com/new/home (0)
[0618/145512.693:INFO:CONSOLE:0] "Mixed Content: The page at 'https://creator.xiaohongshu.com/new/home' was loaded over HTTPS, but requested an insecure element 'http://ci.xiaohongshu.com/cbc2f859-bb10-3d3f-a141-5dd92056725d?imageView2/2/w/270/format/jpg'. This request was automatically upgraded to HTTPS, For more information see https://blog.chromium.org/2019/10/no-more-mixed-messages-about-https.html", source: https://creator.xiaohongshu.com/new/home (0)
[0618/145512.693:INFO:CONSOLE:0] "Mixed Content: The page at 'https://creator.xiaohongshu.com/new/home' was loaded over HTTPS, but requested an insecure element 'http://ci.xiaohongshu.com/d7762267-69c7-3bc0-a89a-3c7127f0f738?imageView2/2/w/270/format/jpg'. This request was automatically upgraded to HTTPS, For more information see https://blog.chromium.org/2019/10/no-more-mixed-messages-about-https.html", source: https://creator.xiaohongshu.com/new/home (0)
[0618/145512.694:INFO:CONSOLE:0] "Mixed Content: The page at 'https://creator.xiaohongshu.com/new/home' was loaded over HTTPS, but requested an insecure element 'http://ci.xiaohongshu.com/6ddf4fe1-2908-3b71-8ca7-fee885c4eab9?imageView2/2/w/270/format/jpg'. This request was automatically upgraded to HTTPS, For more information see https://blog.chromium.org/2019/10/no-more-mixed-messages-about-https.html", source: https://creator.xiaohongshu.com/new/home (0)
[0618/145512.694:INFO:CONSOLE:0] "Mixed Content: The page at 'https://creator.xiaohongshu.com/new/home' was loaded over HTTPS, but requested an insecure element 'http://ci.xiaohongshu.com/dfa37da0-ca01-31a7-9bb7-2e30e21c724a?imageView2/2/w/270/format/jpg'. This request was automatically upgraded to HTTPS, For more information see https://blog.chromium.org/2019/10/no-more-mixed-messages-about-https.html", source: https://creator.xiaohongshu.com/new/home (0)
[0618/145512.694:INFO:CONSOLE:0] "Mixed Content: The page at 'https://creator.xiaohongshu.com/new/home' was loaded over HTTPS, but requested an insecure element 'http://ci.xiaohongshu.com/dcef525b-8e58-38d5-ab60-0e6cb5a185f7?imageView2/2/w/270/format/jpg'. This request was automatically upgraded to HTTPS, For more information see https://blog.chromium.org/2019/10/no-more-mixed-messages-about-https.html", source: https://creator.xiaohongshu.com/new/home (0)
[0618/145512.694:INFO:CONSOLE:0] "Mixed Content: The page at 'https://creator.xiaohongshu.com/new/home' was loaded over HTTPS, but requested an insecure element 'http://ci.xiaohongshu.com/2d9fa2fa-3d30-3ce8-b8f1-54b97d788720?imageView2/2/w/270/format/jpg'. This request was automatically upgraded to HTTPS, For more information see https://blog.chromium.org/2019/10/no-more-mixed-messages-about-https.html", source: https://creator.xiaohongshu.com/new/home (0)
[0618/145512.694:INFO:CONSOLE:0] "Mixed Content: The page at 'https://creator.xiaohongshu.com/new/home' was loaded over HTTPS, but requested an insecure element 'http://ci.xiaohongshu.com/347a3290-049d-3a1f-bd88-33fd260672a1?imageView2/2/w/270/format/jpg'. This request was automatically upgraded to HTTPS, For more information see https://blog.chromium.org/2019/10/no-more-mixed-messages-about-https.html", source: https://creator.xiaohongshu.com/new/home (0)
[0618/145512.694:INFO:CONSOLE:0] "Mixed Content: The page at 'https://creator.xiaohongshu.com/new/home' was loaded over HTTPS, but requested an insecure element 'http://ci.xiaohongshu.com/2404ddb6-deb7-33ba-9d03-d2c434a02e46?imageView2/2/w/270/format/jpg'. This request was automatically upgraded to HTTPS, For more information see https://blog.chromium.org/2019/10/no-more-mixed-messages-about-https.html", source: https://creator.xiaohongshu.com/new/home (0)
[0618/145512.694:INFO:CONSOLE:0] "Mixed Content: The page at 'https://creator.xiaohongshu.com/new/home' was loaded over HTTPS, but requested an insecure element 'http://ci.xiaohongshu.com/77c0d478-c016-39c9-954d-1cdaac23e79c?imageView2/2/w/270/format/jpg'. This request was automatically upgraded to HTTPS, For more information see https://blog.chromium.org/2019/10/no-more-mixed-messages-about-https.html", source: https://creator.xiaohongshu.com/new/home (0)
[0618/145512.694:INFO:CONSOLE:0] "Mixed Content: The page at 'https://creator.xiaohongshu.com/new/home' was loaded over HTTPS, but requested an insecure element 'http://ci.xiaohongshu.com/cb9a7294-3b4c-3da3-8121-ed0637cad6b4?imageView2/2/w/270/format/jpg'. This request was automatically upgraded to HTTPS, For more information see https://blog.chromium.org/2019/10/no-more-mixed-messages-about-https.html", source: https://creator.xiaohongshu.com/new/home (0)
[0618/145512.694:INFO:CONSOLE:0] "Mixed Content: The page at 'https://creator.xiaohongshu.com/new/home' was loaded over HTTPS, but requested an insecure element 'http://ci.xiaohongshu.com/010272016jzd5soyf9t0103dw2t2hyvlhx?imageView2/2/w/270/format/jpg'. This request was automatically upgraded to HTTPS, For more information see https://blog.chromium.org/2019/10/no-more-mixed-messages-about-https.html", source: https://creator.xiaohongshu.com/new/home (0)
[0618/145512.694:INFO:CONSOLE:0] "Mixed Content: The page at 'https://creator.xiaohongshu.com/new/home' was loaded over HTTPS, but requested an insecure element 'http://ci.xiaohongshu.com/0219df73-68d0-3502-a77c-72b1fd4cfcfb?imageView2/2/w/270/format/jpg'. This request was automatically upgraded to HTTPS, For more information see https://blog.chromium.org/2019/10/no-more-mixed-messages-about-https.html", source: https://creator.xiaohongshu.com/new/home (0)
[0618/145512.694:INFO:CONSOLE:0] "Mixed Content: The page at 'https://creator.xiaohongshu.com/new/home' was loaded over HTTPS, but requested an insecure element 'http://ci.xiaohongshu.com/fdbba771-8c11-318d-bd7e-65084dfa6236?imageView2/2/w/270/format/jpg'. This request was automatically upgraded to HTTPS, For more information see https://blog.chromium.org/2019/10/no-more-mixed-messages-about-https.html", source: https://creator.xiaohongshu.com/new/home (0)
[0618/145512.694:INFO:CONSOLE:0] "Mixed Content: The page at 'https://creator.xiaohongshu.com/new/home' was loaded over HTTPS, but requested an insecure element 'http://ci.xiaohongshu.com/f84f0e81-44d3-3284-bd8c-df0cd50db549?imageView2/2/w/270/format/jpg'. This request was automatically upgraded to HTTPS, For more information see https://blog.chromium.org/2019/10/no-more-mixed-messages-about-https.html", source: https://creator.xiaohongshu.com/new/home (0)
[0618/145512.694:INFO:CONSOLE:0] "Mixed Content: The page at 'https://creator.xiaohongshu.com/new/home' was loaded over HTTPS, but requested an insecure element 'http://ci.xiaohongshu.com/32cacced-3b28-321d-9ed6-7745e001e985?imageView2/2/w/270/format/jpg'. This request was automatically upgraded to HTTPS, For more information see https://blog.chromium.org/2019/10/no-more-mixed-messages-about-https.html", source: https://creator.xiaohongshu.com/new/home (0)
[0618/145512.694:INFO:CONSOLE:0] "Mixed Content: The page at 'https://creator.xiaohongshu.com/new/home' was loaded over HTTPS, but requested an insecure element 'http://ci.xiaohongshu.com/cbc2f859-bb10-3d3f-a141-5dd92056725d?imageView2/2/w/270/format/jpg'. This request was automatically upgraded to HTTPS, For more information see https://blog.chromium.org/2019/10/no-more-mixed-messages-about-https.html", source: https://creator.xiaohongshu.com/new/home (0)
[0618/145512.694:INFO:CONSOLE:0] "Mixed Content: The page at 'https://creator.xiaohongshu.com/new/home' was loaded over HTTPS, but requested an insecure element 'http://ci.xiaohongshu.com/d7762267-69c7-3bc0-a89a-3c7127f0f738?imageView2/2/w/270/format/jpg'. This request was automatically upgraded to HTTPS, For more information see https://blog.chromium.org/2019/10/no-more-mixed-messages-about-https.html", source: https://creator.xiaohongshu.com/new/home (0)
[0618/145512.694:INFO:CONSOLE:0] "Mixed Content: The page at 'https://creator.xiaohongshu.com/new/home' was loaded over HTTPS, but requested an insecure element 'http://ci.xiaohongshu.com/6ddf4fe1-2908-3b71-8ca7-fee885c4eab9?imageView2/2/w/270/format/jpg'. This request was automatically upgraded to HTTPS, For more information see https://blog.chromium.org/2019/10/no-more-mixed-messages-about-https.html", source: https://creator.xiaohongshu.com/new/home (0)
[0618/145512.694:INFO:CONSOLE:0] "Mixed Content: The page at 'https://creator.xiaohongshu.com/new/home' was loaded over HTTPS, but requested an insecure element 'http://ci.xiaohongshu.com/dfa37da0-ca01-31a7-9bb7-2e30e21c724a?imageView2/2/w/270/format/jpg'. This request was automatically upgraded to HTTPS, For more information see https://blog.chromium.org/2019/10/no-more-mixed-messages-about-https.html", source: https://creator.xiaohongshu.com/new/home (0)
[0618/145512.694:INFO:CONSOLE:0] "Mixed Content: The page at 'https://creator.xiaohongshu.com/new/home' was loaded over HTTPS, but requested an insecure element 'http://ci.xiaohongshu.com/dcef525b-8e58-38d5-ab60-0e6cb5a185f7?imageView2/2/w/270/format/jpg'. This request was automatically upgraded to HTTPS, For more information see https://blog.chromium.org/2019/10/no-more-mixed-messages-about-https.html", source: https://creator.xiaohongshu.com/new/home (0)
[0618/145512.694:INFO:CONSOLE:0] "Mixed Content: The page at 'https://creator.xiaohongshu.com/new/home' was loaded over HTTPS, but requested an insecure element 'http://ci.xiaohongshu.com/2d9fa2fa-3d30-3ce8-b8f1-54b97d788720?imageView2/2/w/270/format/jpg'. This request was automatically upgraded to HTTPS, For more information see https://blog.chromium.org/2019/10/no-more-mixed-messages-about-https.html", source: https://creator.xiaohongshu.com/new/home (0)
[0618/145512.694:INFO:CONSOLE:0] "Mixed Content: The page at 'https://creator.xiaohongshu.com/new/home' was loaded over HTTPS, but requested an insecure element 'http://ci.xiaohongshu.com/347a3290-049d-3a1f-bd88-33fd260672a1?imageView2/2/w/270/format/jpg'. This request was automatically upgraded to HTTPS, For more information see https://blog.chromium.org/2019/10/no-more-mixed-messages-about-https.html", source: https://creator.xiaohongshu.com/new/home (0)
[0618/145512.694:INFO:CONSOLE:0] "Mixed Content: The page at 'https://creator.xiaohongshu.com/new/home' was loaded over HTTPS, but requested an insecure element 'http://ci.xiaohongshu.com/2404ddb6-deb7-33ba-9d03-d2c434a02e46?imageView2/2/w/270/format/jpg'. This request was automatically upgraded to HTTPS, For more information see https://blog.chromium.org/2019/10/no-more-mixed-messages-about-https.html", source: https://creator.xiaohongshu.com/new/home (0)
[0618/145512.694:INFO:CONSOLE:0] "Mixed Content: The page at 'https://creator.xiaohongshu.com/new/home' was loaded over HTTPS, but requested an insecure element 'http://ci.xiaohongshu.com/77c0d478-c016-39c9-954d-1cdaac23e79c?imageView2/2/w/270/format/jpg'. This request was automatically upgraded to HTTPS, For more information see https://blog.chromium.org/2019/10/no-more-mixed-messages-about-https.html", source: https://creator.xiaohongshu.com/new/home (0)
[0618/145512.694:INFO:CONSOLE:0] "Mixed Content: The page at 'https://creator.xiaohongshu.com/new/home' was loaded over HTTPS, but requested an insecure element 'http://ci.xiaohongshu.com/cb9a7294-3b4c-3da3-8121-ed0637cad6b4?imageView2/2/w/270/format/jpg'. This request was automatically upgraded to HTTPS, For more information see https://blog.chromium.org/2019/10/no-more-mixed-messages-about-https.html", source: https://creator.xiaohongshu.com/new/home (0)
[0618/145512.694:INFO:CONSOLE:0] "Mixed Content: The page at 'https://creator.xiaohongshu.com/new/home' was loaded over HTTPS, but requested an insecure element 'http://ci.xiaohongshu.com/010272016jzd5soyf9t0103dw2t2hyvlhx?imageView2/2/w/270/format/jpg'. This request was automatically upgraded to HTTPS, For more information see https://blog.chromium.org/2019/10/no-more-mixed-messages-about-https.html", source: https://creator.xiaohongshu.com/new/home (0)
[0618/145512.694:INFO:CONSOLE:0] "Mixed Content: The page at 'https://creator.xiaohongshu.com/new/home' was loaded over HTTPS, but requested an insecure element 'http://ci.xiaohongshu.com/0219df73-68d0-3502-a77c-72b1fd4cfcfb?imageView2/2/w/270/format/jpg'. This request was automatically upgraded to HTTPS, For more information see https://blog.chromium.org/2019/10/no-more-mixed-messages-about-https.html", source: https://creator.xiaohongshu.com/new/home (0)
[0618/145512.694:INFO:CONSOLE:0] "Mixed Content: The page at 'https://creator.xiaohongshu.com/new/home' was loaded over HTTPS, but requested an insecure element 'http://ci.xiaohongshu.com/fdbba771-8c11-318d-bd7e-65084dfa6236?imageView2/2/w/270/format/jpg'. This request was automatically upgraded to HTTPS, For more information see https://blog.chromium.org/2019/10/no-more-mixed-messages-about-https.html", source: https://creator.xiaohongshu.com/new/home (0)
[0618/145512.694:INFO:CONSOLE:0] "Mixed Content: The page at 'https://creator.xiaohongshu.com/new/home' was loaded over HTTPS, but requested an insecure element 'http://ci.xiaohongshu.com/f84f0e81-44d3-3284-bd8c-df0cd50db549?imageView2/2/w/270/format/jpg'. This request was automatically upgraded to HTTPS, For more information see https://blog.chromium.org/2019/10/no-more-mixed-messages-about-https.html", source: https://creator.xiaohongshu.com/new/home (0)
[0618/145512.694:INFO:CONSOLE:0] "Mixed Content: The page at 'https://creator.xiaohongshu.com/new/home' was loaded over HTTPS, but requested an insecure element 'http://ci.xiaohongshu.com/32cacced-3b28-321d-9ed6-7745e001e985?imageView2/2/w/270/format/jpg'. This request was automatically upgraded to HTTPS, For more information see https://blog.chromium.org/2019/10/no-more-mixed-messages-about-https.html", source: https://creator.xiaohongshu.com/new/home (0)
[0618/145512.696:INFO:CONSOLE:0] "Mixed Content: The page at 'https://creator.xiaohongshu.com/new/home' was loaded over HTTPS, but requested an insecure element 'http://ci.xiaohongshu.com/cbc2f859-bb10-3d3f-a141-5dd92056725d?imageView2/2/w/270/format/jpg'. This request was automatically upgraded to HTTPS, For more information see https://blog.chromium.org/2019/10/no-more-mixed-messages-about-https.html", source: https://creator.xiaohongshu.com/new/home (0)
[0618/145512.696:INFO:CONSOLE:0] "Mixed Content: The page at 'https://creator.xiaohongshu.com/new/home' was loaded over HTTPS, but requested an insecure element 'http://ci.xiaohongshu.com/d7762267-69c7-3bc0-a89a-3c7127f0f738?imageView2/2/w/270/format/jpg'. This request was automatically upgraded to HTTPS, For more information see https://blog.chromium.org/2019/10/no-more-mixed-messages-about-https.html", source: https://creator.xiaohongshu.com/new/home (0)
[0618/145512.696:INFO:CONSOLE:0] "Mixed Content: The page at 'https://creator.xiaohongshu.com/new/home' was loaded over HTTPS, but requested an insecure element 'http://ci.xiaohongshu.com/6ddf4fe1-2908-3b71-8ca7-fee885c4eab9?imageView2/2/w/270/format/jpg'. This request was automatically upgraded to HTTPS, For more information see https://blog.chromium.org/2019/10/no-more-mixed-messages-about-https.html", source: https://creator.xiaohongshu.com/new/home (0)
[0618/145512.696:INFO:CONSOLE:0] "Mixed Content: The page at 'https://creator.xiaohongshu.com/new/home' was loaded over HTTPS, but requested an insecure element 'http://ci.xiaohongshu.com/dfa37da0-ca01-31a7-9bb7-2e30e21c724a?imageView2/2/w/270/format/jpg'. This request was automatically upgraded to HTTPS, For more information see https://blog.chromium.org/2019/10/no-more-mixed-messages-about-https.html", source: https://creator.xiaohongshu.com/new/home (0)
[0618/145512.696:INFO:CONSOLE:0] "Mixed Content: The page at 'https://creator.xiaohongshu.com/new/home' was loaded over HTTPS, but requested an insecure element 'http://ci.xiaohongshu.com/dcef525b-8e58-38d5-ab60-0e6cb5a185f7?imageView2/2/w/270/format/jpg'. This request was automatically upgraded to HTTPS, For more information see https://blog.chromium.org/2019/10/no-more-mixed-messages-about-https.html", source: https://creator.xiaohongshu.com/new/home (0)
[0618/145512.696:INFO:CONSOLE:0] "Mixed Content: The page at 'https://creator.xiaohongshu.com/new/home' was loaded over HTTPS, but requested an insecure element 'http://ci.xiaohongshu.com/2d9fa2fa-3d30-3ce8-b8f1-54b97d788720?imageView2/2/w/270/format/jpg'. This request was automatically upgraded to HTTPS, For more information see https://blog.chromium.org/2019/10/no-more-mixed-messages-about-https.html", source: https://creator.xiaohongshu.com/new/home (0)
[0618/145512.696:INFO:CONSOLE:0] "Mixed Content: The page at 'https://creator.xiaohongshu.com/new/home' was loaded over HTTPS, but requested an insecure element 'http://ci.xiaohongshu.com/347a3290-049d-3a1f-bd88-33fd260672a1?imageView2/2/w/270/format/jpg'. This request was automatically upgraded to HTTPS, For more information see https://blog.chromium.org/2019/10/no-more-mixed-messages-about-https.html", source: https://creator.xiaohongshu.com/new/home (0)
[0618/145512.696:INFO:CONSOLE:0] "Mixed Content: The page at 'https://creator.xiaohongshu.com/new/home' was loaded over HTTPS, but requested an insecure element 'http://ci.xiaohongshu.com/2404ddb6-deb7-33ba-9d03-d2c434a02e46?imageView2/2/w/270/format/jpg'. This request was automatically upgraded to HTTPS, For more information see https://blog.chromium.org/2019/10/no-more-mixed-messages-about-https.html", source: https://creator.xiaohongshu.com/new/home (0)
[0618/145512.696:INFO:CONSOLE:0] "Mixed Content: The page at 'https://creator.xiaohongshu.com/new/home' was loaded over HTTPS, but requested an insecure element 'http://ci.xiaohongshu.com/77c0d478-c016-39c9-954d-1cdaac23e79c?imageView2/2/w/270/format/jpg'. This request was automatically upgraded to HTTPS, For more information see https://blog.chromium.org/2019/10/no-more-mixed-messages-about-https.html", source: https://creator.xiaohongshu.com/new/home (0)
[0618/145512.696:INFO:CONSOLE:0] "Mixed Content: The page at 'https://creator.xiaohongshu.com/new/home' was loaded over HTTPS, but requested an insecure element 'http://ci.xiaohongshu.com/cb9a7294-3b4c-3da3-8121-ed0637cad6b4?imageView2/2/w/270/format/jpg'. This request was automatically upgraded to HTTPS, For more information see https://blog.chromium.org/2019/10/no-more-mixed-messages-about-https.html", source: https://creator.xiaohongshu.com/new/home (0)
[0618/145512.697:INFO:CONSOLE:0] "Mixed Content: The page at 'https://creator.xiaohongshu.com/new/home' was loaded over HTTPS, but requested an insecure element 'http://ci.xiaohongshu.com/010272016jzd5soyf9t0103dw2t2hyvlhx?imageView2/2/w/270/format/jpg'. This request was automatically upgraded to HTTPS, For more information see https://blog.chromium.org/2019/10/no-more-mixed-messages-about-https.html", source: https://creator.xiaohongshu.com/new/home (0)
[0618/145512.697:INFO:CONSOLE:0] "Mixed Content: The page at 'https://creator.xiaohongshu.com/new/home' was loaded over HTTPS, but requested an insecure element 'http://ci.xiaohongshu.com/0219df73-68d0-3502-a77c-72b1fd4cfcfb?imageView2/2/w/270/format/jpg'. This request was automatically upgraded to HTTPS, For more information see https://blog.chromium.org/2019/10/no-more-mixed-messages-about-https.html", source: https://creator.xiaohongshu.com/new/home (0)
[0618/145512.697:INFO:CONSOLE:0] "Mixed Content: The page at 'https://creator.xiaohongshu.com/new/home' was loaded over HTTPS, but requested an insecure element 'http://ci.xiaohongshu.com/fdbba771-8c11-318d-bd7e-65084dfa6236?imageView2/2/w/270/format/jpg'. This request was automatically upgraded to HTTPS, For more information see https://blog.chromium.org/2019/10/no-more-mixed-messages-about-https.html", source: https://creator.xiaohongshu.com/new/home (0)
[0618/145512.697:INFO:CONSOLE:0] "Mixed Content: The page at 'https://creator.xiaohongshu.com/new/home' was loaded over HTTPS, but requested an insecure element 'http://ci.xiaohongshu.com/f84f0e81-44d3-3284-bd8c-df0cd50db549?imageView2/2/w/270/format/jpg'. This request was automatically upgraded to HTTPS, For more information see https://blog.chromium.org/2019/10/no-more-mixed-messages-about-https.html", source: https://creator.xiaohongshu.com/new/home (0)
[0618/145512.697:INFO:CONSOLE:0] "Mixed Content: The page at 'https://creator.xiaohongshu.com/new/home' was loaded over HTTPS, but requested an insecure element 'http://ci.xiaohongshu.com/32cacced-3b28-321d-9ed6-7745e001e985?imageView2/2/w/270/format/jpg'. This request was automatically upgraded to HTTPS, For more information see https://blog.chromium.org/2019/10/no-more-mixed-messages-about-https.html", source: https://creator.xiaohongshu.com/new/home (0)
[0618/145512.697:INFO:CONSOLE:0] "Mixed Content: The page at 'https://creator.xiaohongshu.com/new/home' was loaded over HTTPS, but requested an insecure element 'http://ci.xiaohongshu.com/cbc2f859-bb10-3d3f-a141-5dd92056725d?imageView2/2/w/270/format/jpg'. This request was automatically upgraded to HTTPS, For more information see https://blog.chromium.org/2019/10/no-more-mixed-messages-about-https.html", source: https://creator.xiaohongshu.com/new/home (0)
[0618/145512.697:INFO:CONSOLE:0] "Mixed Content: The page at 'https://creator.xiaohongshu.com/new/home' was loaded over HTTPS, but requested an insecure element 'http://ci.xiaohongshu.com/d7762267-69c7-3bc0-a89a-3c7127f0f738?imageView2/2/w/270/format/jpg'. This request was automatically upgraded to HTTPS, For more information see https://blog.chromium.org/2019/10/no-more-mixed-messages-about-https.html", source: https://creator.xiaohongshu.com/new/home (0)
[0618/145512.697:INFO:CONSOLE:0] "Mixed Content: The page at 'https://creator.xiaohongshu.com/new/home' was loaded over HTTPS, but requested an insecure element 'http://ci.xiaohongshu.com/6ddf4fe1-2908-3b71-8ca7-fee885c4eab9?imageView2/2/w/270/format/jpg'. This request was automatically upgraded to HTTPS, For more information see https://blog.chromium.org/2019/10/no-more-mixed-messages-about-https.html", source: https://creator.xiaohongshu.com/new/home (0)
[0618/145512.697:INFO:CONSOLE:0] "Mixed Content: The page at 'https://creator.xiaohongshu.com/new/home' was loaded over HTTPS, but requested an insecure element 'http://ci.xiaohongshu.com/dfa37da0-ca01-31a7-9bb7-2e30e21c724a?imageView2/2/w/270/format/jpg'. This request was automatically upgraded to HTTPS, For more information see https://blog.chromium.org/2019/10/no-more-mixed-messages-about-https.html", source: https://creator.xiaohongshu.com/new/home (0)
[0618/145512.697:INFO:CONSOLE:0] "Mixed Content: The page at 'https://creator.xiaohongshu.com/new/home' was loaded over HTTPS, but requested an insecure element 'http://ci.xiaohongshu.com/dcef525b-8e58-38d5-ab60-0e6cb5a185f7?imageView2/2/w/270/format/jpg'. This request was automatically upgraded to HTTPS, For more information see https://blog.chromium.org/2019/10/no-more-mixed-messages-about-https.html", source: https://creator.xiaohongshu.com/new/home (0)
[0618/145512.697:INFO:CONSOLE:0] "Mixed Content: The page at 'https://creator.xiaohongshu.com/new/home' was loaded over HTTPS, but requested an insecure element 'http://ci.xiaohongshu.com/2d9fa2fa-3d30-3ce8-b8f1-54b97d788720?imageView2/2/w/270/format/jpg'. This request was automatically upgraded to HTTPS, For more information see https://blog.chromium.org/2019/10/no-more-mixed-messages-about-https.html", source: https://creator.xiaohongshu.com/new/home (0)
[0618/145512.697:INFO:CONSOLE:0] "Mixed Content: The page at 'https://creator.xiaohongshu.com/new/home' was loaded over HTTPS, but requested an insecure element 'http://ci.xiaohongshu.com/347a3290-049d-3a1f-bd88-33fd260672a1?imageView2/2/w/270/format/jpg'. This request was automatically upgraded to HTTPS, For more information see https://blog.chromium.org/2019/10/no-more-mixed-messages-about-https.html", source: https://creator.xiaohongshu.com/new/home (0)
[0618/145512.697:INFO:CONSOLE:0] "Mixed Content: The page at 'https://creator.xiaohongshu.com/new/home' was loaded over HTTPS, but requested an insecure element 'http://ci.xiaohongshu.com/2404ddb6-deb7-33ba-9d03-d2c434a02e46?imageView2/2/w/270/format/jpg'. This request was automatically upgraded to HTTPS, For more information see https://blog.chromium.org/2019/10/no-more-mixed-messages-about-https.html", source: https://creator.xiaohongshu.com/new/home (0)
[0618/145512.697:INFO:CONSOLE:0] "Mixed Content: The page at 'https://creator.xiaohongshu.com/new/home' was loaded over HTTPS, but requested an insecure element 'http://ci.xiaohongshu.com/77c0d478-c016-39c9-954d-1cdaac23e79c?imageView2/2/w/270/format/jpg'. This request was automatically upgraded to HTTPS, For more information see https://blog.chromium.org/2019/10/no-more-mixed-messages-about-https.html", source: https://creator.xiaohongshu.com/new/home (0)
[0618/145512.697:INFO:CONSOLE:0] "Mixed Content: The page at 'https://creator.xiaohongshu.com/new/home' was loaded over HTTPS, but requested an insecure element 'http://ci.xiaohongshu.com/cb9a7294-3b4c-3da3-8121-ed0637cad6b4?imageView2/2/w/270/format/jpg'. This request was automatically upgraded to HTTPS, For more information see https://blog.chromium.org/2019/10/no-more-mixed-messages-about-https.html", source: https://creator.xiaohongshu.com/new/home (0)
[0618/145512.697:INFO:CONSOLE:0] "Mixed Content: The page at 'https://creator.xiaohongshu.com/new/home' was loaded over HTTPS, but requested an insecure element 'http://ci.xiaohongshu.com/010272016jzd5soyf9t0103dw2t2hyvlhx?imageView2/2/w/270/format/jpg'. This request was automatically upgraded to HTTPS, For more information see https://blog.chromium.org/2019/10/no-more-mixed-messages-about-https.html", source: https://creator.xiaohongshu.com/new/home (0)
[0618/145512.697:INFO:CONSOLE:0] "Mixed Content: The page at 'https://creator.xiaohongshu.com/new/home' was loaded over HTTPS, but requested an insecure element 'http://ci.xiaohongshu.com/0219df73-68d0-3502-a77c-72b1fd4cfcfb?imageView2/2/w/270/format/jpg'. This request was automatically upgraded to HTTPS, For more information see https://blog.chromium.org/2019/10/no-more-mixed-messages-about-https.html", source: https://creator.xiaohongshu.com/new/home (0)
[0618/145512.697:INFO:CONSOLE:0] "Mixed Content: The page at 'https://creator.xiaohongshu.com/new/home' was loaded over HTTPS, but requested an insecure element 'http://ci.xiaohongshu.com/fdbba771-8c11-318d-bd7e-65084dfa6236?imageView2/2/w/270/format/jpg'. This request was automatically upgraded to HTTPS, For more information see https://blog.chromium.org/2019/10/no-more-mixed-messages-about-https.html", source: https://creator.xiaohongshu.com/new/home (0)
[0618/145512.698:INFO:CONSOLE:0] "Mixed Content: The page at 'https://creator.xiaohongshu.com/new/home' was loaded over HTTPS, but requested an insecure element 'http://ci.xiaohongshu.com/f84f0e81-44d3-3284-bd8c-df0cd50db549?imageView2/2/w/270/format/jpg'. This request was automatically upgraded to HTTPS, For more information see https://blog.chromium.org/2019/10/no-more-mixed-messages-about-https.html", source: https://creator.xiaohongshu.com/new/home (0)
[0618/145512.698:INFO:CONSOLE:0] "Mixed Content: The page at 'https://creator.xiaohongshu.com/new/home' was loaded over HTTPS, but requested an insecure element 'http://ci.xiaohongshu.com/32cacced-3b28-321d-9ed6-7745e001e985?imageView2/2/w/270/format/jpg'. This request was automatically upgraded to HTTPS, For more information see https://blog.chromium.org/2019/10/no-more-mixed-messages-about-https.html", source: https://creator.xiaohongshu.com/new/home (0)
[0618/145512.698:INFO:CONSOLE:0] "Mixed Content: The page at 'https://creator.xiaohongshu.com/new/home' was loaded over HTTPS, but requested an insecure element 'http://ci.xiaohongshu.com/cbc2f859-bb10-3d3f-a141-5dd92056725d?imageView2/2/w/270/format/jpg'. This request was automatically upgraded to HTTPS, For more information see https://blog.chromium.org/2019/10/no-more-mixed-messages-about-https.html", source: https://creator.xiaohongshu.com/new/home (0)
[0618/145512.698:INFO:CONSOLE:0] "Mixed Content: The page at 'https://creator.xiaohongshu.com/new/home' was loaded over HTTPS, but requested an insecure element 'http://ci.xiaohongshu.com/d7762267-69c7-3bc0-a89a-3c7127f0f738?imageView2/2/w/270/format/jpg'. This request was automatically upgraded to HTTPS, For more information see https://blog.chromium.org/2019/10/no-more-mixed-messages-about-https.html", source: https://creator.xiaohongshu.com/new/home (0)
[0618/145512.698:INFO:CONSOLE:0] "Mixed Content: The page at 'https://creator.xiaohongshu.com/new/home' was loaded over HTTPS, but requested an insecure element 'http://ci.xiaohongshu.com/6ddf4fe1-2908-3b71-8ca7-fee885c4eab9?imageView2/2/w/270/format/jpg'. This request was automatically upgraded to HTTPS, For more information see https://blog.chromium.org/2019/10/no-more-mixed-messages-about-https.html", source: https://creator.xiaohongshu.com/new/home (0)
[0618/145512.698:INFO:CONSOLE:0] "Mixed Content: The page at 'https://creator.xiaohongshu.com/new/home' was loaded over HTTPS, but requested an insecure element 'http://ci.xiaohongshu.com/dfa37da0-ca01-31a7-9bb7-2e30e21c724a?imageView2/2/w/270/format/jpg'. This request was automatically upgraded to HTTPS, For more information see https://blog.chromium.org/2019/10/no-more-mixed-messages-about-https.html", source: https://creator.xiaohongshu.com/new/home (0)
[0618/145512.698:INFO:CONSOLE:0] "Mixed Content: The page at 'https://creator.xiaohongshu.com/new/home' was loaded over HTTPS, but requested an insecure element 'http://ci.xiaohongshu.com/dcef525b-8e58-38d5-ab60-0e6cb5a185f7?imageView2/2/w/270/format/jpg'. This request was automatically upgraded to HTTPS, For more information see https://blog.chromium.org/2019/10/no-more-mixed-messages-about-https.html", source: https://creator.xiaohongshu.com/new/home (0)
[0618/145512.698:INFO:CONSOLE:0] "Mixed Content: The page at 'https://creator.xiaohongshu.com/new/home' was loaded over HTTPS, but requested an insecure element 'http://ci.xiaohongshu.com/2d9fa2fa-3d30-3ce8-b8f1-54b97d788720?imageView2/2/w/270/format/jpg'. This request was automatically upgraded to HTTPS, For more information see https://blog.chromium.org/2019/10/no-more-mixed-messages-about-https.html", source: https://creator.xiaohongshu.com/new/home (0)
[0618/145512.698:INFO:CONSOLE:0] "Mixed Content: The page at 'https://creator.xiaohongshu.com/new/home' was loaded over HTTPS, but requested an insecure element 'http://ci.xiaohongshu.com/347a3290-049d-3a1f-bd88-33fd260672a1?imageView2/2/w/270/format/jpg'. This request was automatically upgraded to HTTPS, For more information see https://blog.chromium.org/2019/10/no-more-mixed-messages-about-https.html", source: https://creator.xiaohongshu.com/new/home (0)
[0618/145512.698:INFO:CONSOLE:0] "Mixed Content: The page at 'https://creator.xiaohongshu.com/new/home' was loaded over HTTPS, but requested an insecure element 'http://ci.xiaohongshu.com/2404ddb6-deb7-33ba-9d03-d2c434a02e46?imageView2/2/w/270/format/jpg'. This request was automatically upgraded to HTTPS, For more information see https://blog.chromium.org/2019/10/no-more-mixed-messages-about-https.html", source: https://creator.xiaohongshu.com/new/home (0)
[0618/145512.698:INFO:CONSOLE:0] "Mixed Content: The page at 'https://creator.xiaohongshu.com/new/home' was loaded over HTTPS, but requested an insecure element 'http://ci.xiaohongshu.com/77c0d478-c016-39c9-954d-1cdaac23e79c?imageView2/2/w/270/format/jpg'. This request was automatically upgraded to HTTPS, For more information see https://blog.chromium.org/2019/10/no-more-mixed-messages-about-https.html", source: https://creator.xiaohongshu.com/new/home (0)
[0618/145512.698:INFO:CONSOLE:0] "Mixed Content: The page at 'https://creator.xiaohongshu.com/new/home' was loaded over HTTPS, but requested an insecure element 'http://ci.xiaohongshu.com/cb9a7294-3b4c-3da3-8121-ed0637cad6b4?imageView2/2/w/270/format/jpg'. This request was automatically upgraded to HTTPS, For more information see https://blog.chromium.org/2019/10/no-more-mixed-messages-about-https.html", source: https://creator.xiaohongshu.com/new/home (0)
[0618/145512.698:INFO:CONSOLE:0] "Mixed Content: The page at 'https://creator.xiaohongshu.com/new/home' was loaded over HTTPS, but requested an insecure element 'http://ci.xiaohongshu.com/010272016jzd5soyf9t0103dw2t2hyvlhx?imageView2/2/w/270/format/jpg'. This request was automatically upgraded to HTTPS, For more information see https://blog.chromium.org/2019/10/no-more-mixed-messages-about-https.html", source: https://creator.xiaohongshu.com/new/home (0)
[0618/145512.698:INFO:CONSOLE:0] "Mixed Content: The page at 'https://creator.xiaohongshu.com/new/home' was loaded over HTTPS, but requested an insecure element 'http://ci.xiaohongshu.com/0219df73-68d0-3502-a77c-72b1fd4cfcfb?imageView2/2/w/270/format/jpg'. This request was automatically upgraded to HTTPS, For more information see https://blog.chromium.org/2019/10/no-more-mixed-messages-about-https.html", source: https://creator.xiaohongshu.com/new/home (0)
[0618/145512.698:INFO:CONSOLE:0] "Mixed Content: The page at 'https://creator.xiaohongshu.com/new/home' was loaded over HTTPS, but requested an insecure element 'http://ci.xiaohongshu.com/fdbba771-8c11-318d-bd7e-65084dfa6236?imageView2/2/w/270/format/jpg'. This request was automatically upgraded to HTTPS, For more information see https://blog.chromium.org/2019/10/no-more-mixed-messages-about-https.html", source: https://creator.xiaohongshu.com/new/home (0)
[0618/145512.698:INFO:CONSOLE:0] "Mixed Content: The page at 'https://creator.xiaohongshu.com/new/home' was loaded over HTTPS, but requested an insecure element 'http://ci.xiaohongshu.com/f84f0e81-44d3-3284-bd8c-df0cd50db549?imageView2/2/w/270/format/jpg'. This request was automatically upgraded to HTTPS, For more information see https://blog.chromium.org/2019/10/no-more-mixed-messages-about-https.html", source: https://creator.xiaohongshu.com/new/home (0)
[0618/145512.698:INFO:CONSOLE:0] "Mixed Content: The page at 'https://creator.xiaohongshu.com/new/home' was loaded over HTTPS, but requested an insecure element 'http://ci.xiaohongshu.com/32cacced-3b28-321d-9ed6-7745e001e985?imageView2/2/w/270/format/jpg'. This request was automatically upgraded to HTTPS, For more information see https://blog.chromium.org/2019/10/no-more-mixed-messages-about-https.html", source: https://creator.xiaohongshu.com/new/home (0)
[0618/145512.698:INFO:CONSOLE:0] "Mixed Content: The page at 'https://creator.xiaohongshu.com/new/home' was loaded over HTTPS, but requested an insecure element 'http://ci.xiaohongshu.com/cbc2f859-bb10-3d3f-a141-5dd92056725d?imageView2/2/w/270/format/jpg'. This request was automatically upgraded to HTTPS, For more information see https://blog.chromium.org/2019/10/no-more-mixed-messages-about-https.html", source: https://creator.xiaohongshu.com/new/home (0)
[0618/145512.698:INFO:CONSOLE:0] "Mixed Content: The page at 'https://creator.xiaohongshu.com/new/home' was loaded over HTTPS, but requested an insecure element 'http://ci.xiaohongshu.com/d7762267-69c7-3bc0-a89a-3c7127f0f738?imageView2/2/w/270/format/jpg'. This request was automatically upgraded to HTTPS, For more information see https://blog.chromium.org/2019/10/no-more-mixed-messages-about-https.html", source: https://creator.xiaohongshu.com/new/home (0)
[0618/145512.698:INFO:CONSOLE:0] "Mixed Content: The page at 'https://creator.xiaohongshu.com/new/home' was loaded over HTTPS, but requested an insecure element 'http://ci.xiaohongshu.com/6ddf4fe1-2908-3b71-8ca7-fee885c4eab9?imageView2/2/w/270/format/jpg'. This request was automatically upgraded to HTTPS, For more information see https://blog.chromium.org/2019/10/no-more-mixed-messages-about-https.html", source: https://creator.xiaohongshu.com/new/home (0)
[0618/145512.698:INFO:CONSOLE:0] "Mixed Content: The page at 'https://creator.xiaohongshu.com/new/home' was loaded over HTTPS, but requested an insecure element 'http://ci.xiaohongshu.com/dfa37da0-ca01-31a7-9bb7-2e30e21c724a?imageView2/2/w/270/format/jpg'. This request was automatically upgraded to HTTPS, For more information see https://blog.chromium.org/2019/10/no-more-mixed-messages-about-https.html", source: https://creator.xiaohongshu.com/new/home (0)
[0618/145512.698:INFO:CONSOLE:0] "Mixed Content: The page at 'https://creator.xiaohongshu.com/new/home' was loaded over HTTPS, but requested an insecure element 'http://ci.xiaohongshu.com/dcef525b-8e58-38d5-ab60-0e6cb5a185f7?imageView2/2/w/270/format/jpg'. This request was automatically upgraded to HTTPS, For more information see https://blog.chromium.org/2019/10/no-more-mixed-messages-about-https.html", source: https://creator.xiaohongshu.com/new/home (0)
[0618/145512.698:INFO:CONSOLE:0] "Mixed Content: The page at 'https://creator.xiaohongshu.com/new/home' was loaded over HTTPS, but requested an insecure element 'http://ci.xiaohongshu.com/2d9fa2fa-3d30-3ce8-b8f1-54b97d788720?imageView2/2/w/270/format/jpg'. This request was automatically upgraded to HTTPS, For more information see https://blog.chromium.org/2019/10/no-more-mixed-messages-about-https.html", source: https://creator.xiaohongshu.com/new/home (0)
[0618/145512.698:INFO:CONSOLE:0] "Mixed Content: The page at 'https://creator.xiaohongshu.com/new/home' was loaded over HTTPS, but requested an insecure element 'http://ci.xiaohongshu.com/347a3290-049d-3a1f-bd88-33fd260672a1?imageView2/2/w/270/format/jpg'. This request was automatically upgraded to HTTPS, For more information see https://blog.chromium.org/2019/10/no-more-mixed-messages-about-https.html", source: https://creator.xiaohongshu.com/new/home (0)
[0618/145512.698:INFO:CONSOLE:0] "Mixed Content: The page at 'https://creator.xiaohongshu.com/new/home' was loaded over HTTPS, but requested an insecure element 'http://ci.xiaohongshu.com/2404ddb6-deb7-33ba-9d03-d2c434a02e46?imageView2/2/w/270/format/jpg'. This request was automatically upgraded to HTTPS, For more information see https://blog.chromium.org/2019/10/no-more-mixed-messages-about-https.html", source: https://creator.xiaohongshu.com/new/home (0)
[0618/145512.698:INFO:CONSOLE:0] "Mixed Content: The page at 'https://creator.xiaohongshu.com/new/home' was loaded over HTTPS, but requested an insecure element 'http://ci.xiaohongshu.com/77c0d478-c016-39c9-954d-1cdaac23e79c?imageView2/2/w/270/format/jpg'. This request was automatically upgraded to HTTPS, For more information see https://blog.chromium.org/2019/10/no-more-mixed-messages-about-https.html", source: https://creator.xiaohongshu.com/new/home (0)
[0618/145512.698:INFO:CONSOLE:0] "Mixed Content: The page at 'https://creator.xiaohongshu.com/new/home' was loaded over HTTPS, but requested an insecure element 'http://ci.xiaohongshu.com/cb9a7294-3b4c-3da3-8121-ed0637cad6b4?imageView2/2/w/270/format/jpg'. This request was automatically upgraded to HTTPS, For more information see https://blog.chromium.org/2019/10/no-more-mixed-messages-about-https.html", source: https://creator.xiaohongshu.com/new/home (0)
[0618/145512.698:INFO:CONSOLE:0] "Mixed Content: The page at 'https://creator.xiaohongshu.com/new/home' was loaded over HTTPS, but requested an insecure element 'http://ci.xiaohongshu.com/010272016jzd5soyf9t0103dw2t2hyvlhx?imageView2/2/w/270/format/jpg'. This request was automatically upgraded to HTTPS, For more information see https://blog.chromium.org/2019/10/no-more-mixed-messages-about-https.html", source: https://creator.xiaohongshu.com/new/home (0)
[0618/145512.721:INFO:CONSOLE:0] "Mixed Content: The page at 'https://creator.xiaohongshu.com/new/home' was loaded over HTTPS, but requested an insecure element 'http://ci.xiaohongshu.com/spectrum/1040g0k0321h9dcboms005q9l4qsskusbaq5c320?imageView2/2/w/1080/format/jpg'. This request was automatically upgraded to HTTPS, For more information see https://blog.chromium.org/2019/10/no-more-mixed-messages-about-https.html", source: https://creator.xiaohongshu.com/new/home (0)
[0618/145514.337:INFO:CONSOLE:119] "[apm] httpRequestTiming", source: https://fe-static.xhscdn.com/formula-static/ugc/public/resource/js/8103.ec1b381a.js (119)
[0618/145514.337:INFO:CONSOLE:119] "console.groupEnd", source: https://fe-static.xhscdn.com/formula-static/ugc/public/resource/js/8103.ec1b381a.js (119)
[0618/145514.337:INFO:CONSOLE:119] "[apm] httpRequestTiming", source: https://fe-static.xhscdn.com/formula-static/ugc/public/resource/js/8103.ec1b381a.js (119)
[0618/145514.337:INFO:CONSOLE:119] "console.groupEnd", source: https://fe-static.xhscdn.com/formula-static/ugc/public/resource/js/8103.ec1b381a.js (119)
[0618/145514.337:INFO:CONSOLE:119] "[apm] httpRequestTiming", source: https://fe-static.xhscdn.com/formula-static/ugc/public/resource/js/8103.ec1b381a.js (119)
[0618/145514.337:INFO:CONSOLE:119] "console.groupEnd", source: https://fe-static.xhscdn.com/formula-static/ugc/public/resource/js/8103.ec1b381a.js (119)
[0618/145514.337:INFO:CONSOLE:119] "[apm] httpRequestTiming", source: https://fe-static.xhscdn.com/formula-static/ugc/public/resource/js/8103.ec1b381a.js (119)
[0618/145514.337:INFO:CONSOLE:119] "console.groupEnd", source: https://fe-static.xhscdn.com/formula-static/ugc/public/resource/js/8103.ec1b381a.js (119)
[0618/145514.337:INFO:CONSOLE:119] "[apm] httpRequestTiming", source: https://fe-static.xhscdn.com/formula-static/ugc/public/resource/js/8103.ec1b381a.js (119)
[0618/145514.337:INFO:CONSOLE:119] "console.groupEnd", source: https://fe-static.xhscdn.com/formula-static/ugc/public/resource/js/8103.ec1b381a.js (119)
[0618/145515.123:INFO:CONSOLE:119] "[apm performance metric] paintTiming", source: https://fe-static.xhscdn.com/formula-static/ugc/public/resource/js/8103.ec1b381a.js (119)
[0618/145515.123:INFO:CONSOLE:119] "console.groupEnd", source: https://fe-static.xhscdn.com/formula-static/ugc/public/resource/js/8103.ec1b381a.js (119)
[0618/145515.805:INFO:CONSOLE:119] "[apm] sns_web_publish_new_bootstrap", source: https://fe-static.xhscdn.com/formula-static/ugc/public/resource/js/8103.ec1b381a.js (119)
[0618/145515.805:INFO:CONSOLE:119] "console.groupEnd", source: https://fe-static.xhscdn.com/formula-static/ugc/public/resource/js/8103.ec1b381a.js (119)
[0618/145515.805:INFO:CONSOLE:119] "[apm] sns_web_publish_perf", source: https://fe-static.xhscdn.com/formula-static/ugc/public/resource/js/8103.ec1b381a.js (119)
[0618/145515.805:INFO:CONSOLE:119] "console.groupEnd", source: https://fe-static.xhscdn.com/formula-static/ugc/public/resource/js/8103.ec1b381a.js (119)
[0618/145515.805:INFO:CONSOLE:119] "[apm] sns_web_publish_upload_image", source: https://fe-static.xhscdn.com/formula-static/ugc/public/resource/js/8103.ec1b381a.js (119)
[0618/145515.805:INFO:CONSOLE:119] "console.groupEnd", source: https://fe-static.xhscdn.com/formula-static/ugc/public/resource/js/8103.ec1b381a.js (119)
[0618/145515.805:INFO:CONSOLE:119] "[apm] sns_web_publish_upload_image", source: https://fe-static.xhscdn.com/formula-static/ugc/public/resource/js/8103.ec1b381a.js (119)
[0618/145515.805:INFO:CONSOLE:119] "console.groupEnd", source: https://fe-static.xhscdn.com/formula-static/ugc/public/resource/js/8103.ec1b381a.js (119)
[0618/145515.805:INFO:CONSOLE:119] "[apm] sns_web_draft_point", source: https://fe-static.xhscdn.com/formula-static/ugc/public/resource/js/8103.ec1b381a.js (119)
[0618/145515.805:INFO:CONSOLE:119] "console.groupEnd", source: https://fe-static.xhscdn.com/formula-static/ugc/public/resource/js/8103.ec1b381a.js (119)
[0618/145517.943:INFO:CONSOLE:3] "Error", source:  (3)
[0618/145521.306:INFO:CONSOLE:119] "[apm] httpRequestTiming", source: https://fe-static.xhscdn.com/formula-static/ugc/public/resource/js/8103.ec1b381a.js (119)
[0618/145521.306:INFO:CONSOLE:119] "console.groupEnd", source: https://fe-static.xhscdn.com/formula-static/ugc/public/resource/js/8103.ec1b381a.js (119)
[0618/145521.306:INFO:CONSOLE:119] "[apm] httpRequestTiming", source: https://fe-static.xhscdn.com/formula-static/ugc/public/resource/js/8103.ec1b381a.js (119)
[0618/145521.306:INFO:CONSOLE:119] "console.groupEnd", source: https://fe-static.xhscdn.com/formula-static/ugc/public/resource/js/8103.ec1b381a.js (119)
[0618/145523.235:INFO:CONSOLE:3] "Error", source:  (3)
[0618/145523.782:INFO:CONSOLE:119] "[apm] sns_web_publish_upload_image", source: https://fe-static.xhscdn.com/formula-static/ugc/public/resource/js/8103.ec1b381a.js (119)
[0618/145523.782:INFO:CONSOLE:119] "console.groupEnd", source: https://fe-static.xhscdn.com/formula-static/ugc/public/resource/js/8103.ec1b381a.js (119)
[0618/145523.782:INFO:CONSOLE:119] "[apm] sns_web_publish_upload_image", source: https://fe-static.xhscdn.com/formula-static/ugc/public/resource/js/8103.ec1b381a.js (119)
[0618/145523.782:INFO:CONSOLE:119] "console.groupEnd", source: https://fe-static.xhscdn.com/formula-static/ugc/public/resource/js/8103.ec1b381a.js (119)
[0618/145523.782:INFO:CONSOLE:119] "[apm] sns_web_publish_upload_image", source: https://fe-static.xhscdn.com/formula-static/ugc/public/resource/js/8103.ec1b381a.js (119)
[0618/145523.782:INFO:CONSOLE:119] "console.groupEnd", source: https://fe-static.xhscdn.com/formula-static/ugc/public/resource/js/8103.ec1b381a.js (119)
[0618/145523.782:INFO:CONSOLE:119] "[apm] sns_web_publish_upload_image", source: https://fe-static.xhscdn.com/formula-static/ugc/public/resource/js/8103.ec1b381a.js (119)
[0618/145523.782:INFO:CONSOLE:119] "console.groupEnd", source: https://fe-static.xhscdn.com/formula-static/ugc/public/resource/js/8103.ec1b381a.js (119)
[0618/145523.782:INFO:CONSOLE:119] "[apm] httpRequestTiming", source: https://fe-static.xhscdn.com/formula-static/ugc/public/resource/js/8103.ec1b381a.js (119)
[0618/145523.782:INFO:CONSOLE:119] "console.groupEnd", source: https://fe-static.xhscdn.com/formula-static/ugc/public/resource/js/8103.ec1b381a.js (119)
[0618/145525.615:INFO:CONSOLE:1] "实时竞速: 10052.615966796875 ms", source: https://fe-static.xhscdn.com/formula-static/ugc/public/resource/js/index.51912041.js (1)
[0618/145525.616:INFO:CONSOLE:3] "Error", source:  (3)
[0618/145526.065:INFO:CONSOLE:3] "Error", source:  (3)
[0618/145526.074:INFO:CONSOLE:3] "Error", source:  (3)
[0618/145526.082:INFO:CONSOLE:3] "Error", source:  (3)
[0618/145526.090:INFO:CONSOLE:1] "Error", source: https://fe-static.xhscdn.com/formula-static/ugc/public/resource/js/async/9936.c458759f.js (1)
[0618/145526.128:INFO:CONSOLE:1] "[object GeolocationPositionError]", source: https://fe-static.xhscdn.com/formula-static/ugc/public/resource/js/project-publish-vue.1428a0fb.js (1)
[0618/145526.130:INFO:CONSOLE:3] "Error", source:  (3)
[0618/145526.785:INFO:CONSOLE:119] "[apm] httpRequestTiming", source: https://fe-static.xhscdn.com/formula-static/ugc/public/resource/js/8103.ec1b381a.js (119)
[0618/145526.785:INFO:CONSOLE:119] "console.groupEnd", source: https://fe-static.xhscdn.com/formula-static/ugc/public/resource/js/8103.ec1b381a.js (119)
[0618/145526.785:INFO:CONSOLE:119] "[apm] sns_web_draft_point", source: https://fe-static.xhscdn.com/formula-static/ugc/public/resource/js/8103.ec1b381a.js (119)
[0618/145526.785:INFO:CONSOLE:119] "console.groupEnd", source: https://fe-static.xhscdn.com/formula-static/ugc/public/resource/js/8103.ec1b381a.js (119)
[0618/145526.785:INFO:CONSOLE:119] "[apm] httpRequestTiming", source: https://fe-static.xhscdn.com/formula-static/ugc/public/resource/js/8103.ec1b381a.js (119)
[0618/145526.785:INFO:CONSOLE:119] "console.groupEnd", source: https://fe-static.xhscdn.com/formula-static/ugc/public/resource/js/8103.ec1b381a.js (119)
[0618/145526.785:INFO:CONSOLE:119] "[apm] sns_web_publish_publish", source: https://fe-static.xhscdn.com/formula-static/ugc/public/resource/js/8103.ec1b381a.js (119)
[0618/145526.785:INFO:CONSOLE:119] "console.groupEnd", source: https://fe-static.xhscdn.com/formula-static/ugc/public/resource/js/8103.ec1b381a.js (119)
[0618/145526.785:INFO:CONSOLE:119] "[apm] sns_web_publish_upload_image", source: https://fe-static.xhscdn.com/formula-static/ugc/public/resource/js/8103.ec1b381a.js (119)
[0618/145526.785:INFO:CONSOLE:119] "console.groupEnd", source: https://fe-static.xhscdn.com/formula-static/ugc/public/resource/js/8103.ec1b381a.js (119)
[0618/145527.406:INFO:CONSOLE:119] "[apm] httpRequestTiming", source: https://fe-static.xhscdn.com/formula-static/ugc/public/resource/js/8103.ec1b381a.js (119)
[0618/145527.406:INFO:CONSOLE:119] "console.groupEnd", source: https://fe-static.xhscdn.com/formula-static/ugc/public/resource/js/8103.ec1b381a.js (119)
[0618/145527.406:INFO:CONSOLE:119] "[apm] httpRequestTiming", source: https://fe-static.xhscdn.com/formula-static/ugc/public/resource/js/8103.ec1b381a.js (119)
[0618/145527.406:INFO:CONSOLE:119] "console.groupEnd", source: https://fe-static.xhscdn.com/formula-static/ugc/public/resource/js/8103.ec1b381a.js (119)
[0618/145527.406:INFO:CONSOLE:119] "[apm] httpRequestTiming", source: https://fe-static.xhscdn.com/formula-static/ugc/public/resource/js/8103.ec1b381a.js (119)
[0618/145527.406:INFO:CONSOLE:119] "console.groupEnd", source: https://fe-static.xhscdn.com/formula-static/ugc/public/resource/js/8103.ec1b381a.js (119)
[0618/145527.406:INFO:CONSOLE:119] "[apm] httpRequestTiming", source: https://fe-static.xhscdn.com/formula-static/ugc/public/resource/js/8103.ec1b381a.js (119)
[0618/145527.406:INFO:CONSOLE:119] "console.groupEnd", source: https://fe-static.xhscdn.com/formula-static/ugc/public/resource/js/8103.ec1b381a.js (119)
[0618/145527.406:INFO:CONSOLE:119] "[apm] sns_web_publish_upload_image", source: https://fe-static.xhscdn.com/formula-static/ugc/public/resource/js/8103.ec1b381a.js (119)
[0618/145527.406:INFO:CONSOLE:119] "console.groupEnd", source: https://fe-static.xhscdn.com/formula-static/ugc/public/resource/js/8103.ec1b381a.js (119)
[0618/145527.871:INFO:CONSOLE:119] "[apm] sns_web_publish_upload_image", source: https://fe-static.xhscdn.com/formula-static/ugc/public/resource/js/8103.ec1b381a.js (119)
[0618/145527.871:INFO:CONSOLE:119] "console.groupEnd", source: https://fe-static.xhscdn.com/formula-static/ugc/public/resource/js/8103.ec1b381a.js (119)
[0618/145527.871:INFO:CONSOLE:119] "[apm] sns_web_publish_upload_image", source: https://fe-static.xhscdn.com/formula-static/ugc/public/resource/js/8103.ec1b381a.js (119)
[0618/145527.871:INFO:CONSOLE:119] "console.groupEnd", source: https://fe-static.xhscdn.com/formula-static/ugc/public/resource/js/8103.ec1b381a.js (119)
[0618/145527.871:INFO:CONSOLE:119] "[apm] sns_web_publish_upload_image", source: https://fe-static.xhscdn.com/formula-static/ugc/public/resource/js/8103.ec1b381a.js (119)
[0618/145527.871:INFO:CONSOLE:119] "console.groupEnd", source: https://fe-static.xhscdn.com/formula-static/ugc/public/resource/js/8103.ec1b381a.js (119)
[0618/145527.871:INFO:CONSOLE:119] "[apm] httpRequestTiming", source: https://fe-static.xhscdn.com/formula-static/ugc/public/resource/js/8103.ec1b381a.js (119)
[0618/145527.871:INFO:CONSOLE:119] "console.groupEnd", source: https://fe-static.xhscdn.com/formula-static/ugc/public/resource/js/8103.ec1b381a.js (119)
[0618/145527.871:INFO:CONSOLE:119] "[apm] httpRequestTiming", source: https://fe-static.xhscdn.com/formula-static/ugc/public/resource/js/8103.ec1b381a.js (119)
[0618/145527.871:INFO:CONSOLE:119] "console.groupEnd", source: https://fe-static.xhscdn.com/formula-static/ugc/public/resource/js/8103.ec1b381a.js (119)
[0618/145531.852:INFO:CONSOLE:3] "Error", source:  (3)
[0618/145532.400:INFO:CONSOLE:3] "Error", source:  (3)
[0618/145533.029:INFO:CONSOLE:119] "[apm] sns_web_publish_upload_image", source: https://fe-static.xhscdn.com/formula-static/ugc/public/resource/js/8103.ec1b381a.js (119)
[0618/145533.029:INFO:CONSOLE:119] "console.groupEnd", source: https://fe-static.xhscdn.com/formula-static/ugc/public/resource/js/8103.ec1b381a.js (119)
[0618/145533.030:INFO:CONSOLE:119] "[apm] sns_web_publish_upload_speed", source: https://fe-static.xhscdn.com/formula-static/ugc/public/resource/js/8103.ec1b381a.js (119)
[0618/145533.030:INFO:CONSOLE:119] "console.groupEnd", source: https://fe-static.xhscdn.com/formula-static/ugc/public/resource/js/8103.ec1b381a.js (119)
[0618/145533.030:INFO:CONSOLE:119] "[apm] sns_web_publish_lcp", source: https://fe-static.xhscdn.com/formula-static/ugc/public/resource/js/8103.ec1b381a.js (119)
[0618/145533.030:INFO:CONSOLE:119] "console.groupEnd", source: https://fe-static.xhscdn.com/formula-static/ugc/public/resource/js/8103.ec1b381a.js (119)
[0618/145533.030:INFO:CONSOLE:119] "[apm] httpRequestTiming", source: https://fe-static.xhscdn.com/formula-static/ugc/public/resource/js/8103.ec1b381a.js (119)
[0618/145533.030:INFO:CONSOLE:119] "console.groupEnd", source: https://fe-static.xhscdn.com/formula-static/ugc/public/resource/js/8103.ec1b381a.js (119)
[0618/145533.030:INFO:CONSOLE:119] "[apm] httpRequestTiming", source: https://fe-static.xhscdn.com/formula-static/ugc/public/resource/js/8103.ec1b381a.js (119)
[0618/145533.030:INFO:CONSOLE:119] "console.groupEnd", source: https://fe-static.xhscdn.com/formula-static/ugc/public/resource/js/8103.ec1b381a.js (119)
[0618/145538.200:INFO:CONSOLE:119] "[apm] httpRequestTiming", source: https://fe-static.xhscdn.com/formula-static/ugc/public/resource/js/8103.ec1b381a.js (119)
[0618/145538.200:INFO:CONSOLE:119] "console.groupEnd", source: https://fe-static.xhscdn.com/formula-static/ugc/public/resource/js/8103.ec1b381a.js (119)
[0618/145538.200:INFO:CONSOLE:119] "[apm] sns_web_publish_upload_image", source: https://fe-static.xhscdn.com/formula-static/ugc/public/resource/js/8103.ec1b381a.js (119)
[0618/145538.200:INFO:CONSOLE:119] "console.groupEnd", source: https://fe-static.xhscdn.com/formula-static/ugc/public/resource/js/8103.ec1b381a.js (119)
[0618/145538.200:INFO:CONSOLE:119] "[apm] sns_web_publish_upload_speed", source: https://fe-static.xhscdn.com/formula-static/ugc/public/resource/js/8103.ec1b381a.js (119)
[0618/145538.200:INFO:CONSOLE:119] "console.groupEnd", source: https://fe-static.xhscdn.com/formula-static/ugc/public/resource/js/8103.ec1b381a.js (119)
